###############################################################################
#
# IAR ELF Linker V9.40.1.364/W64 for ARM                  20/Jul/2026  13:13:38
# Copyright 2007-2023 IAR Systems AB.
#
#    Output file  =
#        E:\CYT4BB7_Library-master\CYT4BB7_Library-master\Seekfree_CYT4BB_Opensource_Library\project\iar\project_config\Debug_m7_0\Exe\cyt4bb7_cm_7_0.out
#    Map file     =
#        E:\CYT4BB7_Library-master\CYT4BB7_Library-master\Seekfree_CYT4BB_Opensource_Library\project\iar\Debug_m7_0\List\cyt4bb7_cm_7_0.map
#    Command line =
#        -f
#        E:\CYT4BB7_Library-master\CYT4BB7_Library-master\Seekfree_CYT4BB_Opensource_Library\project\iar\project_config\Debug_m7_0\Exe\cyt4bb7_cm_7_0.out.rsp
#        (E:\CYT4BB7_Library-master\CYT4BB7_Library-master\Seekfree_CYT4BB_Opensource_Library\project\iar\Debug_m7_0\Obj\code_17896468042025673432.dir\alt_ctrl.o
#        E:\CYT4BB7_Library-master\CYT4BB7_Library-master\Seekfree_CYT4BB_Opensource_Library\project\iar\Debug_m7_0\Obj\code_17896468042025673432.dir\att_ctrl.o
#        E:\CYT4BB7_Library-master\CYT4BB7_Library-master\Seekfree_CYT4BB_Opensource_Library\project\iar\Debug_m7_0\Obj\code_17896468042025673432.dir\attitude_history.o
#        E:\CYT4BB7_Library-master\CYT4BB7_Library-master\Seekfree_CYT4BB_Opensource_Library\project\iar\Debug_m7_0\Obj\code_17896468042025673432.dir\beacon.o
#        E:\CYT4BB7_Library-master\CYT4BB7_Library-master\Seekfree_CYT4BB_Opensource_Library\project\iar\Debug_m7_0\Obj\user_8514941877209965082.dir\cm7_0_isr.o
#        E:\CYT4BB7_Library-master\CYT4BB7_Library-master\Seekfree_CYT4BB_Opensource_Library\project\iar\Debug_m7_0\Obj\code_17896468042025673432.dir\ctrl_common.o
#        E:\CYT4BB7_Library-master\CYT4BB7_Library-master\Seekfree_CYT4BB_Opensource_Library\project\iar\Debug_m7_0\Obj\adc_11722776235721520015.dir\cy_adc.o
#        E:\CYT4BB7_Library-master\CYT4BB7_Library-master\Seekfree_CYT4BB_Opensource_Library\project\iar\Debug_m7_0\Obj\button_4990804375159372270.dir\cy_button.o
#        E:\CYT4BB7_Library-master\CYT4BB7_Library-master\Seekfree_CYT4BB_Opensource_Library\project\iar\Debug_m7_0\Obj\canfd_1800690984773873875.dir\cy_canfd.o
#        E:\CYT4BB7_Library-master\CYT4BB7_Library-master\Seekfree_CYT4BB_Opensource_Library\project\iar\Debug_m7_0\Obj\cpu_15938736945165268644.dir\cy_cpu.o
#        E:\CYT4BB7_Library-master\CYT4BB7_Library-master\Seekfree_CYT4BB_Opensource_Library\project\iar\Debug_m7_0\Obj\crypto_1190170608956581615.dir\cy_crypto_config.o
#        E:\CYT4BB7_Library-master\CYT4BB7_Library-master\Seekfree_CYT4BB_Opensource_Library\project\iar\Debug_m7_0\Obj\eth_phy_18133017486186456677.dir\cy_dp83867.o
#        E:\CYT4BB7_Library-master\CYT4BB7_Library-master\Seekfree_CYT4BB_Opensource_Library\project\iar\Debug_m7_0\Obj\ethernet_6029839089178797009.dir\cy_ethif.o
#        E:\CYT4BB7_Library-master\CYT4BB7_Library-master\Seekfree_CYT4BB_Opensource_Library\project\iar\Debug_m7_0\Obj\evtgen_3404189088603873129.dir\cy_evtgen.o
#        E:\CYT4BB7_Library-master\CYT4BB7_Library-master\Seekfree_CYT4BB_Opensource_Library\project\iar\Debug_m7_0\Obj\flash_8529866181315662935.dir\cy_flash.o
#        E:\CYT4BB7_Library-master\CYT4BB7_Library-master\Seekfree_CYT4BB_Opensource_Library\project\iar\Debug_m7_0\Obj\gpio_3999404635324069351.dir\cy_gpio.o
#        E:\CYT4BB7_Library-master\CYT4BB7_Library-master\Seekfree_CYT4BB_Opensource_Library\project\iar\Debug_m7_0\Obj\audioss_1346650047966882938.dir\cy_i2s.o
#        E:\CYT4BB7_Library-master\CYT4BB7_Library-master\Seekfree_CYT4BB_Opensource_Library\project\iar\Debug_m7_0\Obj\rev_b_6162237342861132223.dir\cy_interrupt_map.o
#        E:\CYT4BB7_Library-master\CYT4BB7_Library-master\Seekfree_CYT4BB_Opensource_Library\project\iar\Debug_m7_0\Obj\ipc_10145506163450686023.dir\cy_ipc_drv.o
#        E:\CYT4BB7_Library-master\CYT4BB7_Library-master\Seekfree_CYT4BB_Opensource_Library\project\iar\Debug_m7_0\Obj\ipc_10145506163450686023.dir\cy_ipc_pipe.o
#        E:\CYT4BB7_Library-master\CYT4BB7_Library-master\Seekfree_CYT4BB_Opensource_Library\project\iar\Debug_m7_0\Obj\ipc_10145506163450686023.dir\cy_ipc_sema.o
#        E:\CYT4BB7_Library-master\CYT4BB7_Library-master\Seekfree_CYT4BB_Opensource_Library\project\iar\Debug_m7_0\Obj\lin_18429031207028094880.dir\cy_lin.o
#        E:\CYT4BB7_Library-master\CYT4BB7_Library-master\Seekfree_CYT4BB_Opensource_Library\project\iar\Debug_m7_0\Obj\lvd_6353935867039560245.dir\cy_lvd.o
#        E:\CYT4BB7_Library-master\CYT4BB7_Library-master\Seekfree_CYT4BB_Opensource_Library\project\iar\Debug_m7_0\Obj\mcwdt_4052485907822033969.dir\cy_mcwdt.o
#        E:\CYT4BB7_Library-master\CYT4BB7_Library-master\Seekfree_CYT4BB_Opensource_Library\project\iar\Debug_m7_0\Obj\dma_12106025507578611576.dir\cy_mdma.o
#        E:\CYT4BB7_Library-master\CYT4BB7_Library-master\Seekfree_CYT4BB_Opensource_Library\project\iar\Debug_m7_0\Obj\mpu_5663187252346826382.dir\cy_mpu.o
#        E:\CYT4BB7_Library-master\CYT4BB7_Library-master\Seekfree_CYT4BB_Opensource_Library\project\iar\Debug_m7_0\Obj\flash_864493325053435817.dir\cy_mw_flash.o
#        E:\CYT4BB7_Library-master\CYT4BB7_Library-master\Seekfree_CYT4BB_Opensource_Library\project\iar\Debug_m7_0\Obj\dma_12106025507578611576.dir\cy_pdma.o
#        E:\CYT4BB7_Library-master\CYT4BB7_Library-master\Seekfree_CYT4BB_Opensource_Library\project\iar\Debug_m7_0\Obj\power_14453085144426420577.dir\cy_power.o
#        E:\CYT4BB7_Library-master\CYT4BB7_Library-master\Seekfree_CYT4BB_Opensource_Library\project\iar\Debug_m7_0\Obj\prot_10722960861768657883.dir\cy_prot.o
#        E:\CYT4BB7_Library-master\CYT4BB7_Library-master\Seekfree_CYT4BB_Opensource_Library\project\iar\Debug_m7_0\Obj\scb_15490842639181808494.dir\cy_scb_common.o
#        E:\CYT4BB7_Library-master\CYT4BB7_Library-master\Seekfree_CYT4BB_Opensource_Library\project\iar\Debug_m7_0\Obj\scb_15490842639181808494.dir\cy_scb_ezi2c.o
#        E:\CYT4BB7_Library-master\CYT4BB7_Library-master\Seekfree_CYT4BB_Opensource_Library\project\iar\Debug_m7_0\Obj\scb_15490842639181808494.dir\cy_scb_i2c.o
#        E:\CYT4BB7_Library-master\CYT4BB7_Library-master\Seekfree_CYT4BB_Opensource_Library\project\iar\Debug_m7_0\Obj\scb_15490842639181808494.dir\cy_scb_spi.o
#        E:\CYT4BB7_Library-master\CYT4BB7_Library-master\Seekfree_CYT4BB_Opensource_Library\project\iar\Debug_m7_0\Obj\scb_15490842639181808494.dir\cy_scb_uart.o
#        E:\CYT4BB7_Library-master\CYT4BB7_Library-master\Seekfree_CYT4BB_Opensource_Library\project\iar\Debug_m7_0\Obj\sd_host_2982766354293506895.dir\cy_sd_host.o
#        E:\CYT4BB7_Library-master\CYT4BB7_Library-master\Seekfree_CYT4BB_Opensource_Library\project\iar\Debug_m7_0\Obj\semihosting_143864889731838620.dir\cy_semihosting.o
#        E:\CYT4BB7_Library-master\CYT4BB7_Library-master\Seekfree_CYT4BB_Opensource_Library\project\iar\Debug_m7_0\Obj\smartio_5451710003740070188.dir\cy_smartio.o
#        E:\CYT4BB7_Library-master\CYT4BB7_Library-master\Seekfree_CYT4BB_Opensource_Library\project\iar\Debug_m7_0\Obj\smif_427648126384146252.dir\cy_smif.o
#        E:\CYT4BB7_Library-master\CYT4BB7_Library-master\Seekfree_CYT4BB_Opensource_Library\project\iar\Debug_m7_0\Obj\smif_mem_6470536964353725183.dir\cy_smif_device_common.o
#        E:\CYT4BB7_Library-master\CYT4BB7_Library-master\Seekfree_CYT4BB_Opensource_Library\project\iar\Debug_m7_0\Obj\smif_mem_6470536964353725183.dir\cy_smif_hb_flash.o
#        E:\CYT4BB7_Library-master\CYT4BB7_Library-master\Seekfree_CYT4BB_Opensource_Library\project\iar\Debug_m7_0\Obj\smif_427648126384146252.dir\cy_smif_memslot.o
#        E:\CYT4BB7_Library-master\CYT4BB7_Library-master\Seekfree_CYT4BB_Opensource_Library\project\iar\Debug_m7_0\Obj\smif_mem_6470536964353725183.dir\cy_smif_s25fl.o
#        E:\CYT4BB7_Library-master\CYT4BB7_Library-master\Seekfree_CYT4BB_Opensource_Library\project\iar\Debug_m7_0\Obj\smif_mem_6470536964353725183.dir\cy_smif_s25fs.o
#        E:\CYT4BB7_Library-master\CYT4BB7_Library-master\Seekfree_CYT4BB_Opensource_Library\project\iar\Debug_m7_0\Obj\smif_mem_6470536964353725183.dir\cy_smif_semp.o
#        E:\CYT4BB7_Library-master\CYT4BB7_Library-master\Seekfree_CYT4BB_Opensource_Library\project\iar\Debug_m7_0\Obj\smif_427648126384146252.dir\cy_smif_ver_specific.o
#        E:\CYT4BB7_Library-master\CYT4BB7_Library-master\Seekfree_CYT4BB_Opensource_Library\project\iar\Debug_m7_0\Obj\srom_13018798572330080582.dir\cy_srom.o
#        E:\CYT4BB7_Library-master\CYT4BB7_Library-master\Seekfree_CYT4BB_Opensource_Library\project\iar\Debug_m7_0\Obj\sw_timer_4215635015939382130.dir\cy_sw_tmr.o
#        E:\CYT4BB7_Library-master\CYT4BB7_Library-master\Seekfree_CYT4BB_Opensource_Library\project\iar\Debug_m7_0\Obj\sysclk_16149231235676103872.dir\cy_sysclk.o
#        E:\CYT4BB7_Library-master\CYT4BB7_Library-master\Seekfree_CYT4BB_Opensource_Library\project\iar\Debug_m7_0\Obj\sysflt_12293435975120599261.dir\cy_sysflt.o
#        E:\CYT4BB7_Library-master\CYT4BB7_Library-master\Seekfree_CYT4BB_Opensource_Library\project\iar\Debug_m7_0\Obj\sysint_7435970359207984181.dir\cy_sysint.o
#        E:\CYT4BB7_Library-master\CYT4BB7_Library-master\Seekfree_CYT4BB_Opensource_Library\project\iar\Debug_m7_0\Obj\syslib_16330585751512546975.dir\cy_syslib.o
#        E:\CYT4BB7_Library-master\CYT4BB7_Library-master\Seekfree_CYT4BB_Opensource_Library\project\iar\Debug_m7_0\Obj\syslib_16330585751512546975.dir\cy_syslib_iar.o
#        E:\CYT4BB7_Library-master\CYT4BB7_Library-master\Seekfree_CYT4BB_Opensource_Library\project\iar\Debug_m7_0\Obj\syspm_10887939769544754770.dir\cy_syspm.o
#        E:\CYT4BB7_Library-master\CYT4BB7_Library-master\Seekfree_CYT4BB_Opensource_Library\project\iar\Debug_m7_0\Obj\sysreghc_17676636058511625587.dir\cy_sysreghc.o
#        E:\CYT4BB7_Library-master\CYT4BB7_Library-master\Seekfree_CYT4BB_Opensource_Library\project\iar\Debug_m7_0\Obj\sysreset_14586141425677365288.dir\cy_sysreset.o
#        E:\CYT4BB7_Library-master\CYT4BB7_Library-master\Seekfree_CYT4BB_Opensource_Library\project\iar\Debug_m7_0\Obj\sysrtc_10747768817563771611.dir\cy_sysrtc.o
#        E:\CYT4BB7_Library-master\CYT4BB7_Library-master\Seekfree_CYT4BB_Opensource_Library\project\iar\Debug_m7_0\Obj\systick_16016591671695740695.dir\cy_systick.o
#        E:\CYT4BB7_Library-master\CYT4BB7_Library-master\Seekfree_CYT4BB_Opensource_Library\project\iar\Debug_m7_0\Obj\syswdt_9118657615806274156.dir\cy_syswdt.o
#        E:\CYT4BB7_Library-master\CYT4BB7_Library-master\Seekfree_CYT4BB_Opensource_Library\project\iar\Debug_m7_0\Obj\tcpwm_422923530147891246.dir\cy_tcpwm.o
#        E:\CYT4BB7_Library-master\CYT4BB7_Library-master\Seekfree_CYT4BB_Opensource_Library\project\iar\Debug_m7_0\Obj\tcpwm_422923530147891246.dir\cy_tcpwm_counter.o
#        E:\CYT4BB7_Library-master\CYT4BB7_Library-master\Seekfree_CYT4BB_Opensource_Library\project\iar\Debug_m7_0\Obj\tcpwm_422923530147891246.dir\cy_tcpwm_pwm.o
#        E:\CYT4BB7_Library-master\CYT4BB7_Library-master\Seekfree_CYT4BB_Opensource_Library\project\iar\Debug_m7_0\Obj\tcpwm_422923530147891246.dir\cy_tcpwm_quaddec.o
#        E:\CYT4BB7_Library-master\CYT4BB7_Library-master\Seekfree_CYT4BB_Opensource_Library\project\iar\Debug_m7_0\Obj\tcpwm_422923530147891246.dir\cy_tcpwm_sr.o
#        E:\CYT4BB7_Library-master\CYT4BB7_Library-master\Seekfree_CYT4BB_Opensource_Library\project\iar\Debug_m7_0\Obj\trigmux_9729677290734583340.dir\cy_trigmux.o
#        E:\CYT4BB7_Library-master\CYT4BB7_Library-master\Seekfree_CYT4BB_Opensource_Library\project\iar\Debug_m7_0\Obj\code_17896468042025673432.dir\debug.o
#        E:\CYT4BB7_Library-master\CYT4BB7_Library-master\Seekfree_CYT4BB_Opensource_Library\project\iar\Debug_m7_0\Obj\ethernet_6029839089178797009.dir\edd.o
#        E:\CYT4BB7_Library-master\CYT4BB7_Library-master\Seekfree_CYT4BB_Opensource_Library\project\iar\Debug_m7_0\Obj\ethernet_6029839089178797009.dir\edd_rx.o
#        E:\CYT4BB7_Library-master\CYT4BB7_Library-master\Seekfree_CYT4BB_Opensource_Library\project\iar\Debug_m7_0\Obj\ethernet_6029839089178797009.dir\edd_tx.o
#        E:\CYT4BB7_Library-master\CYT4BB7_Library-master\Seekfree_CYT4BB_Opensource_Library\project\iar\Debug_m7_0\Obj\code_17896468042025673432.dir\ekf_lite.o
#        E:\CYT4BB7_Library-master\CYT4BB7_Library-master\Seekfree_CYT4BB_Opensource_Library\project\iar\Debug_m7_0\Obj\code_17896468042025673432.dir\fisheye_lut.o
#        E:\CYT4BB7_Library-master\CYT4BB7_Library-master\Seekfree_CYT4BB_Opensource_Library\project\iar\Debug_m7_0\Obj\code_17896468042025673432.dir\flow.o
#        E:\CYT4BB7_Library-master\CYT4BB7_Library-master\Seekfree_CYT4BB_Opensource_Library\project\iar\Debug_m7_0\Obj\code_17896468042025673432.dir\fly_ctrl.o
#        E:\CYT4BB7_Library-master\CYT4BB7_Library-master\Seekfree_CYT4BB_Opensource_Library\project\iar\Debug_m7_0\Obj\code_17896468042025673432.dir\height_log.o
#        E:\CYT4BB7_Library-master\CYT4BB7_Library-master\Seekfree_CYT4BB_Opensource_Library\project\iar\Debug_m7_0\Obj\code_17896468042025673432.dir\icm42688.o
#        E:\CYT4BB7_Library-master\CYT4BB7_Library-master\Seekfree_CYT4BB_Opensource_Library\project\iar\Debug_m7_0\Obj\code_17896468042025673432.dir\image.o
#        E:\CYT4BB7_Library-master\CYT4BB7_Library-master\Seekfree_CYT4BB_Opensource_Library\project\iar\Debug_m7_0\Obj\code_17896468042025673432.dir\imu.o
#        E:\CYT4BB7_Library-master\CYT4BB7_Library-master\Seekfree_CYT4BB_Opensource_Library\project\iar\Debug_m7_0\Obj\code_17896468042025673432.dir\lc302.o
#        E:\CYT4BB7_Library-master\CYT4BB7_Library-master\Seekfree_CYT4BB_Opensource_Library\project\iar\Debug_m7_0\Obj\code_17896468042025673432.dir\loc_ctrl.o
#        E:\CYT4BB7_Library-master\CYT4BB7_Library-master\Seekfree_CYT4BB_Opensource_Library\project\iar\Debug_m7_0\Obj\code_17896468042025673432.dir\loc_log.o
#        E:\CYT4BB7_Library-master\CYT4BB7_Library-master\Seekfree_CYT4BB_Opensource_Library\project\iar\Debug_m7_0\Obj\user_8514941877209965082.dir\main_cm7_0.o
#        E:\CYT4BB7_Library-master\CYT4BB7_Library-master\Seekfree_CYT4BB_Opensource_Library\project\iar\Debug_m7_0\Obj\code_17896468042025673432.dir\mcar_comm.o
#        E:\CYT4BB7_Library-master\CYT4BB7_Library-master\Seekfree_CYT4BB_Opensource_Library\project\iar\Debug_m7_0\Obj\code_17896468042025673432.dir\mcar_guidance.o
#        E:\CYT4BB7_Library-master\CYT4BB7_Library-master\Seekfree_CYT4BB_Opensource_Library\project\iar\Debug_m7_0\Obj\code_17896468042025673432.dir\param.o
#        E:\CYT4BB7_Library-master\CYT4BB7_Library-master\Seekfree_CYT4BB_Opensource_Library\project\iar\Debug_m7_0\Obj\code_17896468042025673432.dir\PID.o
#        E:\CYT4BB7_Library-master\CYT4BB7_Library-master\Seekfree_CYT4BB_Opensource_Library\project\iar\Debug_m7_0\Obj\code_17896468042025673432.dir\pid_menu.o
#        E:\CYT4BB7_Library-master\CYT4BB7_Library-master\Seekfree_CYT4BB_Opensource_Library\project\iar\Debug_m7_0\Obj\code_17896468042025673432.dir\remote_ctrl.o
#        E:\CYT4BB7_Library-master\CYT4BB7_Library-master\Seekfree_CYT4BB_Opensource_Library\project\iar\Debug_m7_0\Obj\zf_components_14936052685886095442.dir\seekfree_assistant.o
#        E:\CYT4BB7_Library-master\CYT4BB7_Library-master\Seekfree_CYT4BB_Opensource_Library\project\iar\Debug_m7_0\Obj\zf_components_14936052685886095442.dir\seekfree_assistant_interface.o
#        E:\CYT4BB7_Library-master\CYT4BB7_Library-master\Seekfree_CYT4BB_Opensource_Library\project\iar\Debug_m7_0\Obj\code_17896468042025673432.dir\small_driver_uart_control.o
#        E:\CYT4BB7_Library-master\CYT4BB7_Library-master\Seekfree_CYT4BB_Opensource_Library\project\iar\Debug_m7_0\Obj\startup_479057977785470282.dir\startup.o
#        E:\CYT4BB7_Library-master\CYT4BB7_Library-master\Seekfree_CYT4BB_Opensource_Library\project\iar\Debug_m7_0\Obj\startup_479057977785470282.dir\startup_cm7.o
#        "E:\CYT4BB7_Library-master\CYT4BB7_Library-master\Seekfree_CYT4BB_Opensource_Library\project\iar\Debug_m7_0\Obj\code_17896468042025673432.dir\system
#        .o"
#        E:\CYT4BB7_Library-master\CYT4BB7_Library-master\Seekfree_CYT4BB_Opensource_Library\project\iar\Debug_m7_0\Obj\rev_b_4986922561640112550.dir\system_tviibh4m_cm7.o
#        E:\CYT4BB7_Library-master\CYT4BB7_Library-master\Seekfree_CYT4BB_Opensource_Library\project\iar\Debug_m7_0\Obj\code_17896468042025673432.dir\tof.o
#        E:\CYT4BB7_Library-master\CYT4BB7_Library-master\Seekfree_CYT4BB_Opensource_Library\project\iar\Debug_m7_0\Obj\code_17896468042025673432.dir\vision_nav.o
#        E:\CYT4BB7_Library-master\CYT4BB7_Library-master\Seekfree_CYT4BB_Opensource_Library\project\iar\Debug_m7_0\Obj\code_17896468042025673432.dir\vision_shared.o
#        E:\CYT4BB7_Library-master\CYT4BB7_Library-master\Seekfree_CYT4BB_Opensource_Library\project\iar\Debug_m7_0\Obj\vl53l8_16729951325710449878.dir\vl53l8_if.o
#        E:\CYT4BB7_Library-master\CYT4BB7_Library-master\Seekfree_CYT4BB_Opensource_Library\project\iar\Debug_m7_0\Obj\vl53l8_16729951325710449878.dir\vl53l8_platform.o
#        E:\CYT4BB7_Library-master\CYT4BB7_Library-master\Seekfree_CYT4BB_Opensource_Library\project\iar\Debug_m7_0\Obj\vl53l8_16729951325710449878.dir\vl53lmz_api.o
#        E:\CYT4BB7_Library-master\CYT4BB7_Library-master\Seekfree_CYT4BB_Opensource_Library\project\iar\Debug_m7_0\Obj\zf_common_1201165462030747823.dir\zf_common_clock.o
#        E:\CYT4BB7_Library-master\CYT4BB7_Library-master\Seekfree_CYT4BB_Opensource_Library\project\iar\Debug_m7_0\Obj\zf_common_1201165462030747823.dir\zf_common_debug.o
#        E:\CYT4BB7_Library-master\CYT4BB7_Library-master\Seekfree_CYT4BB_Opensource_Library\project\iar\Debug_m7_0\Obj\zf_common_1201165462030747823.dir\zf_common_fifo.o
#        E:\CYT4BB7_Library-master\CYT4BB7_Library-master\Seekfree_CYT4BB_Opensource_Library\project\iar\Debug_m7_0\Obj\zf_common_1201165462030747823.dir\zf_common_font.o
#        E:\CYT4BB7_Library-master\CYT4BB7_Library-master\Seekfree_CYT4BB_Opensource_Library\project\iar\Debug_m7_0\Obj\zf_common_1201165462030747823.dir\zf_common_function.o
#        E:\CYT4BB7_Library-master\CYT4BB7_Library-master\Seekfree_CYT4BB_Opensource_Library\project\iar\Debug_m7_0\Obj\zf_common_1201165462030747823.dir\zf_common_interrupt.o
#        E:\CYT4BB7_Library-master\CYT4BB7_Library-master\Seekfree_CYT4BB_Opensource_Library\project\iar\Debug_m7_0\Obj\zf_device_6570275422786408770.dir\zf_device_ble6a20.o
#        E:\CYT4BB7_Library-master\CYT4BB7_Library-master\Seekfree_CYT4BB_Opensource_Library\project\iar\Debug_m7_0\Obj\zf_device_6570275422786408770.dir\zf_device_dl1a.o
#        E:\CYT4BB7_Library-master\CYT4BB7_Library-master\Seekfree_CYT4BB_Opensource_Library\project\iar\Debug_m7_0\Obj\zf_device_6570275422786408770.dir\zf_device_dl1b.o
#        E:\CYT4BB7_Library-master\CYT4BB7_Library-master\Seekfree_CYT4BB_Opensource_Library\project\iar\Debug_m7_0\Obj\zf_device_6570275422786408770.dir\zf_device_gnss.o
#        E:\CYT4BB7_Library-master\CYT4BB7_Library-master\Seekfree_CYT4BB_Opensource_Library\project\iar\Debug_m7_0\Obj\zf_device_6570275422786408770.dir\zf_device_icm20602.o
#        E:\CYT4BB7_Library-master\CYT4BB7_Library-master\Seekfree_CYT4BB_Opensource_Library\project\iar\Debug_m7_0\Obj\zf_device_6570275422786408770.dir\zf_device_imu660ra.o
#        E:\CYT4BB7_Library-master\CYT4BB7_Library-master\Seekfree_CYT4BB_Opensource_Library\project\iar\Debug_m7_0\Obj\zf_device_6570275422786408770.dir\zf_device_imu660rb.o
#        E:\CYT4BB7_Library-master\CYT4BB7_Library-master\Seekfree_CYT4BB_Opensource_Library\project\iar\Debug_m7_0\Obj\zf_device_6570275422786408770.dir\zf_device_imu660rc.o
#        E:\CYT4BB7_Library-master\CYT4BB7_Library-master\Seekfree_CYT4BB_Opensource_Library\project\iar\Debug_m7_0\Obj\zf_device_6570275422786408770.dir\zf_device_imu963ra.o
#        E:\CYT4BB7_Library-master\CYT4BB7_Library-master\Seekfree_CYT4BB_Opensource_Library\project\iar\Debug_m7_0\Obj\zf_device_6570275422786408770.dir\zf_device_ips114.o
#        E:\CYT4BB7_Library-master\CYT4BB7_Library-master\Seekfree_CYT4BB_Opensource_Library\project\iar\Debug_m7_0\Obj\zf_device_6570275422786408770.dir\zf_device_ips200.o
#        E:\CYT4BB7_Library-master\CYT4BB7_Library-master\Seekfree_CYT4BB_Opensource_Library\project\iar\Debug_m7_0\Obj\zf_device_6570275422786408770.dir\zf_device_ips200pro.o
#        E:\CYT4BB7_Library-master\CYT4BB7_Library-master\Seekfree_CYT4BB_Opensource_Library\project\iar\Debug_m7_0\Obj\zf_device_6570275422786408770.dir\zf_device_key.o
#        E:\CYT4BB7_Library-master\CYT4BB7_Library-master\Seekfree_CYT4BB_Opensource_Library\project\iar\Debug_m7_0\Obj\zf_device_6570275422786408770.dir\zf_device_lora3a22.o
#        E:\CYT4BB7_Library-master\CYT4BB7_Library-master\Seekfree_CYT4BB_Opensource_Library\project\iar\Debug_m7_0\Obj\zf_device_6570275422786408770.dir\zf_device_menc15a.o
#        E:\CYT4BB7_Library-master\CYT4BB7_Library-master\Seekfree_CYT4BB_Opensource_Library\project\iar\Debug_m7_0\Obj\zf_device_6570275422786408770.dir\zf_device_mt9v03x.o
#        E:\CYT4BB7_Library-master\CYT4BB7_Library-master\Seekfree_CYT4BB_Opensource_Library\project\iar\Debug_m7_0\Obj\zf_device_6570275422786408770.dir\zf_device_oled.o
#        E:\CYT4BB7_Library-master\CYT4BB7_Library-master\Seekfree_CYT4BB_Opensource_Library\project\iar\Debug_m7_0\Obj\zf_device_6570275422786408770.dir\zf_device_pmw3901.o
#        E:\CYT4BB7_Library-master\CYT4BB7_Library-master\Seekfree_CYT4BB_Opensource_Library\project\iar\Debug_m7_0\Obj\zf_device_6570275422786408770.dir\zf_device_tft180.o
#        E:\CYT4BB7_Library-master\CYT4BB7_Library-master\Seekfree_CYT4BB_Opensource_Library\project\iar\Debug_m7_0\Obj\zf_device_6570275422786408770.dir\zf_device_tsl1401.o
#        E:\CYT4BB7_Library-master\CYT4BB7_Library-master\Seekfree_CYT4BB_Opensource_Library\project\iar\Debug_m7_0\Obj\zf_device_6570275422786408770.dir\zf_device_type.o
#        E:\CYT4BB7_Library-master\CYT4BB7_Library-master\Seekfree_CYT4BB_Opensource_Library\project\iar\Debug_m7_0\Obj\zf_device_6570275422786408770.dir\zf_device_uart_receiver.o
#        E:\CYT4BB7_Library-master\CYT4BB7_Library-master\Seekfree_CYT4BB_Opensource_Library\project\iar\Debug_m7_0\Obj\zf_device_6570275422786408770.dir\zf_device_wifi_spi.o
#        E:\CYT4BB7_Library-master\CYT4BB7_Library-master\Seekfree_CYT4BB_Opensource_Library\project\iar\Debug_m7_0\Obj\zf_device_6570275422786408770.dir\zf_device_wifi_uart.o
#        E:\CYT4BB7_Library-master\CYT4BB7_Library-master\Seekfree_CYT4BB_Opensource_Library\project\iar\Debug_m7_0\Obj\zf_device_6570275422786408770.dir\zf_device_wireless_uart.o
#        E:\CYT4BB7_Library-master\CYT4BB7_Library-master\Seekfree_CYT4BB_Opensource_Library\project\iar\Debug_m7_0\Obj\zf_driver_11922370083829174090.dir\zf_driver_adc.o
#        E:\CYT4BB7_Library-master\CYT4BB7_Library-master\Seekfree_CYT4BB_Opensource_Library\project\iar\Debug_m7_0\Obj\zf_driver_11922370083829174090.dir\zf_driver_delay.o
#        E:\CYT4BB7_Library-master\CYT4BB7_Library-master\Seekfree_CYT4BB_Opensource_Library\project\iar\Debug_m7_0\Obj\zf_driver_11922370083829174090.dir\zf_driver_dma.o
#        E:\CYT4BB7_Library-master\CYT4BB7_Library-master\Seekfree_CYT4BB_Opensource_Library\project\iar\Debug_m7_0\Obj\zf_driver_11922370083829174090.dir\zf_driver_encoder.o
#        E:\CYT4BB7_Library-master\CYT4BB7_Library-master\Seekfree_CYT4BB_Opensource_Library\project\iar\Debug_m7_0\Obj\zf_driver_11922370083829174090.dir\zf_driver_exti.o
#        E:\CYT4BB7_Library-master\CYT4BB7_Library-master\Seekfree_CYT4BB_Opensource_Library\project\iar\Debug_m7_0\Obj\zf_driver_11922370083829174090.dir\zf_driver_flash.o
#        E:\CYT4BB7_Library-master\CYT4BB7_Library-master\Seekfree_CYT4BB_Opensource_Library\project\iar\Debug_m7_0\Obj\zf_driver_11922370083829174090.dir\zf_driver_gpio.o
#        E:\CYT4BB7_Library-master\CYT4BB7_Library-master\Seekfree_CYT4BB_Opensource_Library\project\iar\Debug_m7_0\Obj\zf_driver_11922370083829174090.dir\zf_driver_ipc.o
#        E:\CYT4BB7_Library-master\CYT4BB7_Library-master\Seekfree_CYT4BB_Opensource_Library\project\iar\Debug_m7_0\Obj\zf_driver_11922370083829174090.dir\zf_driver_pit.o
#        E:\CYT4BB7_Library-master\CYT4BB7_Library-master\Seekfree_CYT4BB_Opensource_Library\project\iar\Debug_m7_0\Obj\zf_driver_11922370083829174090.dir\zf_driver_pwm.o
#        E:\CYT4BB7_Library-master\CYT4BB7_Library-master\Seekfree_CYT4BB_Opensource_Library\project\iar\Debug_m7_0\Obj\zf_driver_11922370083829174090.dir\zf_driver_soft_iic.o
#        E:\CYT4BB7_Library-master\CYT4BB7_Library-master\Seekfree_CYT4BB_Opensource_Library\project\iar\Debug_m7_0\Obj\zf_driver_11922370083829174090.dir\zf_driver_soft_spi.o
#        E:\CYT4BB7_Library-master\CYT4BB7_Library-master\Seekfree_CYT4BB_Opensource_Library\project\iar\Debug_m7_0\Obj\zf_driver_11922370083829174090.dir\zf_driver_spi.o
#        E:\CYT4BB7_Library-master\CYT4BB7_Library-master\Seekfree_CYT4BB_Opensource_Library\project\iar\Debug_m7_0\Obj\zf_driver_11922370083829174090.dir\zf_driver_timer.o
#        E:\CYT4BB7_Library-master\CYT4BB7_Library-master\Seekfree_CYT4BB_Opensource_Library\project\iar\Debug_m7_0\Obj\zf_driver_11922370083829174090.dir\zf_driver_uart.o
#        --no_out_extension -o
#        E:\CYT4BB7_Library-master\CYT4BB7_Library-master\Seekfree_CYT4BB_Opensource_Library\project\iar\project_config\Debug_m7_0\Exe\cyt4bb7_cm_7_0.out
#        --config_def _CORE_cm7_0_=0 --config_def _LINK_flash_=0 --map
#        E:\CYT4BB7_Library-master\CYT4BB7_Library-master\Seekfree_CYT4BB_Opensource_Library\project\iar\Debug_m7_0\List\cyt4bb7_cm_7_0.map
#        --config
#        E:\CYT4BB7_Library-master\CYT4BB7_Library-master\Seekfree_CYT4BB_Opensource_Library\project\iar\project_config\..\icf\linker_directives_tviibh.icf
#        --semihosting
#        E:\CYT4BB7_Library-master\CYT4BB7_Library-master\Seekfree_CYT4BB_Opensource_Library\project\iar\project_config\..\..\..\libraries\sdk\tviibh4m\src\drivers\crypto\libs\libcrypto_server_cm0plus_iar.a
#        E:\CYT4BB7_Library-master\CYT4BB7_Library-master\Seekfree_CYT4BB_Opensource_Library\project\iar\project_config\..\..\..\libraries\zf_device\zf_device_config.a
#        E:\CYT4BB7_Library-master\CYT4BB7_Library-master\Seekfree_CYT4BB_Opensource_Library\project\iar\project_config\..\..\..\libraries\sdk\common\hdr\cmsis\dsp\iar_cortexM7lf_math.a
#        --entry __iar_program_start --vfe --text_out locale --cpu=Cortex-M7
#        --fpu=VFPv5_d16) --dependencies=n
#        E:\CYT4BB7_Library-master\CYT4BB7_Library-master\Seekfree_CYT4BB_Opensource_Library\project\iar\project_config\Debug_m7_0\Exe\cyt4bb7_cm_7_0.out.iar_deps
#
###############################################################################

*******************************************************************************
*** RUNTIME MODEL ATTRIBUTES
***

CppFlavor       = *
__CPP_Runtime   = 1
__Heap_Handler  = Basic
__SystemLibrary = DLib
__dlib_version  = 6


*******************************************************************************
*** HEAP SELECTION
***

The basic heap was selected because --advanced_heap
was not specified and the application did not appear to
be primarily optimized for speed.


*******************************************************************************
*** PLACEMENT SUMMARY
***

"A0":  place at start of [from 0x1008'0000 to 0x1027'ffff] { section .intvec };
"P1":  place in [from 0x1008'0000 to 0x1027'ffff] { ro };
"P2":  place in [from 0x2802'0000 to 0x2807'ffff] { rw };
define block HEAP with size = 1K, alignment = 8 { };
define block CSTACK with size = 8K, alignment = 8 { };
define block HEAP_STACK { block HEAP, last block CSTACK };
"A1":  place at end of [from 0x2802'0000 to 0x2807'ffff] { block HEAP_STACK };
do not initialize { section .intvec_ram };
initialize by copy { rw };

No sections matched the following patterns:

  ro section .sflash_app_prot  in "P6"
  ro section .sflash_nar       in "P4"
  ro section .sflash_pkey      in "P5"
  ro section .sflash_toc2      in "P7"
  ro section .sflash_uf_rows   in "P3"
  ro section .work_flash       in "P8"
  section .global_ram_data     in "P9"


  Section            Kind         Address      Size  Object
  -------            ----         -------      ----  ------
"A0":                                          0x80
  .intvec            ro code  0x1008'0000      0x80  startup_cm7.o [31]
                            - 0x1008'0080      0x80

"P1":                                      0x2'8a21
  .rodata            const    0x1008'0080  0x1'5000  vl53lmz_api.o [46]
  .text              ro code  0x1009'5080    0x1604  imu.o [5]
  .text              ro code  0x1009'6684      0x1e  sqrt.o [52]
  .text              ro code  0x1009'66a2      0x7e  lz77_init_single.o [53]
  .text              ro code  0x1009'6720      0x88  asin.o [52]
  .text              ro code  0x1009'67a8      0x7e  atan2.o [52]
  .text              ro code  0x1009'6826       0xa  xsprout.o [51]
  .text              ro code  0x1009'6830     0x284  zf_driver_delay.o [50]
  .text              ro code  0x1009'6ab4     0x2b0  icm42688.o [5]
  .text              ro code  0x1009'6d64     0x1d4  cos_sin32.o [52]
  .text              ro code  0x1009'6f38      0x7c  attitude_history.o [5]
  .text              ro code  0x1009'6fb4     0x164  vision_shared.o [5]
  .text              ro code  0x1009'7118     0x2a8  zf_driver_timer.o [50]
  .text              ro code  0x1009'73c0     0x118  xatan.o [52]
  .text              ro code  0x1009'74d8     0x1b8  cy_tcpwm_counter.o [43]
  .text              ro code  0x1009'7690      0x66  ABImemset.o [53]
  .text              ro code  0x1009'76f6       0xc  cy_tcpwm.o [43]
  .text              ro code  0x1009'7704     0xaa0  zf_driver_spi.o [50]
  .text              ro code  0x1009'81a4     0x17c  zf_driver_gpio.o [50]
  .text              ro code  0x1009'8320     0x444  zf_common_debug.o [47]
  .text              ro code  0x1009'8764     0x194  cy_gpio.o [14]
  .text              ro code  0x1009'88f8     0x1f0  cy_scb_spi.o [24]
  .text              ro code  0x1009'8ae8     0xaec  zf_driver_uart.o [50]
  .text              ro code  0x1009'95d4      0x36  strlen.o [53]
  .text              ro code  0x1009'960c      0x40  sprintf.o [51]
  .text              ro code  0x1009'964c     0x1f8  zf_common_fifo.o [47]
  .text              ro code  0x1009'9844      0xe2  zf_common_interrupt.o [47]
  .text              ro code  0x1009'9928       0x6  ABImemclr4.o [53]
  .text              ro code  0x1009'9930     0x314  cy_scb_uart.o [24]
  .text              ro code  0x1009'9c44     0xeae  xprintffull_nomb.o [51]
  .text              ro code  0x1009'aaf4      0xa6  ABImemcpy.o [53]
  .text              ro code  0x1009'ab9c      0x20  zf_driver_pwm.o [50]
  .text              ro code  0x1009'abbc      0xac  cy_sysint.o [35]
  .text              ro code  0x1009'ac68      0x32  ABImemset48.o [53]
  .text              ro code  0x1009'ac9c      0x16  strchr.o [53]
  .text              ro code  0x1009'acb4      0x40  xfail_s.o [51]
  .text              ro code  0x1009'acf4      0x58  memchr.o [53]
  .text              ro code  0x1009'ad4c      0x70  frexp.o [52]
  .text              ro code  0x1009'adbc      0x34  DblCmpLe.o [52]
  .text              ro code  0x1009'adf0      0x34  DblCmpGe.o [52]
  .text              ro code  0x1009'ae24     0x104  ldexp.o [52]
  .text              ro code  0x1009'af28       0xe  DblToS32.o [52]
  .text              ro code  0x1009'af36       0xe  S32ToDbl.o [52]
  .text              ro code  0x1009'af44      0x12  DblSub.o [52]
  .text              ro code  0x1009'af56      0x12  DblDiv.o [52]
  .text              ro code  0x1009'af68       0xe  DblToU32.o [52]
  .text              ro code  0x1009'af76       0xe  U32ToDbl.o [52]
  .text              ro code  0x1009'af84      0x12  DblMul.o [52]
  .text              ro code  0x1009'af98     0x230  I64DivMod.o [53]
  .text              ro code  0x1009'b1c8       0x6  abort.o [51]
  .text              ro code  0x1009'b1d0       0x2  I64DivZer.o [53]
  .text              ro code  0x1009'b1d4      0x14  exit.o [54]
  .text              ro code  0x1009'b1e8    0x1488  loc_ctrl.o [5]
  .text              ro code  0x1009'c670      0x1e  sqrtf.o [52]
  .text              ro code  0x1009'c690     0x2da  PID.o [5]
  .text              ro code  0x1009'c96c      0xe4  ctrl_common.o [5]
  .text              ro code  0x1009'ca50      0x6a  atan2f.o [52]
  .text              ro code  0x1009'cabc      0x28  fminf.o [52]
  .text              ro code  0x1009'cae4      0xa4  xatanf.o [52]
  .text              ro code  0x1009'cb88    0x12c0  vl53lmz_api.o [46]
  .text              ro code  0x1009'de48     0x168  vl53l8_platform.o [46]
  .text              ro code  0x1009'dfb0     0x664  zf_driver_soft_iic.o [50]
  .text              ro code  0x1009'e614    0x1064  flow.o [5]
  .text              ro code  0x1009'f678     0x2dc  lc302.o [5]
  .text              ro code  0x1009'f954     0xf50  alt_ctrl.o [5]
  .text              ro code  0x100a'08a4     0x214  system .o [5]
  .text              ro code  0x100a'0ab8     0x5a4  zf_driver_adc.o [50]
  .text              ro code  0x100a'105c     0x2d0  cy_adc.o [1]
  .text              ro code  0x100a'132c     0xe34  param.o [5]
  .text              ro code  0x100a'2160     0xc58  tof.o [5]
  .text              ro code  0x100a'2db8     0x16c  remote_ctrl.o [5]
  .text              ro code  0x100a'2f24     0x368  vl53l8_if.o [46]
  .text              ro code  0x100a'328c     0xa08  att_ctrl.o [5]
  .text              ro code  0x100a'3c94     0x8e8  cy_sysclk.o [33]
  .text              ro code  0x100a'457c      0x70  strncpy.o [53]
  .text              ro code  0x100a'45ec      0xf8  cy_syslib.o [36]
  .text              ro code  0x100a'46e4       0x2  cy_syslib.o [36]
  .text              ro code  0x100a'46e8     0x6e4  vision_nav.o [5]
  .text              ro code  0x100a'4dcc     0x18c  mcar_comm.o [5]
  .text              ro code  0x100a'4f58     0x548  beacon.o [5]
  .text              ro code  0x100a'54a0     0x466  cm7_0_isr.o [45]
  .text              ro code  0x100a'5908     0x404  zf_driver_pit.o [50]
  .text              ro code  0x100a'5d0c      0x7c  zf_device_tsl1401.o [49]
  .text              ro code  0x100a'5d88      0xc4  zf_device_lora3a22.o [49]
  .text              ro code  0x100a'5e4c      0x24  zf_device_wireless_uart.o [49]
  .text              ro code  0x100a'5e70     0x17a  small_driver_uart_control.o [5]
  .text              ro code  0x100a'5fec      0x44  zf_device_type.o [49]
  .rodata            const    0x100a'6030     0x3cc  vl53lmz_api.o [46]
  .rodata            const    0x100a'63fc     0x3cc  vl53lmz_api.o [46]
  .rodata            const    0x100a'67c8     0x308  vl53lmz_api.o [46]
  .text              ro code  0x100a'6ad0     0x2ec  cy_srom.o [30]
  .text              ro code  0x100a'6dbc      0x60  cy_ipc_drv.o [15]
  .text              ro code  0x100a'6e1c     0x284  cy_flash.o [12]
  .text              ro code  0x100a'70a0     0x204  startup.o [31]
  .text              ro code  0x100a'72a4     0x150  system_tviibh4m_cm7.o [22]
  .text              ro code  0x100a'73f4       0x8  startup_cm7.o [31]
  .text              ro code  0x100a'73fc       0x6  startup_cm7.o [31]
  .text              ro code  0x100a'7404     0x1a4  pid_menu.o [5]
  .text              ro code  0x100a'75a8      0xe8  zf_driver_flash.o [50]
  .text              ro code  0x100a'7690      0x5c  zf_device_key.o [49]
  .text              ro code  0x100a'76ec     0x1a0  cy_mw_flash.o [13]
  .text              ro code  0x100a'788c     0x198  cy_interrupt_map.o [23]
  .text              ro code  0x100a'7a24      0xb0  startup_cm7.o [31]
  .text              ro code  0x100a'7ad4      0x98  main_cm7_0.o [45]
  .text              ro code  0x100a'7b6c      0x1c  zf_common_clock.o [47]
  .rodata            const    0x100a'7b88      0x8c  cy_sysclk.o [33]
  .rodata            const    0x100a'7c14      0x8c  cy_sysclk.o [33]
  .rodata            const    0x100a'7ca0      0x8c  system_tviibh4m_cm7.o [22]
  .rodata            const    0x100a'7d2c      0x88  cy_srom.o [30]
  .rodata            const    0x100a'7db4      0x84  cy_mw_flash.o [13]
  .rodata            const    0x100a'7e38      0x80  zf_driver_soft_iic.o [50]
  .rodata            const    0x100a'7eb8      0x7c  zf_common_fifo.o [47]
  .rodata            const    0x100a'7f34      0x7c  zf_driver_flash.o [50]
  .rodata            const    0x100a'7fb0      0x7c  zf_driver_uart.o [50]
  .rodata            const    0x100a'802c      0x78  zf_device_key.o [49]
  .rodata            const    0x100a'80a4      0x78  zf_driver_adc.o [50]
  .rodata            const    0x100a'811c      0x78  zf_driver_spi.o [50]
  .rodata            const    0x100a'8194      0x6c  icm42688.o [5]
  .text              ro code  0x100a'8200      0x38  zero_init3.o [53]
  .rodata            const    0x100a'8238      0x34  alt_ctrl.o [5]
  .rodata            const    0x100a'826c      0x34  alt_ctrl.o [5]
  .rodata            const    0x100a'82a0      0x34  att_ctrl.o [5]
  .rodata            const    0x100a'82d4      0x34  att_ctrl.o [5]
  .rodata            const    0x100a'8308      0x34  att_ctrl.o [5]
  .rodata            const    0x100a'833c      0x34  att_ctrl.o [5]
  .rodata            const    0x100a'8370      0x34  att_ctrl.o [5]
  .rodata            const    0x100a'83a4      0x34  att_ctrl.o [5]
  .rodata            const    0x100a'83d8      0x34  loc_ctrl.o [5]
  .rodata            const    0x100a'840c      0x34  loc_ctrl.o [5]
  .rodata            const    0x100a'8440      0x34  loc_ctrl.o [5]
  .rodata            const    0x100a'8474      0x34  loc_ctrl.o [5]
  .rodata            const    0x100a'84a8      0x30  vl53lmz_api.o [46]
  .rodata            const    0x100a'84d8      0x28  vl53lmz_api.o [46]
  .text              ro code  0x100a'8500      0x28  data_init.o [53]
  .text              ro code  0x100a'8528      0x22  fpinit_M.o [52]
  .iar.init_table    const    0x100a'854c      0x20  - Linker created -
  .text              ro code  0x100a'856c      0x20  startup_cm7.o [31]
  .text              ro code  0x100a'8590      0x1e  cy_syslib_iar.o [36]
  .text              ro code  0x100a'85b0      0x1e  cmain.o [53]
  .text              ro code  0x100a'85d0       0x4  startup_cm7.o [31]
  .text              ro code  0x100a'85d4       0x4  exit.o [51]
  .text              ro code  0x100a'85d8       0xa  cexit.o [53]
  .rodata            const    0x100a'85e4      0x1c  icm42688.o [5]
  .rodata            const    0x100a'8600      0x1c  zf_common_debug.o [47]
  .text              ro code  0x100a'861c      0x1c  startup_cm7.o [31]
  .text              ro code  0x100a'8638      0x1c  cstartup_M.o [53]
  .rodata            const    0x100a'8654      0x18  flow.o [5]
  .rodata            const    0x100a'866c      0x18  startup.o [31]
  .rodata            const    0x100a'8684      0x18  system_tviibh4m_cm7.o [22]
  .rodata            const    0x100a'869c      0x18  zf_common_debug.o [47]
  .rodata            const    0x100a'86b4      0x10  vl53l8_if.o [46]
  .rodata            const    0x100a'86c4      0x10  zf_common_debug.o [47]
  .rodata            const    0x100a'86d4      0x10  zf_common_debug.o [47]
  .rodata            const    0x100a'86e4       0xc  vl53lmz_api.o [46]
  .rodata            const    0x100a'86f0       0xc  zf_common_debug.o [47]
  .rodata            const    0x100a'86fc       0xc  zf_common_debug.o [47]
  .rodata            const    0x100a'8708       0xc  zf_common_debug.o [47]
  .text              ro code  0x100a'8714       0xc  cy_syslib.o [36]
  .rodata            const    0x100a'8720       0x8  cy_srom.o [30]
  .rodata            const    0x100a'8728       0x8  cy_sysclk.o [33]
  .rodata            const    0x100a'8730       0x8  pid_menu.o [5]
  .rodata            const    0x100a'8738       0x8  pid_menu.o [5]
  .rodata            const    0x100a'8740       0x8  pid_menu.o [5]
  .rodata            const    0x100a'8748       0x8  pid_menu.o [5]
  .rodata            const    0x100a'8750       0x8  pid_menu.o [5]
  .rodata            const    0x100a'8758       0x8  pid_menu.o [5]
  .rodata            const    0x100a'8760       0x8  pid_menu.o [5]
  .rodata            const    0x100a'8768       0x8  pid_menu.o [5]
  .rodata            const    0x100a'8770       0x8  pid_menu.o [5]
  .rodata            const    0x100a'8778       0x8  pid_menu.o [5]
  .rodata            const    0x100a'8780       0x8  pid_menu.o [5]
  .rodata            const    0x100a'8788       0x8  pid_menu.o [5]
  .rodata            const    0x100a'8790       0x8  pid_menu.o [5]
  .rodata            const    0x100a'8798       0x8  pid_menu.o [5]
  .rodata            const    0x100a'87a0       0x8  vl53lmz_api.o [46]
  .rodata            const    0x100a'87a8       0x8  vl53lmz_api.o [46]
  .rodata            const    0x100a'87b0       0x8  vl53lmz_api.o [46]
  .rodata            const    0x100a'87b8       0x8  vl53lmz_api.o [46]
  .rodata            const    0x100a'87c0       0x8  vl53lmz_api.o [46]
  .rodata            const    0x100a'87c8       0x4  cy_adc.o [1]
  .rodata            const    0x100a'87cc       0x4  cy_adc.o [1]
  .rodata            const    0x100a'87d0       0x4  cy_adc.o [1]
  .rodata            const    0x100a'87d4       0x4  cy_adc.o [1]
  .rodata            const    0x100a'87d8       0x4  cy_adc.o [1]
  .rodata            const    0x100a'87dc       0x4  cy_adc.o [1]
  .rodata            const    0x100a'87e0       0x4  cy_adc.o [1]
  .rodata            const    0x100a'87e4       0x4  cy_adc.o [1]
  .rodata            const    0x100a'87e8       0x4  cy_interrupt_map.o [23]
  .rodata            const    0x100a'87ec       0x4  cy_interrupt_map.o [23]
  .rodata            const    0x100a'87f0       0x4  cy_interrupt_map.o [23]
  .rodata            const    0x100a'87f4       0x4  cy_interrupt_map.o [23]
  .rodata            const    0x100a'87f8       0x4  cy_interrupt_map.o [23]
  .rodata            const    0x100a'87fc       0x4  cy_interrupt_map.o [23]
  .rodata            const    0x100a'8800       0x4  cy_interrupt_map.o [23]
  .rodata            const    0x100a'8804       0x4  cy_interrupt_map.o [23]
  .rodata            const    0x100a'8808       0x4  cy_ipc_drv.o [15]
  .rodata            const    0x100a'880c       0x4  cy_scb_spi.o [24]
  .rodata            const    0x100a'8810       0x4  cy_scb_spi.o [24]
  .rodata            const    0x100a'8814       0x4  cy_scb_spi.o [24]
  .rodata            const    0x100a'8818       0x4  cy_scb_spi.o [24]
  .rodata            const    0x100a'881c       0x4  cy_scb_uart.o [24]
  .rodata            const    0x100a'8820       0x4  cy_scb_uart.o [24]
  .rodata            const    0x100a'8824       0x4  cy_scb_uart.o [24]
  .rodata            const    0x100a'8828       0x4  cy_scb_uart.o [24]
  .rodata            const    0x100a'882c       0x4  cy_scb_uart.o [24]
  .rodata            const    0x100a'8830       0x4  cy_scb_uart.o [24]
  .rodata            const    0x100a'8834       0x4  cy_scb_uart.o [24]
  .rodata            const    0x100a'8838       0x4  cy_scb_uart.o [24]
  .rodata            const    0x100a'883c       0x4  cy_scb_uart.o [24]
  .rodata            const    0x100a'8840       0x4  cy_scb_uart.o [24]
  .rodata            const    0x100a'8844       0x4  cy_srom.o [30]
  .rodata            const    0x100a'8848       0x4  cy_srom.o [30]
  .rodata            const    0x100a'884c       0x4  cy_sysint.o [35]
  .rodata            const    0x100a'8850       0x4  cy_sysint.o [35]
  .rodata            const    0x100a'8854       0x4  cy_tcpwm_counter.o [43]
  .rodata            const    0x100a'8858       0x4  cy_tcpwm_counter.o [43]
  .rodata            const    0x100a'885c       0x4  cy_tcpwm_counter.o [43]
  .rodata            const    0x100a'8860       0x4  cy_tcpwm_counter.o [43]
  .rodata            const    0x100a'8864       0x4  cy_tcpwm_counter.o [43]
  .rodata            const    0x100a'8868       0x4  vl53lmz_api.o [46]
  .rodata            const    0x100a'886c       0x4  vl53lmz_api.o [46]
  .rodata            const    0x100a'8870       0x4  vl53lmz_api.o [46]
  .rodata            const    0x100a'8874       0x4  zf_device_key.o [49]
  .text              ro code  0x100a'8878       0x4  startup_cm7.o [31]
  .text              ro code  0x100a'887c       0x4  startup_cm7.o [31]
  .text              ro code  0x100a'8880       0x4  startup_cm7.o [31]
  .text              ro code  0x100a'8884       0x4  startup_cm7.o [31]
  .text              ro code  0x100a'8888       0x4  startup_cm7.o [31]
  .text              ro code  0x100a'888c       0x4  startup_cm7.o [31]
  .text              ro code  0x100a'8890       0x4  startup_cm7.o [31]
  .text              ro code  0x100a'8894       0x4  startup_cm7.o [31]
  .text              ro code  0x100a'8898       0x4  startup_cm7.o [31]
  .text              ro code  0x100a'889c       0x4  startup_cm7.o [31]
  .text              ro code  0x100a'88a0       0x4  startup_cm7.o [31]
  .text              ro code  0x100a'88a4       0x4  startup_cm7.o [31]
  .text              ro code  0x100a'88a8       0x4  startup_cm7.o [31]
  .text              ro code  0x100a'88ac       0x4  startup_cm7.o [31]
  .text              ro code  0x100a'88b0       0x4  startup_cm7.o [31]
  .rodata            const    0x100a'88b4       0x0  zero_init3.o [53]
  .rodata            const    0x100a'88b4       0x0  lz77_init_single.o [53]
  Initializer bytes  const    0x100a'88b4     0x142  <for P2-1>
                            - 0x100a'89f6  0x2'8976

Absolute sections, part 1 of 2:               0x160
  .noinit            uninit   0x2800'1000     0x160  vision_shared.o [5]
                            - 0x2800'1160     0x160

Absolute sections, part 2 of 2:                0x20
  .noinit            uninit   0x2800'1200      0x20  vision_shared.o [5]
                            - 0x2800'1220      0x20

"P2", part 1 of 3:                            0xa4e
  P2-1                        0x2802'0000     0xa4e  <Init block>
    .data            inited   0x2802'0000      0x40  alt_ctrl.o [5]
    .data            inited   0x2802'0040       0x4  att_ctrl.o [5]
    .data            inited   0x2802'0044       0x4  cm7_0_isr.o [45]
    .data            inited   0x2802'0048       0x4  cm7_0_isr.o [45]
    .data            inited   0x2802'004c     0x6ec  cy_interrupt_map.o [23]
    .data            inited   0x2802'0738       0x4  cy_interrupt_map.o [23]
    .data            inited   0x2802'073c      0x10  ekf_lite.o [5]
    .data            inited   0x2802'074c      0x10  ekf_lite.o [5]
    .data            inited   0x2802'075c       0x8  icm42688.o [5]
    .data            inited   0x2802'0764     0x164  imu.o [5]
    .data            inited   0x2802'08c8       0xc  imu.o [5]
    .data            inited   0x2802'08d4       0x4  imu.o [5]
    .data            inited   0x2802'08d8       0xc  imu.o [5]
    .data            inited   0x2802'08e4      0x54  loc_ctrl.o [5]
    .data            inited   0x2802'0938      0x60  pid_menu.o [5]
    .data            inited   0x2802'0998       0x4  pid_menu.o [5]
    .data            inited   0x2802'099c       0x4  system .o [5]
    .data            inited   0x2802'09a0      0x10  vl53lmz_api.o [46]
    .data            inited   0x2802'09b0       0x4  zf_device_type.o [49]
    .data            inited   0x2802'09b4       0x4  zf_device_type.o [49]
    .data            inited   0x2802'09b8       0xc  zf_driver_adc.o [50]
    .data            inited   0x2802'09c4      0x3c  zf_driver_pit.o [50]
    .data            inited   0x2802'0a00      0x10  zf_driver_spi.o [50]
    .data            inited   0x2802'0a10      0x1c  zf_driver_uart.o [50]
    .data            inited   0x2802'0a2c      0x1c  zf_driver_uart.o [50]
    .data            inited   0x2802'0a48       0x2  zf_driver_delay.o [50]
    .data            inited   0x2802'0a4a       0x1  alt_ctrl.o [5]
    .data            inited   0x2802'0a4b       0x1  pid_menu.o [5]
    .data            inited   0x2802'0a4c       0x1  zf_common_debug.o [47]
    .data            inited   0x2802'0a4d       0x1  zf_driver_delay.o [50]
                            - 0x2802'0a4e     0xa4e

"P2", part 2 of 3:                         0x3'5adc
  .bss               zero     0x2802'0a50  0x2'5800  param.o [5]
  .bss               zero     0x2804'6250    0xcb20  param.o [5]
  .bss               zero     0x2805'2d70    0x1f24  vl53l8_if.o [46]
  .bss               zero     0x2805'4c94     0x400  flow.o [5]
  .bss               zero     0x2805'5094     0x200  attitude_history.o [5]
  .bss               zero     0x2805'5294     0x200  zf_device_tsl1401.o [49]
  .bss               zero     0x2805'5494     0x188  zf_driver_uart.o [50]
  .bss               zero     0x2805'561c     0x138  att_ctrl.o [5]
  .bss               zero     0x2805'5754      0xd0  loc_ctrl.o [5]
  .bss               zero     0x2805'5824      0xd0  vl53l8_if.o [46]
  .bss               zero     0x2805'58f4      0xc4  vl53l8_if.o [46]
  .bss               zero     0x2805'59b8      0x9c  flow.o [5]
  .bss               zero     0x2805'5a54      0x84  vl53l8_platform.o [46]
  .bss               zero     0x2805'5ad8      0x80  vl53lmz_api.o [46]
  .bss               zero     0x2805'5b58      0x7c  flow.o [5]
  .bss               zero     0x2805'5bd4      0x74  beacon.o [5]
  .bss               zero     0x2805'5c48      0x70  cy_syslib.o [36]
  .bss               zero     0x2805'5cb8      0x70  zf_driver_uart.o [50]
  .bss               zero     0x2805'5d28      0x68  alt_ctrl.o [5]
  .bss               zero     0x2805'5d90      0x58  alt_ctrl.o [5]
  .bss               zero     0x2805'5de8      0x54  vision_nav.o [5]
  .bss               zero     0x2805'5e3c      0x4c  param.o [5]
  .bss               zero     0x2805'5e88      0x48  loc_ctrl.o [5]
  .bss               zero     0x2805'5ed0      0x48  zf_driver_adc.o [50]
  .bss               zero     0x2805'5f18      0x40  lc302.o [5]
  .bss               zero     0x2805'5f58      0x40  zf_common_debug.o [47]
  .bss               zero     0x2805'5f98      0x34  param.o [5]
  .bss               zero     0x2805'5fcc      0x30  beacon.o [5]
  .bss               zero     0x2805'5ffc      0x30  tof.o [5]
  .bss               zero     0x2805'602c      0x28  param.o [5]
  .bss               zero     0x2805'6054      0x24  att_ctrl.o [5]
  .bss               zero     0x2805'6078      0x24  att_ctrl.o [5]
  .bss               zero     0x2805'609c      0x20  ekf_lite.o [5]
  .bss               zero     0x2805'60bc      0x20  loc_ctrl.o [5]
  .bss               zero     0x2805'60dc      0x20  param.o [5]
  .bss               zero     0x2805'60fc      0x20  small_driver_uart_control.o [5]
  .bss               zero     0x2805'611c      0x18  cy_sysclk.o [33]
  .bss               zero     0x2805'6134      0x18  cy_syslib.o [36]
  .bss               zero     0x2805'614c      0x18  zf_common_debug.o [47]
  .bss               zero     0x2805'6164      0x18  zf_device_wireless_uart.o [49]
  .bss               zero     0x2805'617c      0x14  param.o [5]
  .bss               zero     0x2805'6190      0x14  zf_common_debug.o [47]
  .bss               zero     0x2805'61a4      0x14  zf_device_lora3a22.o [49]
  .bss               zero     0x2805'61b8      0x14  zf_device_lora3a22.o [49]
  .bss               zero     0x2805'61cc      0x10  alt_ctrl.o [5]
  .bss               zero     0x2805'61dc      0x10  beacon.o [5]
  .bss               zero     0x2805'6200      0x10  cy_srom.o [30]
  .bss               zero     0x2805'6210      0x10  ekf_lite.o [5]
  .bss               zero     0x2805'6220      0x10  vl53l8_platform.o [46]
  .bss               zero     0x2805'6230       0xc  alt_ctrl.o [5]
  .bss               zero     0x2805'623c       0xc  att_ctrl.o [5]
  .bss               zero     0x2805'6248       0xc  imu.o [5]
  .bss               zero     0x2805'6254       0xc  imu.o [5]
  .bss               zero     0x2805'6260       0xc  lc302.o [5]
  .bss               zero     0x2805'626c       0xc  mcar_comm.o [5]
  .bss               zero     0x2805'6278       0xc  mcar_comm.o [5]
  .bss               zero     0x2805'6284       0x8  fly_ctrl.o [5]
  .bss               zero     0x2805'628c       0x8  zf_driver_uart.o [50]
  .bss               zero     0x2805'6294       0x8  zf_driver_uart.o [50]
  .bss               zero     0x2805'629c       0x4  alt_ctrl.o [5]
  .bss               zero     0x2805'62a0       0x4  alt_ctrl.o [5]
  .bss               zero     0x2805'62a4       0x4  alt_ctrl.o [5]
  .bss               zero     0x2805'62a8       0x4  att_ctrl.o [5]
  .bss               zero     0x2805'62ac       0x4  att_ctrl.o [5]
  .bss               zero     0x2805'62b0       0x4  att_ctrl.o [5]
  .bss               zero     0x2805'62b4       0x4  att_ctrl.o [5]
  .bss               zero     0x2805'62b8       0x4  beacon.o [5]
  .bss               zero     0x2805'62bc       0x4  beacon.o [5]
  .bss               zero     0x2805'62c0       0x4  beacon.o [5]
  .bss               zero     0x2805'62c4       0x4  beacon.o [5]
  .bss               zero     0x2805'62c8       0x4  beacon.o [5]
  .bss               zero     0x2805'62cc       0x4  beacon.o [5]
  .bss               zero     0x2805'62d0       0x4  beacon.o [5]
  .bss               zero     0x2805'62d4       0x4  beacon.o [5]
  .bss               zero     0x2805'62d8       0x4  beacon.o [5]
  .bss               zero     0x2805'62dc       0x4  beacon.o [5]
  .bss               zero     0x2805'62e0       0x4  beacon.o [5]
  .bss               zero     0x2805'62e4       0x4  beacon.o [5]
  .bss               zero     0x2805'62e8       0x4  beacon.o [5]
  .bss               zero     0x2805'62ec       0x4  beacon.o [5]
  .bss               zero     0x2805'62f0       0x4  beacon.o [5]
  .bss               zero     0x2805'62f4       0x4  beacon.o [5]
  .bss               zero     0x2805'62f8       0x4  beacon.o [5]
  .bss               zero     0x2805'62fc       0x4  cm7_0_isr.o [45]
  .bss               zero     0x2805'6300       0x4  cm7_0_isr.o [45]
  .bss               zero     0x2805'6304       0x4  cm7_0_isr.o [45]
  .bss               zero     0x2805'6308       0x4  cm7_0_isr.o [45]
  .bss               zero     0x2805'630c       0x4  cm7_0_isr.o [45]
  .bss               zero     0x2805'6310       0x4  cm7_0_isr.o [45]
  .bss               zero     0x2805'6314       0x4  cm7_0_isr.o [45]
  .bss               zero     0x2805'6318       0x4  cm7_0_isr.o [45]
  .bss               zero     0x2805'631c       0x4  cm7_0_isr.o [45]
  .bss               zero     0x2805'6320       0x4  cm7_0_isr.o [45]
  .bss               zero     0x2805'6324       0x4  cm7_0_isr.o [45]
  .bss               zero     0x2805'6328       0x4  cm7_0_isr.o [45]
  .bss               zero     0x2805'632c       0x4  cm7_0_isr.o [45]
  .bss               zero     0x2805'6330       0x4  cm7_0_isr.o [45]
  .bss               zero     0x2805'6334       0x4  cm7_0_isr.o [45]
  .bss               zero     0x2805'6338       0x4  cm7_0_isr.o [45]
  .bss               zero     0x2805'633c       0x4  cm7_0_isr.o [45]
  .bss               zero     0x2805'6340       0x4  cm7_0_isr.o [45]
  .bss               zero     0x2805'6344       0x4  cm7_0_isr.o [45]
  .bss               zero     0x2805'6348       0x4  cm7_0_isr.o [45]
  .bss               zero     0x2805'634c       0x4  cm7_0_isr.o [45]
  .bss               zero     0x2805'6350       0x4  cm7_0_isr.o [45]
  .bss               zero     0x2805'6354       0x4  cm7_0_isr.o [45]
  .bss               zero     0x2805'6358       0x4  cy_srom.o [30]
  .bss               zero     0x2805'635c       0x4  cy_srom.o [30]
  .bss               zero     0x2805'6360       0x4  cy_syslib.o [36]
  .bss               zero     0x2805'6364       0x4  flow.o [5]
  .bss               zero     0x2805'6368       0x4  flow.o [5]
  .bss               zero     0x2805'636c       0x4  flow.o [5]
  .bss               zero     0x2805'6370       0x4  flow.o [5]
  .bss               zero     0x2805'6374       0x4  flow.o [5]
  .bss               zero     0x2805'6378       0x4  flow.o [5]
  .bss               zero     0x2805'637c       0x4  flow.o [5]
  .bss               zero     0x2805'6380       0x4  flow.o [5]
  .bss               zero     0x2805'6384       0x4  flow.o [5]
  .bss               zero     0x2805'6388       0x4  flow.o [5]
  .bss               zero     0x2805'638c       0x4  flow.o [5]
  .bss               zero     0x2805'6390       0x4  flow.o [5]
  .bss               zero     0x2805'6394       0x4  flow.o [5]
  .bss               zero     0x2805'6398       0x4  flow.o [5]
  .bss               zero     0x2805'639c       0x4  flow.o [5]
  .bss               zero     0x2805'63a0       0x4  flow.o [5]
  .bss               zero     0x2805'63a4       0x4  flow.o [5]
  .bss               zero     0x2805'63a8       0x4  flow.o [5]
  .bss               zero     0x2805'63ac       0x4  flow.o [5]
  .bss               zero     0x2805'63b0       0x4  flow.o [5]
  .bss               zero     0x2805'63b4       0x4  flow.o [5]
  .bss               zero     0x2805'63b8       0x4  fly_ctrl.o [5]
  .bss               zero     0x2805'63bc       0x4  imu.o [5]
  .bss               zero     0x2805'63c0       0x4  imu.o [5]
  .bss               zero     0x2805'63c4       0x4  imu.o [5]
  .bss               zero     0x2805'63c8       0x4  imu.o [5]
  .bss               zero     0x2805'63cc       0x4  imu.o [5]
  .bss               zero     0x2805'63d0       0x4  imu.o [5]
  .bss               zero     0x2805'63d4       0x4  imu.o [5]
  .bss               zero     0x2805'63d8       0x4  imu.o [5]
  .bss               zero     0x2805'63dc       0x4  imu.o [5]
  .bss               zero     0x2805'63e0       0x4  imu.o [5]
  .bss               zero     0x2805'63e4       0x4  imu.o [5]
  .bss               zero     0x2805'63e8       0x4  imu.o [5]
  .bss               zero     0x2805'63ec       0x4  imu.o [5]
  .bss               zero     0x2805'63f0       0x4  imu.o [5]
  .bss               zero     0x2805'63f4       0x4  imu.o [5]
  .bss               zero     0x2805'63f8       0x4  imu.o [5]
  .bss               zero     0x2805'63fc       0x4  imu.o [5]
  .bss               zero     0x2805'6400       0x4  imu.o [5]
  .bss               zero     0x2805'6404       0x4  imu.o [5]
  .bss               zero     0x2805'6408       0x4  imu.o [5]
  .bss               zero     0x2805'640c       0x4  imu.o [5]
  .bss               zero     0x2805'6410       0x4  imu.o [5]
  .bss               zero     0x2805'6414       0x4  lc302.o [5]
  .bss               zero     0x2805'6418       0x4  main_cm7_0.o [45]
  .bss               zero     0x2805'641c       0x4  param.o [5]
  .bss               zero     0x2805'6420       0x4  param.o [5]
  .bss               zero     0x2805'6424       0x4  param.o [5]
  .bss               zero     0x2805'6428       0x4  param.o [5]
  .bss               zero     0x2805'642c       0x4  param.o [5]
  .bss               zero     0x2805'6430       0x4  param.o [5]
  .bss               zero     0x2805'6434       0x4  param.o [5]
  .bss               zero     0x2805'6438       0x4  param.o [5]
  .bss               zero     0x2805'643c       0x4  pid_menu.o [5]
  .bss               zero     0x2805'6440       0x4  system_tviibh4m_cm7.o [22]
  .bss               zero     0x2805'6444       0x4  system_tviibh4m_cm7.o [22]
  .bss               zero     0x2805'6448       0x4  system_tviibh4m_cm7.o [22]
  .bss               zero     0x2805'644c       0x4  system_tviibh4m_cm7.o [22]
  .bss               zero     0x2805'6450       0x4  system_tviibh4m_cm7.o [22]
  .bss               zero     0x2805'6454       0x4  tof.o [5]
  .bss               zero     0x2805'6458       0x4  tof.o [5]
  .bss               zero     0x2805'645c       0x4  tof.o [5]
  .bss               zero     0x2805'6460       0x4  tof.o [5]
  .bss               zero     0x2805'6464       0x4  tof.o [5]
  .bss               zero     0x2805'6468       0x4  tof.o [5]
  .bss               zero     0x2805'646c       0x4  tof.o [5]
  .bss               zero     0x2805'6470       0x4  tof.o [5]
  .bss               zero     0x2805'6474       0x4  tof.o [5]
  .bss               zero     0x2805'6478       0x4  tof.o [5]
  .bss               zero     0x2805'647c       0x4  tof.o [5]
  .bss               zero     0x2805'6480       0x4  tof.o [5]
  .bss               zero     0x2805'6484       0x4  tof.o [5]
  .bss               zero     0x2805'6488       0x4  tof.o [5]
  .bss               zero     0x2805'648c       0x4  tof.o [5]
  .bss               zero     0x2805'6490       0x4  tof.o [5]
  .bss               zero     0x2805'6494       0x4  tof.o [5]
  .bss               zero     0x2805'6498       0x4  tof.o [5]
  .bss               zero     0x2805'649c       0x4  tof.o [5]
  .bss               zero     0x2805'64a0       0x4  tof.o [5]
  .bss               zero     0x2805'64a4       0x4  tof.o [5]
  .bss               zero     0x2805'64a8       0x4  vision_nav.o [5]
  .bss               zero     0x2805'64ac       0x4  zf_common_clock.o [47]
  .bss               zero     0x2805'64b0       0x4  zf_common_interrupt.o [47]
  .bss               zero     0x2805'64b4       0x4  zf_device_key.o [49]
  .bss               zero     0x2805'64b8       0x4  zf_device_key.o [49]
  .bss               zero     0x2805'64bc       0x4  zf_driver_spi.o [50]
  .bss               zero     0x2805'64c0       0x4  zf_driver_timer.o [50]
  .bss               zero     0x2805'64c4       0x4  xfail_s.o [51]
  .bss               zero     0x2805'64c8       0x2  beacon.o [5]
  .bss               zero     0x2805'64ca       0x2  beacon.o [5]
  .bss               zero     0x2805'64cc       0x2  flow.o [5]
  .bss               zero     0x2805'64ce       0x2  flow.o [5]
  .bss               zero     0x2805'64d0       0x2  icm42688.o [5]
  .bss               zero     0x2805'64d2       0x2  icm42688.o [5]
  .bss               zero     0x2805'64d4       0x2  icm42688.o [5]
  .bss               zero     0x2805'64d6       0x2  icm42688.o [5]
  .bss               zero     0x2805'64d8       0x2  icm42688.o [5]
  .bss               zero     0x2805'64da       0x2  icm42688.o [5]
  .bss               zero     0x2805'64dc       0x2  imu.o [5]
  .bss               zero     0x2805'64de       0x2  param.o [5]
  .bss               zero     0x2805'64e0       0x2  param.o [5]
  .bss               zero     0x2805'64e2       0x2  param.o [5]
  .bss               zero     0x2805'64e4       0x2  param.o [5]
  .bss               zero     0x2805'64e6       0x2  param.o [5]
  .bss               zero     0x2805'64e8       0x2  param.o [5]
  .bss               zero     0x2805'64ea       0x2  tof.o [5]
  .bss               zero     0x2805'64ec       0x2  zf_device_lora3a22.o [49]
  .bss               zero     0x2805'64ee       0x1  alt_ctrl.o [5]
  .bss               zero     0x2805'64ef       0x1  att_ctrl.o [5]
  .bss               zero     0x2805'64f0       0x1  attitude_history.o [5]
  .bss               zero     0x2805'64f1       0x1  attitude_history.o [5]
  .bss               zero     0x2805'64f2       0x1  beacon.o [5]
  .bss               zero     0x2805'64f3       0x1  beacon.o [5]
  .bss               zero     0x2805'64f4       0x1  beacon.o [5]
  .bss               zero     0x2805'64f5       0x1  beacon.o [5]
  .bss               zero     0x2805'64f6       0x1  beacon.o [5]
  .bss               zero     0x2805'64f7       0x1  beacon.o [5]
  .bss               zero     0x2805'64f8       0x1  beacon.o [5]
  .bss               zero     0x2805'64f9       0x1  cm7_0_isr.o [45]
  .bss               zero     0x2805'64fa       0x1  cm7_0_isr.o [45]
  .bss               zero     0x2805'64fb       0x1  cm7_0_isr.o [45]
  .bss               zero     0x2805'64fc       0x1  cm7_0_isr.o [45]
  .bss               zero     0x2805'64fd       0x1  cy_mw_flash.o [13]
  .bss               zero     0x2805'64fe       0x1  cy_mw_flash.o [13]
  .bss               zero     0x2805'64ff       0x1  cy_sysclk.o [33]
  .bss               zero     0x2805'6500       0x1  flow.o [5]
  .bss               zero     0x2805'6501       0x1  flow.o [5]
  .bss               zero     0x2805'6502       0x1  flow.o [5]
  .bss               zero     0x2805'6503       0x1  imu.o [5]
  .bss               zero     0x2805'6504       0x1  imu.o [5]
  .bss               zero     0x2805'6505       0x1  lc302.o [5]
  .bss               zero     0x2805'6506       0x1  lc302.o [5]
  .bss               zero     0x2805'6507       0x1  lc302.o [5]
  .bss               zero     0x2805'6508       0x1  lc302.o [5]
  .bss               zero     0x2805'6509       0x1  mcar_comm.o [5]
  .bss               zero     0x2805'650a       0x1  param.o [5]
  .bss               zero     0x2805'650b       0x1  param.o [5]
  .bss               zero     0x2805'650c       0x1  param.o [5]
  .bss               zero     0x2805'650d       0x1  param.o [5]
  .bss               zero     0x2805'650e       0x1  param.o [5]
  .bss               zero     0x2805'650f       0x1  param.o [5]
  .bss               zero     0x2805'6510       0x1  param.o [5]
  .bss               zero     0x2805'6511       0x1  param.o [5]
  .bss               zero     0x2805'6512       0x1  param.o [5]
  .bss               zero     0x2805'6513       0x1  param.o [5]
  .bss               zero     0x2805'6514       0x1  remote_ctrl.o [5]
  .bss               zero     0x2805'6515       0x1  remote_ctrl.o [5]
  .bss               zero     0x2805'6516       0x1  system .o [5]
  .bss               zero     0x2805'6517       0x1  system .o [5]
  .bss               zero     0x2805'6518       0x1  tof.o [5]
  .bss               zero     0x2805'6519       0x1  tof.o [5]
  .bss               zero     0x2805'651a       0x1  tof.o [5]
  .bss               zero     0x2805'651b       0x1  tof.o [5]
  .bss               zero     0x2805'651c       0x1  tof.o [5]
  .bss               zero     0x2805'651d       0x1  tof.o [5]
  .bss               zero     0x2805'651e       0x1  tof.o [5]
  .bss               zero     0x2805'651f       0x1  vl53l8_platform.o [46]
  .bss               zero     0x2805'6520       0x1  zf_common_debug.o [47]
  .bss               zero     0x2805'6521       0x1  zf_common_debug.o [47]
  .bss               zero     0x2805'6522       0x1  zf_common_debug.o [47]
  .bss               zero     0x2805'6523       0x1  zf_device_lora3a22.o [49]
  .bss               zero     0x2805'6524       0x1  zf_device_lora3a22.o [49]
  .bss               zero     0x2805'6525       0x1  zf_device_lora3a22.o [49]
  .bss               zero     0x2805'6526       0x1  zf_device_tsl1401.o [49]
  .bss               zero     0x2805'6527       0x1  zf_device_tsl1401.o [49]
  .bss               zero     0x2805'6528       0x1  zf_device_type.o [49]
  .bss               zero     0x2805'6529       0x1  zf_device_wireless_uart.o [49]
  .bss               zero     0x2805'652a       0x1  zf_driver_flash.o [50]
                            - 0x2805'652b  0x3'5adb

"P2", part 3 of 3:                             0x80
  .intvec_ram        uninit   0x2805'6580      0x80  startup_cm7.o [31]
                            - 0x2805'6600      0x80

"A1":                                        0x2000
  HEAP_STACK                  0x2807'e000    0x2000  <Block>
    CSTACK                    0x2807'e000    0x2000  <Block>
      CSTACK         uninit   0x2807'e000    0x2000  <Block tail>
                            - 0x2808'0000    0x2000

Unused ranges:

         From           To       Size
         ----           --       ----
  0x100a'8aa1  0x1027'ffff  0x1d'755f
  0x2802'0a4e  0x2802'0a4f        0x2
  0x2805'652c  0x2805'657f       0x54
  0x2805'6600  0x2807'dfff   0x2'7a00


*******************************************************************************
*** INIT TABLE
***

          Address      Size
          -------      ----
Zero (__iar_zero_init3)
    1 destination range, total size 0x3'5adb:
          0x2802'0a50  0x3'5adb

Copy/lz77 (__iar_lz77_init_single3)
    1 source range, total size 0x142 (12% of destination):
          0x100a'88b4     0x142
    1 destination range, total size 0xa4e:
          0x2802'0000     0xa4e



*******************************************************************************
*** MODULE SUMMARY
***

    Module                       ro code  ro data  rw data  rw data
                                                             (abs)
    ------                       -------  -------  -------  -------
command line/config:
    ---------------------------------------------------------------
    Total:

E:\CYT4BB7_Library-master\CYT4BB7_Library-master\Seekfree_CYT4BB_Opensource_Library\project\iar\Debug_m7_0\Obj\adc_11722776235721520015.dir: [1]
    cy_adc.o                         720       32
    ---------------------------------------------------------------
    Total:                           720       32

E:\CYT4BB7_Library-master\CYT4BB7_Library-master\Seekfree_CYT4BB_Opensource_Library\project\iar\Debug_m7_0\Obj\audioss_1346650047966882938.dir: [2]
    ---------------------------------------------------------------
    Total:

E:\CYT4BB7_Library-master\CYT4BB7_Library-master\Seekfree_CYT4BB_Opensource_Library\project\iar\Debug_m7_0\Obj\button_4990804375159372270.dir: [3]
    ---------------------------------------------------------------
    Total:

E:\CYT4BB7_Library-master\CYT4BB7_Library-master\Seekfree_CYT4BB_Opensource_Library\project\iar\Debug_m7_0\Obj\canfd_1800690984773873875.dir: [4]
    ---------------------------------------------------------------
    Total:

E:\CYT4BB7_Library-master\CYT4BB7_Library-master\Seekfree_CYT4BB_Opensource_Library\project\iar\Debug_m7_0\Obj\code_17896468042025673432.dir: [5]
    PID.o                            730
    alt_ctrl.o                     3'920      111      298
    att_ctrl.o                     2'568      313      417
    attitude_history.o               124               514
    beacon.o                       1'352               259
    ctrl_common.o                    228
    ekf_lite.o                                  3       80
    flow.o                         4'196       24    1'395
    fly_ctrl.o                                          12
    icm42688.o                       688      137       20
    imu.o                          5'636       47      500
    lc302.o                          732                84
    loc_ctrl.o                     5'256      219      396
    mcar_comm.o                      396                25
    param.o                        3'636           205'874
    pid_menu.o                       420      124      105
    remote_ctrl.o                    364                 2
    small_driver_uart_control.o      378                32
    system .o                        532                 6
    tof.o                          3'160               141
    vision_nav.o                   1'764                88
    vision_shared.o                  356                        384
    ---------------------------------------------------------------
    Total:                        36'436      978  210'248      384

E:\CYT4BB7_Library-master\CYT4BB7_Library-master\Seekfree_CYT4BB_Opensource_Library\project\iar\Debug_m7_0\Obj\cpu_15938736945165268644.dir: [6]
    ---------------------------------------------------------------
    Total:

E:\CYT4BB7_Library-master\CYT4BB7_Library-master\Seekfree_CYT4BB_Opensource_Library\project\iar\Debug_m7_0\Obj\crypto_1190170608956581615.dir: [7]
    ---------------------------------------------------------------
    Total:

E:\CYT4BB7_Library-master\CYT4BB7_Library-master\Seekfree_CYT4BB_Opensource_Library\project\iar\Debug_m7_0\Obj\dma_12106025507578611576.dir: [8]
    ---------------------------------------------------------------
    Total:

E:\CYT4BB7_Library-master\CYT4BB7_Library-master\Seekfree_CYT4BB_Opensource_Library\project\iar\Debug_m7_0\Obj\eth_phy_18133017486186456677.dir: [9]
    ---------------------------------------------------------------
    Total:

E:\CYT4BB7_Library-master\CYT4BB7_Library-master\Seekfree_CYT4BB_Opensource_Library\project\iar\Debug_m7_0\Obj\ethernet_6029839089178797009.dir: [10]
    ---------------------------------------------------------------
    Total:

E:\CYT4BB7_Library-master\CYT4BB7_Library-master\Seekfree_CYT4BB_Opensource_Library\project\iar\Debug_m7_0\Obj\evtgen_3404189088603873129.dir: [11]
    ---------------------------------------------------------------
    Total:

E:\CYT4BB7_Library-master\CYT4BB7_Library-master\Seekfree_CYT4BB_Opensource_Library\project\iar\Debug_m7_0\Obj\flash_8529866181315662935.dir: [12]
    cy_flash.o                       644
    ---------------------------------------------------------------
    Total:                           644

E:\CYT4BB7_Library-master\CYT4BB7_Library-master\Seekfree_CYT4BB_Opensource_Library\project\iar\Debug_m7_0\Obj\flash_864493325053435817.dir: [13]
    cy_mw_flash.o                    416      132        2
    ---------------------------------------------------------------
    Total:                           416      132        2

E:\CYT4BB7_Library-master\CYT4BB7_Library-master\Seekfree_CYT4BB_Opensource_Library\project\iar\Debug_m7_0\Obj\gpio_3999404635324069351.dir: [14]
    cy_gpio.o                        404
    ---------------------------------------------------------------
    Total:                           404

E:\CYT4BB7_Library-master\CYT4BB7_Library-master\Seekfree_CYT4BB_Opensource_Library\project\iar\Debug_m7_0\Obj\ipc_10145506163450686023.dir: [15]
    cy_ipc_drv.o                      96        4
    ---------------------------------------------------------------
    Total:                            96        4

E:\CYT4BB7_Library-master\CYT4BB7_Library-master\Seekfree_CYT4BB_Opensource_Library\project\iar\Debug_m7_0\Obj\lin_18429031207028094880.dir: [16]
    ---------------------------------------------------------------
    Total:

E:\CYT4BB7_Library-master\CYT4BB7_Library-master\Seekfree_CYT4BB_Opensource_Library\project\iar\Debug_m7_0\Obj\lvd_6353935867039560245.dir: [17]
    ---------------------------------------------------------------
    Total:

E:\CYT4BB7_Library-master\CYT4BB7_Library-master\Seekfree_CYT4BB_Opensource_Library\project\iar\Debug_m7_0\Obj\mcwdt_4052485907822033969.dir: [18]
    ---------------------------------------------------------------
    Total:

E:\CYT4BB7_Library-master\CYT4BB7_Library-master\Seekfree_CYT4BB_Opensource_Library\project\iar\Debug_m7_0\Obj\mpu_5663187252346826382.dir: [19]
    ---------------------------------------------------------------
    Total:

E:\CYT4BB7_Library-master\CYT4BB7_Library-master\Seekfree_CYT4BB_Opensource_Library\project\iar\Debug_m7_0\Obj\power_14453085144426420577.dir: [20]
    ---------------------------------------------------------------
    Total:

E:\CYT4BB7_Library-master\CYT4BB7_Library-master\Seekfree_CYT4BB_Opensource_Library\project\iar\Debug_m7_0\Obj\prot_10722960861768657883.dir: [21]
    ---------------------------------------------------------------
    Total:

E:\CYT4BB7_Library-master\CYT4BB7_Library-master\Seekfree_CYT4BB_Opensource_Library\project\iar\Debug_m7_0\Obj\rev_b_4986922561640112550.dir: [22]
    system_tviibh4m_cm7.o            336      164       20
    ---------------------------------------------------------------
    Total:                           336      164       20

E:\CYT4BB7_Library-master\CYT4BB7_Library-master\Seekfree_CYT4BB_Opensource_Library\project\iar\Debug_m7_0\Obj\rev_b_6162237342861132223.dir: [23]
    cy_interrupt_map.o               408      249    1'776
    ---------------------------------------------------------------
    Total:                           408      249    1'776

E:\CYT4BB7_Library-master\CYT4BB7_Library-master\Seekfree_CYT4BB_Opensource_Library\project\iar\Debug_m7_0\Obj\scb_15490842639181808494.dir: [24]
    cy_scb_spi.o                     496       16
    cy_scb_uart.o                    788       40
    ---------------------------------------------------------------
    Total:                         1'284       56

E:\CYT4BB7_Library-master\CYT4BB7_Library-master\Seekfree_CYT4BB_Opensource_Library\project\iar\Debug_m7_0\Obj\sd_host_2982766354293506895.dir: [25]
    ---------------------------------------------------------------
    Total:

E:\CYT4BB7_Library-master\CYT4BB7_Library-master\Seekfree_CYT4BB_Opensource_Library\project\iar\Debug_m7_0\Obj\semihosting_143864889731838620.dir: [26]
    ---------------------------------------------------------------
    Total:

E:\CYT4BB7_Library-master\CYT4BB7_Library-master\Seekfree_CYT4BB_Opensource_Library\project\iar\Debug_m7_0\Obj\smartio_5451710003740070188.dir: [27]
    ---------------------------------------------------------------
    Total:

E:\CYT4BB7_Library-master\CYT4BB7_Library-master\Seekfree_CYT4BB_Opensource_Library\project\iar\Debug_m7_0\Obj\smif_427648126384146252.dir: [28]
    ---------------------------------------------------------------
    Total:

E:\CYT4BB7_Library-master\CYT4BB7_Library-master\Seekfree_CYT4BB_Opensource_Library\project\iar\Debug_m7_0\Obj\smif_mem_6470536964353725183.dir: [29]
    ---------------------------------------------------------------
    Total:

E:\CYT4BB7_Library-master\CYT4BB7_Library-master\Seekfree_CYT4BB_Opensource_Library\project\iar\Debug_m7_0\Obj\srom_13018798572330080582.dir: [30]
    cy_srom.o                        748      152       24
    ---------------------------------------------------------------
    Total:                           748      152       24

E:\CYT4BB7_Library-master\CYT4BB7_Library-master\Seekfree_CYT4BB_Opensource_Library\project\iar\Debug_m7_0\Obj\startup_479057977785470282.dir: [31]
    startup.o                        516       24
    startup_cm7.o                    442               128
    ---------------------------------------------------------------
    Total:                           958       24      128

E:\CYT4BB7_Library-master\CYT4BB7_Library-master\Seekfree_CYT4BB_Opensource_Library\project\iar\Debug_m7_0\Obj\sw_timer_4215635015939382130.dir: [32]
    ---------------------------------------------------------------
    Total:

E:\CYT4BB7_Library-master\CYT4BB7_Library-master\Seekfree_CYT4BB_Opensource_Library\project\iar\Debug_m7_0\Obj\sysclk_16149231235676103872.dir: [33]
    cy_sysclk.o                    2'280      288       25
    ---------------------------------------------------------------
    Total:                         2'280      288       25

E:\CYT4BB7_Library-master\CYT4BB7_Library-master\Seekfree_CYT4BB_Opensource_Library\project\iar\Debug_m7_0\Obj\sysflt_12293435975120599261.dir: [34]
    ---------------------------------------------------------------
    Total:

E:\CYT4BB7_Library-master\CYT4BB7_Library-master\Seekfree_CYT4BB_Opensource_Library\project\iar\Debug_m7_0\Obj\sysint_7435970359207984181.dir: [35]
    cy_sysint.o                      172        8
    ---------------------------------------------------------------
    Total:                           172        8

E:\CYT4BB7_Library-master\CYT4BB7_Library-master\Seekfree_CYT4BB_Opensource_Library\project\iar\Debug_m7_0\Obj\syslib_16330585751512546975.dir: [36]
    cy_syslib.o                      262               140
    cy_syslib_iar.o                   30
    ---------------------------------------------------------------
    Total:                           292               140

E:\CYT4BB7_Library-master\CYT4BB7_Library-master\Seekfree_CYT4BB_Opensource_Library\project\iar\Debug_m7_0\Obj\syspm_10887939769544754770.dir: [37]
    ---------------------------------------------------------------
    Total:

E:\CYT4BB7_Library-master\CYT4BB7_Library-master\Seekfree_CYT4BB_Opensource_Library\project\iar\Debug_m7_0\Obj\sysreghc_17676636058511625587.dir: [38]
[...]
timer_clear             0x1009'72d3      0x16  Code  Gb  zf_driver_timer.o [50]
timer_get               0x1009'72a5      0x2e  Code  Gb  zf_driver_timer.o [50]
timer_init              0x1009'72e9      0xc8  Code  Gb  zf_driver_timer.o [50]
timer_start             0x1009'727d      0x28  Code  Gb  zf_driver_timer.o [50]
tof_diff_vel_debug      0x2805'6470       0x4  Data  Gb  tof.o [5]
tof_dist_cm             0x2805'6454       0x4  Data  Gb  tof.o [5]
tof_get_distance        0x100a'23b9      0x8c  Code  Gb  tof.o [5]
tof_ground_fault_since_us
                        0x2805'6488       0x4  Data  Lc  tof.o [5]
tof_health              0x2805'5ffc      0x30  Data  Gb  tof.o [5]
tof_health_ok           0x100a'2241      0x68  Code  Gb  tof.o [5]
tof_health_reset_tracking
                        0x100a'2161      0x4e  Code  Lc  tof.o [5]
tof_health_update       0x100a'21af      0x90  Code  Lc  tof.o [5]
tof_init                0x100a'22e1      0x1c  Code  Gb  tof.o [5]
tof_last_raw_mm         0x2805'64ea       0x2  Data  Lc  tof.o [5]
tof_last_raw_valid      0x2805'6519       0x1  Data  Lc  tof.o [5]
tof_last_recovery_attempt_us
                        0x2805'648c       0x4  Data  Lc  tof.o [5]
tof_last_sample_time_us
                        0x2805'6484       0x4  Data  Lc  tof.o [5]
tof_last_stream_valid   0x2805'651b       0x1  Data  Lc  tof.o [5]
tof_last_streamcount    0x2805'651a       0x1  Data  Lc  tof.o [5]
tof_recovery_task       0x100a'22fd      0xbc  Code  Lc  tof.o [5]
tsl1401_collect_pit_handler
                        0x100a'5d0d      0x68  Code  Gb  zf_device_tsl1401.o [49]
tsl1401_data            0x2805'5294     0x200  Data  Gb  zf_device_tsl1401.o [49]
tsl1401_finish_flag     0x2805'6527       0x1  Data  Gb  zf_device_tsl1401.o [49]
tsl1401_init_state      0x2805'6526       0x1  Data  Lc  zf_device_tsl1401.o [49]
type_default_callback   0x100a'5fed       0x2  Code  Lc  zf_device_type.o [49]
uart0_isr               0x100a'5899      0x12  Code  Gb  cm7_0_isr.o [45]
uart1_isr               0x100a'58ab      0x12  Code  Gb  cm7_0_isr.o [45]
uart2_isr               0x100a'58bd      0x12  Code  Gb  cm7_0_isr.o [45]
uart3_isr               0x100a'58cf      0x12  Code  Gb  cm7_0_isr.o [45]
uart4_isr               0x100a'58e1      0x12  Code  Gb  cm7_0_isr.o [45]
uart5_isr               0x100a'58f3       0xa  Code  Gb  cm7_0_isr.o [45]
uart6_isr               0x100a'58fd       0xa  Code  Gb  cm7_0_isr.o [45]
uart_context            0x2805'5494     0x188  Data  Gb  zf_driver_uart.o [50]
uart_control_callback   0x100a'5e71      0xbe  Code  Gb  small_driver_uart_control.o [5]
uart_data_buffer        0x2805'5cb8      0x70  Data  Lc  zf_driver_uart.o [50]
uart_data_buffer_count  0x2805'628c       0x8  Data  Lc  zf_driver_uart.o [50]
uart_data_refresh       0x2805'6294       0x8  Data  Lc  zf_driver_uart.o [50]
uart_init               0x1009'93d5     0x1c0  Code  Gb  zf_driver_uart.o [50]
uart_isr_func           0x2802'0a10      0x1c  Data  Gb  zf_driver_uart.o [50]
uart_isr_mask           0x1009'8d2d      0xfa  Code  Gb  zf_driver_uart.o [50]
uart_query_byte         0x1009'9093      0x74  Code  Gb  zf_driver_uart.o [50]
uart_receiver_handler   0x2802'09b4       0x4  Data  Gb  zf_device_type.o [49]
uart_rx_interrupt       0x1009'9223     0x1a8  Code  Gb  zf_driver_uart.o [50]
uart_tx_interrupt       0x1009'9107     0x11c  Code  Gb  zf_driver_uart.o [50]
uart_write_buffer       0x1009'9059      0x1e  Code  Gb  zf_driver_uart.o [50]
uart_write_byte         0x1009'9031      0x28  Code  Gb  zf_driver_uart.o [50]
uart_write_string       0x1009'9077      0x1c  Code  Gb  zf_driver_uart.o [50]
update_current_height   0x100a'2449     0x11e  Code  Gb  tof.o [5]
update_current_height::filtered_height
                        0x2805'6498       0x4  Data  Lc  tof.o [5]
update_current_height::filtered_vel_z
                        0x2805'6494       0x4  Data  Lc  tof.o [5]
update_current_height::last_height
                        0x2805'6490       0x4  Data  Lc  tof.o [5]
update_position_from_flow
                        0x1009'e8d5     0x94e  Code  Gb  flow.o [5]
update_position_from_flow::flow_lost_count
                        0x2805'6500       0x1  Data  Lc  flow.o [5]
update_position_from_flow::flow_pos_x
                        0x2805'637c       0x4  Data  Lc  flow.o [5]
update_position_from_flow::flow_pos_y
                        0x2805'6380       0x4  Data  Lc  flow.o [5]
update_position_from_flow::flow_recover_count
                        0x2805'6501       0x1  Data  Lc  flow.o [5]
update_position_from_flow::flow_speed
                        0x2805'638c       0x4  Data  Lc  flow.o [5]
update_position_from_flow::flow_vel_x
                        0x2805'6384       0x4  Data  Lc  flow.o [5]
update_position_from_flow::flow_vel_y
                        0x2805'6388       0x4  Data  Lc  flow.o [5]
update_position_from_flow::gyro_pos_y
                        0x2805'63ac       0x4  Data  Lc  flow.o [5]
update_position_from_flow::last_delta_x
                        0x2805'6390       0x4  Data  Lc  flow.o [5]
update_position_from_flow::last_delta_y
                        0x2805'6394       0x4  Data  Lc  flow.o [5]
update_position_from_flow::last_yaw_deg
                        0x2805'63a0       0x4  Data  Lc  flow.o [5]
update_position_from_flow::offset_pos_y
                        0x2805'63b0       0x4  Data  Lc  flow.o [5]
update_position_from_flow::raw_pos_y
                        0x2805'63a4       0x4  Data  Lc  flow.o [5]
update_position_from_flow::true_pos_x
                        0x2805'63b4       0x4  Data  Lc  flow.o [5]
update_position_from_flow::true_pos_y
                        0x2805'63a8       0x4  Data  Lc  flow.o [5]
update_position_from_flow::yaw_delta_inited
                        0x2805'6502       0x1  Data  Lc  flow.o [5]
update_position_from_flow{26}::gyro_history_fallback_count
                        0x2805'639c       0x4  Data  Lc  flow.o [5]
update_position_from_flow{26}::gyro_history_hit_count
                        0x2805'6398       0x4  Data  Lc  flow.o [5]
update_position_from_flow{26}::shadow_delay_us
                        0x100a'8654      0x18  Data  Lc  flow.o [5]
vehicle_setpoint        0x2805'602c      0x28  Data  Gb  param.o [5]
vehicle_state           0x2805'5e3c      0x4c  Data  Gb  param.o [5]
vision_attitude_compensation_with_attitude
                        0x100a'5031      0xe4  Code  Gb  beacon.o [5]
vision_attitude_mailbox
                        0x2800'1200      0x20  Data  Lc  vision_shared.o [5]
vision_attitude_shared_publish
                        0x1009'6fc9      0x4a  Code  Gb  vision_shared.o [5]
vision_attitude_sync_ok
                        0x2805'64f7       0x1  Data  Lc  beacon.o [5]
vision_attitude_time_error_us
                        0x2805'62f0       0x4  Data  Lc  beacon.o [5]
vision_consumer_update  0x100a'5131     0x308  Code  Gb  beacon.o [5]
vision_consumer_update::last_frame_id
                        0x2805'62f4       0x4  Data  Lc  beacon.o [5]
vision_consumer_update::last_frame_rx_us
                        0x2805'62f8       0x4  Data  Lc  beacon.o [5]
vision_consumer_update::stale_reported
                        0x2805'64f8       0x1  Data  Lc  beacon.o [5]
vision_detection_snapshot
                        0x2805'5bd4      0x74  Data  Gb  beacon.o [5]
vision_nav_absf         0x100a'46e9      0x12  Code  Lc  vision_nav.o [5]
vision_nav_apply_ekf    0x100a'48f9     0x140  Code  Lc  vision_nav.o [5]
vision_nav_begin_target
                        0x100a'48c5      0x32  Code  Lc  vision_nav.o [5]
vision_nav_clampf       0x100a'46fb      0x22  Code  Lc  vision_nav.o [5]
vision_nav_clear_measurement
                        0x100a'486d      0x3a  Code  Lc  vision_nav.o [5]
vision_nav_fast_search_update
                        0x100a'471d      0xd2  Code  Lc  vision_nav.o [5]
vision_nav_geometry_ok  0x100a'47f1      0x7c  Code  Lc  vision_nav.o [5]
vision_nav_init         0x100a'4a3d       0x8  Code  Gb  vision_nav.o [5]
vision_nav_obs          0x2805'5de8      0x54  Data  Gb  vision_nav.o [5]
vision_nav_reset        0x100a'4a45      0x16  Code  Gb  vision_nav.o [5]
vision_nav_start_search
                        0x100a'48a7      0x1e  Code  Lc  vision_nav.o [5]
vision_nav_target_active
                        0x100a'4a5b      0x18  Code  Gb  vision_nav.o [5]
vision_nav_target_seq   0x100a'4a73       0x6  Code  Gb  vision_nav.o [5]
vision_nav_update       0x100a'4a89     0x2ea  Code  Gb  vision_nav.o [5]
vision_nav_update{25}::last_print_us
                        0x2805'64a8       0x4  Data  Lc  vision_nav.o [5]
vision_shared_copy_from_volatile
                        0x1009'6fb5      0x14  Code  Lc  vision_shared.o [5]
vision_shared_mailbox   0x2800'1000     0x160  Data  Lc  vision_shared.o [5]
vision_shared_read      0x1009'7013      0xec  Code  Gb  vision_shared.o [5]
vl53l8_config           0x2805'2d70    0x1f24  Data  Lc  vl53l8_if.o [46]
vl53l8_data             0x2805'5824      0xd0  Data  Gb  vl53l8_if.o [46]
vl53l8_decode_results   0x100a'2f75     0x1e4  Code  Lc  vl53l8_if.o [46]
vl53l8_decode_results::center_zone
                        0x100a'86b4      0x10  Data  Lc  vl53l8_if.o [46]
vl53l8_get_height_mm    0x100a'3263      0x10  Code  Gb  vl53l8_if.o [46]
vl53l8_iic              0x2805'6220      0x10  Data  Lc  vl53l8_platform.o [46]
vl53l8_iic_inited       0x2805'651f       0x1  Data  Lc  vl53l8_platform.o [46]
vl53l8_init             0x100a'3159      0xb2  Code  Gb  vl53l8_if.o [46]
vl53l8_platform_prepare
                        0x1009'de49      0x2c  Code  Lc  vl53l8_platform.o [46]
vl53l8_results          0x2805'58f4      0xc4  Data  Lc  vl53l8_if.o [46]
vl53l8_target_is_valid  0x100a'2f55      0x20  Code  Lc  vl53l8_if.o [46]
vl53l8_tx_buffer        0x2805'5a54      0x84  Data  Lc  vl53l8_platform.o [46]
vl53l8_update           0x100a'320b      0x58  Code  Gb  vl53l8_if.o [46]
vl53l8_xs_reset         0x100a'2f25      0x30  Code  Lc  vl53l8_if.o [46]
vl53lmz_check_data_ready
                        0x1009'd6d5      0x6e  Code  Gb  vl53lmz_api.o [46]
vl53lmz_create_output_config
                        0x1009'dbfd      0x52  Code  Gb  vl53lmz_api.o [46]
vl53lmz_dci_read_data   0x1009'd9dd      0xc6  Code  Gb  vl53lmz_api.o [46]
vl53lmz_dci_replace_data
                        0x1009'dbad      0x50  Code  Gb  vl53lmz_api.o [46]
vl53lmz_dci_write_data  0x1009'daa3     0x104  Code  Gb  vl53lmz_api.o [46]
vl53lmz_get_ranging_data
                        0x1009'd743     0x124  Code  Gb  vl53lmz_api.o [46]
vl53lmz_get_resolution  0x1009'd867      0x2e  Code  Gb  vl53lmz_api.o [46]
vl53lmz_init            0x1009'd113     0x58c  Code  Gb  vl53lmz_api.o [46]
vl53lmz_is_alive        0x1009'd06d      0xa6  Code  Gb  vl53lmz_api.o [46]
vl53lmz_send_output_config_and_start
                        0x1009'dc61     0x1cc  Code  Gb  vl53lmz_api.o [46]
vl53lmz_set_ranging_frequency_hz
                        0x1009'd9b3      0x2a  Code  Gb  vl53lmz_api.o [46]
vl53lmz_set_resolution  0x1009'd895     0x11e  Code  Gb  vl53lmz_api.o [46]
vl53lmz_start_ranging   0x1009'd6b9      0x1c  Code  Gb  vl53lmz_api.o [46]
wireless_module_uart_handler
                        0x2802'09b0       0x4  Data  Gb  zf_device_type.o [49]
wireless_type           0x2805'6528       0x1  Data  Gb  zf_device_type.o [49]
wireless_uart_callback  0x100a'5e4d      0x1c  Code  Gb  zf_device_wireless_uart.o [49]
wireless_uart_data      0x2805'6529       0x1  Data  Lc  zf_device_wireless_uart.o [49]
wireless_uart_fifo      0x2805'6164      0x18  Data  Lc  zf_device_wireless_uart.o [49]
ycar_body_x             0x2805'62e0       0x4  Data  Gb  beacon.o [5]
ycar_body_y             0x2805'62e4       0x4  Data  Gb  beacon.o [5]
ycar_head_body_x        0x2805'62e8       0x4  Data  Gb  beacon.o [5]
ycar_head_body_y        0x2805'62ec       0x4  Data  Gb  beacon.o [5]
ycar_info               0x2805'61dc      0x10  Data  Gb  beacon.o [5]
ycar_lost_cnt           0x2805'64f6       0x1  Data  Lc  beacon.o [5]
zf_debug_assert_enable  0x2802'0a4c       0x1  Data  Lc  zf_common_debug.o [47]
zf_debug_init_flag      0x2805'6520       0x1  Data  Lc  zf_common_debug.o [47]
zupt_stable_cnt         0x2805'64dc       0x2  Data  Lc  imu.o [5]


[1] = E:\CYT4BB7_Library-master\CYT4BB7_Library-master\Seekfree_CYT4BB_Opensource_Library\project\iar\Debug_m7_0\Obj\adc_11722776235721520015.dir
[2] = E:\CYT4BB7_Library-master\CYT4BB7_Library-master\Seekfree_CYT4BB_Opensource_Library\project\iar\Debug_m7_0\Obj\audioss_1346650047966882938.dir
[3] = E:\CYT4BB7_Library-master\CYT4BB7_Library-master\Seekfree_CYT4BB_Opensource_Library\project\iar\Debug_m7_0\Obj\button_4990804375159372270.dir
[4] = E:\CYT4BB7_Library-master\CYT4BB7_Library-master\Seekfree_CYT4BB_Opensource_Library\project\iar\Debug_m7_0\Obj\canfd_1800690984773873875.dir
[5] = E:\CYT4BB7_Library-master\CYT4BB7_Library-master\Seekfree_CYT4BB_Opensource_Library\project\iar\Debug_m7_0\Obj\code_17896468042025673432.dir
[6] = E:\CYT4BB7_Library-master\CYT4BB7_Library-master\Seekfree_CYT4BB_Opensource_Library\project\iar\Debug_m7_0\Obj\cpu_15938736945165268644.dir
[7] = E:\CYT4BB7_Library-master\CYT4BB7_Library-master\Seekfree_CYT4BB_Opensource_Library\project\iar\Debug_m7_0\Obj\crypto_1190170608956581615.dir
[8] = E:\CYT4BB7_Library-master\CYT4BB7_Library-master\Seekfree_CYT4BB_Opensource_Library\project\iar\Debug_m7_0\Obj\dma_12106025507578611576.dir
[9] = E:\CYT4BB7_Library-master\CYT4BB7_Library-master\Seekfree_CYT4BB_Opensource_Library\project\iar\Debug_m7_0\Obj\eth_phy_18133017486186456677.dir
[10] = E:\CYT4BB7_Library-master\CYT4BB7_Library-master\Seekfree_CYT4BB_Opensource_Library\project\iar\Debug_m7_0\Obj\ethernet_6029839089178797009.dir
[11] = E:\CYT4BB7_Library-master\CYT4BB7_Library-master\Seekfree_CYT4BB_Opensource_Library\project\iar\Debug_m7_0\Obj\evtgen_3404189088603873129.dir
[12] = E:\CYT4BB7_Library-master\CYT4BB7_Library-master\Seekfree_CYT4BB_Opensource_Library\project\iar\Debug_m7_0\Obj\flash_8529866181315662935.dir
[13] = E:\CYT4BB7_Library-master\CYT4BB7_Library-master\Seekfree_CYT4BB_Opensource_Library\project\iar\Debug_m7_0\Obj\flash_864493325053435817.dir
[14] = E:\CYT4BB7_Library-master\CYT4BB7_Library-master\Seekfree_CYT4BB_Opensource_Library\project\iar\Debug_m7_0\Obj\gpio_3999404635324069351.dir
[15] = E:\CYT4BB7_Library-master\CYT4BB7_Library-master\Seekfree_CYT4BB_Opensource_Library\project\iar\Debug_m7_0\Obj\ipc_10145506163450686023.dir
[16] = E:\CYT4BB7_Library-master\CYT4BB7_Library-master\Seekfree_CYT4BB_Opensource_Library\project\iar\Debug_m7_0\Obj\lin_18429031207028094880.dir
[17] = E:\CYT4BB7_Library-master\CYT4BB7_Library-master\Seekfree_CYT4BB_Opensource_Library\project\iar\Debug_m7_0\Obj\lvd_6353935867039560245.dir
[18] = E:\CYT4BB7_Library-master\CYT4BB7_Library-master\Seekfree_CYT4BB_Opensource_Library\project\iar\Debug_m7_0\Obj\mcwdt_4052485907822033969.dir
[19] = E:\CYT4BB7_Library-master\CYT4BB7_Library-master\Seekfree_CYT4BB_Opensource_Library\project\iar\Debug_m7_0\Obj\mpu_5663187252346826382.dir
[20] = E:\CYT4BB7_Library-master\CYT4BB7_Library-master\Seekfree_CYT4BB_Opensource_Library\project\iar\Debug_m7_0\Obj\power_14453085144426420577.dir
[21] = E:\CYT4BB7_Library-master\CYT4BB7_Library-master\Seekfree_CYT4BB_Opensource_Library\project\iar\Debug_m7_0\Obj\prot_10722960861768657883.dir
[22] = E:\CYT4BB7_Library-master\CYT4BB7_Library-master\Seekfree_CYT4BB_Opensource_Library\project\iar\Debug_m7_0\Obj\rev_b_4986922561640112550.dir
[23] = E:\CYT4BB7_Library-master\CYT4BB7_Library-master\Seekfree_CYT4BB_Opensource_Library\project\iar\Debug_m7_0\Obj\rev_b_6162237342861132223.dir
[24] = E:\CYT4BB7_Library-master\CYT4BB7_Library-master\Seekfree_CYT4BB_Opensource_Library\project\iar\Debug_m7_0\Obj\scb_15490842639181808494.dir
[25] = E:\CYT4BB7_Library-master\CYT4BB7_Library-master\Seekfree_CYT4BB_Opensource_Library\project\iar\Debug_m7_0\Obj\sd_host_2982766354293506895.dir
[26] = E:\CYT4BB7_Library-master\CYT4BB7_Library-master\Seekfree_CYT4BB_Opensource_Library\project\iar\Debug_m7_0\Obj\semihosting_143864889731838620.dir
[27] = E:\CYT4BB7_Library-master\CYT4BB7_Library-master\Seekfree_CYT4BB_Opensource_Library\project\iar\Debug_m7_0\Obj\smartio_5451710003740070188.dir
[28] = E:\CYT4BB7_Library-master\CYT4BB7_Library-master\Seekfree_CYT4BB_Opensource_Library\project\iar\Debug_m7_0\Obj\smif_427648126384146252.dir
[29] = E:\CYT4BB7_Library-master\CYT4BB7_Library-master\Seekfree_CYT4BB_Opensource_Library\project\iar\Debug_m7_0\Obj\smif_mem_6470536964353725183.dir
[30] = E:\CYT4BB7_Library-master\CYT4BB7_Library-master\Seekfree_CYT4BB_Opensource_Library\project\iar\Debug_m7_0\Obj\srom_13018798572330080582.dir
[31] = E:\CYT4BB7_Library-master\CYT4BB7_Library-master\Seekfree_CYT4BB_Opensource_Library\project\iar\Debug_m7_0\Obj\startup_479057977785470282.dir
[32] = E:\CYT4BB7_Library-master\CYT4BB7_Library-master\Seekfree_CYT4BB_Opensource_Library\project\iar\Debug_m7_0\Obj\sw_timer_4215635015939382130.dir
[33] = E:\CYT4BB7_Library-master\CYT4BB7_Library-master\Seekfree_CYT4BB_Opensource_Library\project\iar\Debug_m7_0\Obj\sysclk_16149231235676103872.dir
[34] = E:\CYT4BB7_Library-master\CYT4BB7_Library-master\Seekfree_CYT4BB_Opensource_Library\project\iar\Debug_m7_0\Obj\sysflt_12293435975120599261.dir
[35] = E:\CYT4BB7_Library-master\CYT4BB7_Library-master\Seekfree_CYT4BB_Opensource_Library\project\iar\Debug_m7_0\Obj\sysint_7435970359207984181.dir
[36] = E:\CYT4BB7_Library-master\CYT4BB7_Library-master\Seekfree_CYT4BB_Opensource_Library\project\iar\Debug_m7_0\Obj\syslib_16330585751512546975.dir
[37] = E:\CYT4BB7_Library-master\CYT4BB7_Library-master\Seekfree_CYT4BB_Opensource_Library\project\iar\Debug_m7_0\Obj\syspm_10887939769544754770.dir
[38] = E:\CYT4BB7_Library-master\CYT4BB7_Library-master\Seekfree_CYT4BB_Opensource_Library\project\iar\Debug_m7_0\Obj\sysreghc_17676636058511625587.dir
[39] = E:\CYT4BB7_Library-master\CYT4BB7_Library-master\Seekfree_CYT4BB_Opensource_Library\project\iar\Debug_m7_0\Obj\sysreset_14586141425677365288.dir
[40] = E:\CYT4BB7_Library-master\CYT4BB7_Library-master\Seekfree_CYT4BB_Opensource_Library\project\iar\Debug_m7_0\Obj\sysrtc_10747768817563771611.dir
[41] = E:\CYT4BB7_Library-master\CYT4BB7_Library-master\Seekfree_CYT4BB_Opensource_Library\project\iar\Debug_m7_0\Obj\systick_16016591671695740695.dir
[42] = E:\CYT4BB7_Library-master\CYT4BB7_Library-master\Seekfree_CYT4BB_Opensource_Library\project\iar\Debug_m7_0\Obj\syswdt_9118657615806274156.dir
[43] = E:\CYT4BB7_Library-master\CYT4BB7_Library-master\Seekfree_CYT4BB_Opensource_Library\project\iar\Debug_m7_0\Obj\tcpwm_422923530147891246.dir
[44] = E:\CYT4BB7_Library-master\CYT4BB7_Library-master\Seekfree_CYT4BB_Opensource_Library\project\iar\Debug_m7_0\Obj\trigmux_9729677290734583340.dir
[45] = E:\CYT4BB7_Library-master\CYT4BB7_Library-master\Seekfree_CYT4BB_Opensource_Library\project\iar\Debug_m7_0\Obj\user_8514941877209965082.dir
[46] = E:\CYT4BB7_Library-master\CYT4BB7_Library-master\Seekfree_CYT4BB_Opensource_Library\project\iar\Debug_m7_0\Obj\vl53l8_16729951325710449878.dir
[47] = E:\CYT4BB7_Library-master\CYT4BB7_Library-master\Seekfree_CYT4BB_Opensource_Library\project\iar\Debug_m7_0\Obj\zf_common_1201165462030747823.dir
[48] = E:\CYT4BB7_Library-master\CYT4BB7_Library-master\Seekfree_CYT4BB_Opensource_Library\project\iar\Debug_m7_0\Obj\zf_components_14936052685886095442.dir
[49] = E:\CYT4BB7_Library-master\CYT4BB7_Library-master\Seekfree_CYT4BB_Opensource_Library\project\iar\Debug_m7_0\Obj\zf_device_6570275422786408770.dir
[50] = E:\CYT4BB7_Library-master\CYT4BB7_Library-master\Seekfree_CYT4BB_Opensource_Library\project\iar\Debug_m7_0\Obj\zf_driver_11922370083829174090.dir
[51] = dl7M_tln.a
[52] = m7M_tlv.a
[53] = rt7M_tl.a
[54] = shb_l.a
[55] = zf_device_config.a

   74'336 bytes of readonly  code memory
   92'054 bytes of readonly  data memory
  230'825 bytes of readwrite data memory (+ 384 absolute)

Errors: none
Warnings: none
