###############################################################################
#
# IAR ELF Linker V9.40.1.364/W64 for ARM                  17/Jul/2026  15:01:03
# Copyright 2007-2023 IAR Systems AB.
#
#    Output file  =
#        E:\CYT4BB7_Library-master\CYT4BB7_Library-master\Seekfree_CYT4BB_Opensource_Library\project\iar\project_config\Debug_m7_0\Exe\cyt4bb7_cm_7_0.out
#    Map file     =
#        E:\CYT4BB7_Library-master\CYT4BB7_Library-master\Seekfree_CYT4BB_Opensource_Library\project\iar\Debug_m7_0\List\cyt4bb7_cm_7_0.map
#    Command line =
#        -f
#        E:\CYT4BB7_Library-master\CYT4BB7_Library-master\Seekfree_CYT4BB_Opensource_Library\project\iar\project_config\Debug_m7_0\Exe\cyt4bb7_cm_7_0.out.rsp
#        (E:\CYT4BB7_Library-master\CYT4BB7_Library-master\Seekfree_CYT4BB_Opensource_Library\project\iar\Debug_m7_0\Obj\code_17896468042025673432.dir\alt_ctrl.o
#        E:\CYT4BB7_Library-master\CYT4BB7_Library-master\Seekfree_CYT4BB_Opensource_Library\project\iar\Debug_m7_0\Obj\code_17896468042025673432.dir\att_ctrl.o
#        E:\CYT4BB7_Library-master\CYT4BB7_Library-master\Seekfree_CYT4BB_Opensource_Library\project\iar\Debug_m7_0\Obj\code_17896468042025673432.dir\beacon.o
#        E:\CYT4BB7_Library-master\CYT4BB7_Library-master\Seekfree_CYT4BB_Opensource_Library\project\iar\Debug_m7_0\Obj\user_8514941877209965082.dir\cm7_0_isr.o
#        E:\CYT4BB7_Library-master\CYT4BB7_Library-master\Seekfree_CYT4BB_Opensource_Library\project\iar\Debug_m7_0\Obj\code_17896468042025673432.dir\ctrl_common.o
#        E:\CYT4BB7_Library-master\CYT4BB7_Library-master\Seekfree_CYT4BB_Opensource_Library\project\iar\Debug_m7_0\Obj\adc_11722776235721520015.dir\cy_adc.o
#        E:\CYT4BB7_Library-master\CYT4BB7_Library-master\Seekfree_CYT4BB_Opensource_Library\project\iar\Debug_m7_0\Obj\button_4990804375159372270.dir\cy_button.o
#        E:\CYT4BB7_Library-master\CYT4BB7_Library-master\Seekfree_CYT4BB_Opensource_Library\project\iar\Debug_m7_0\Obj\canfd_1800690984773873875.dir\cy_canfd.o
#        E:\CYT4BB7_Library-master\CYT4BB7_Library-master\Seekfree_CYT4BB_Opensource_Library\project\iar\Debug_m7_0\Obj\cpu_15938736945165268644.dir\cy_cpu.o
#        E:\CYT4BB7_Library-master\CYT4BB7_Library-master\Seekfree_CYT4BB_Opensource_Library\project\iar\Debug_m7_0\Obj\crypto_1190170608956581615.dir\cy_crypto_config.o
#        E:\CYT4BB7_Library-master\CYT4BB7_Library-master\Seekfree_CYT4BB_Opensource_Library\project\iar\Debug_m7_0\Obj\eth_phy_18133017486186456677.dir\cy_dp83867.o
#        E:\CYT4BB7_Library-master\CYT4BB7_Library-master\Seekfree_CYT4BB_Opensource_Library\project\iar\Debug_m7_0\Obj\ethernet_6029839089178797009.dir\cy_ethif.o
#        E:\CYT4BB7_Library-master\CYT4BB7_Library-master\Seekfree_CYT4BB_Opensource_Library\project\iar\Debug_m7_0\Obj\evtgen_3404189088603873129.dir\cy_evtgen.o
#        E:\CYT4BB7_Library-master\CYT4BB7_Library-master\Seekfree_CYT4BB_Opensource_Library\project\iar\Debug_m7_0\Obj\flash_8529866181315662935.dir\cy_flash.o
#        E:\CYT4BB7_Library-master\CYT4BB7_Library-master\Seekfree_CYT4BB_Opensource_Library\project\iar\Debug_m7_0\Obj\gpio_3999404635324069351.dir\cy_gpio.o
#        E:\CYT4BB7_Library-master\CYT4BB7_Library-master\Seekfree_CYT4BB_Opensource_Library\project\iar\Debug_m7_0\Obj\audioss_1346650047966882938.dir\cy_i2s.o
#        E:\CYT4BB7_Library-master\CYT4BB7_Library-master\Seekfree_CYT4BB_Opensource_Library\project\iar\Debug_m7_0\Obj\rev_b_6162237342861132223.dir\cy_interrupt_map.o
#        E:\CYT4BB7_Library-master\CYT4BB7_Library-master\Seekfree_CYT4BB_Opensource_Library\project\iar\Debug_m7_0\Obj\ipc_10145506163450686023.dir\cy_ipc_drv.o
#        E:\CYT4BB7_Library-master\CYT4BB7_Library-master\Seekfree_CYT4BB_Opensource_Library\project\iar\Debug_m7_0\Obj\ipc_10145506163450686023.dir\cy_ipc_pipe.o
#        E:\CYT4BB7_Library-master\CYT4BB7_Library-master\Seekfree_CYT4BB_Opensource_Library\project\iar\Debug_m7_0\Obj\ipc_10145506163450686023.dir\cy_ipc_sema.o
#        E:\CYT4BB7_Library-master\CYT4BB7_Library-master\Seekfree_CYT4BB_Opensource_Library\project\iar\Debug_m7_0\Obj\lin_18429031207028094880.dir\cy_lin.o
#        E:\CYT4BB7_Library-master\CYT4BB7_Library-master\Seekfree_CYT4BB_Opensource_Library\project\iar\Debug_m7_0\Obj\lvd_6353935867039560245.dir\cy_lvd.o
#        E:\CYT4BB7_Library-master\CYT4BB7_Library-master\Seekfree_CYT4BB_Opensource_Library\project\iar\Debug_m7_0\Obj\mcwdt_4052485907822033969.dir\cy_mcwdt.o
#        E:\CYT4BB7_Library-master\CYT4BB7_Library-master\Seekfree_CYT4BB_Opensource_Library\project\iar\Debug_m7_0\Obj\dma_12106025507578611576.dir\cy_mdma.o
#        E:\CYT4BB7_Library-master\CYT4BB7_Library-master\Seekfree_CYT4BB_Opensource_Library\project\iar\Debug_m7_0\Obj\mpu_5663187252346826382.dir\cy_mpu.o
#        E:\CYT4BB7_Library-master\CYT4BB7_Library-master\Seekfree_CYT4BB_Opensource_Library\project\iar\Debug_m7_0\Obj\flash_864493325053435817.dir\cy_mw_flash.o
#        E:\CYT4BB7_Library-master\CYT4BB7_Library-master\Seekfree_CYT4BB_Opensource_Library\project\iar\Debug_m7_0\Obj\dma_12106025507578611576.dir\cy_pdma.o
#        E:\CYT4BB7_Library-master\CYT4BB7_Library-master\Seekfree_CYT4BB_Opensource_Library\project\iar\Debug_m7_0\Obj\power_14453085144426420577.dir\cy_power.o
#        E:\CYT4BB7_Library-master\CYT4BB7_Library-master\Seekfree_CYT4BB_Opensource_Library\project\iar\Debug_m7_0\Obj\prot_10722960861768657883.dir\cy_prot.o
#        E:\CYT4BB7_Library-master\CYT4BB7_Library-master\Seekfree_CYT4BB_Opensource_Library\project\iar\Debug_m7_0\Obj\scb_15490842639181808494.dir\cy_scb_common.o
#        E:\CYT4BB7_Library-master\CYT4BB7_Library-master\Seekfree_CYT4BB_Opensource_Library\project\iar\Debug_m7_0\Obj\scb_15490842639181808494.dir\cy_scb_ezi2c.o
#        E:\CYT4BB7_Library-master\CYT4BB7_Library-master\Seekfree_CYT4BB_Opensource_Library\project\iar\Debug_m7_0\Obj\scb_15490842639181808494.dir\cy_scb_i2c.o
#        E:\CYT4BB7_Library-master\CYT4BB7_Library-master\Seekfree_CYT4BB_Opensource_Library\project\iar\Debug_m7_0\Obj\scb_15490842639181808494.dir\cy_scb_spi.o
#        E:\CYT4BB7_Library-master\CYT4BB7_Library-master\Seekfree_CYT4BB_Opensource_Library\project\iar\Debug_m7_0\Obj\scb_15490842639181808494.dir\cy_scb_uart.o
#        E:\CYT4BB7_Library-master\CYT4BB7_Library-master\Seekfree_CYT4BB_Opensource_Library\project\iar\Debug_m7_0\Obj\sd_host_2982766354293506895.dir\cy_sd_host.o
#        E:\CYT4BB7_Library-master\CYT4BB7_Library-master\Seekfree_CYT4BB_Opensource_Library\project\iar\Debug_m7_0\Obj\semihosting_143864889731838620.dir\cy_semihosting.o
#        E:\CYT4BB7_Library-master\CYT4BB7_Library-master\Seekfree_CYT4BB_Opensource_Library\project\iar\Debug_m7_0\Obj\smartio_5451710003740070188.dir\cy_smartio.o
#        E:\CYT4BB7_Library-master\CYT4BB7_Library-master\Seekfree_CYT4BB_Opensource_Library\project\iar\Debug_m7_0\Obj\smif_427648126384146252.dir\cy_smif.o
#        E:\CYT4BB7_Library-master\CYT4BB7_Library-master\Seekfree_CYT4BB_Opensource_Library\project\iar\Debug_m7_0\Obj\smif_mem_6470536964353725183.dir\cy_smif_device_common.o
#        E:\CYT4BB7_Library-master\CYT4BB7_Library-master\Seekfree_CYT4BB_Opensource_Library\project\iar\Debug_m7_0\Obj\smif_mem_6470536964353725183.dir\cy_smif_hb_flash.o
#        E:\CYT4BB7_Library-master\CYT4BB7_Library-master\Seekfree_CYT4BB_Opensource_Library\project\iar\Debug_m7_0\Obj\smif_427648126384146252.dir\cy_smif_memslot.o
#        E:\CYT4BB7_Library-master\CYT4BB7_Library-master\Seekfree_CYT4BB_Opensource_Library\project\iar\Debug_m7_0\Obj\smif_mem_6470536964353725183.dir\cy_smif_s25fl.o
#        E:\CYT4BB7_Library-master\CYT4BB7_Library-master\Seekfree_CYT4BB_Opensource_Library\project\iar\Debug_m7_0\Obj\smif_mem_6470536964353725183.dir\cy_smif_s25fs.o
#        E:\CYT4BB7_Library-master\CYT4BB7_Library-master\Seekfree_CYT4BB_Opensource_Library\project\iar\Debug_m7_0\Obj\smif_mem_6470536964353725183.dir\cy_smif_semp.o
#        E:\CYT4BB7_Library-master\CYT4BB7_Library-master\Seekfree_CYT4BB_Opensource_Library\project\iar\Debug_m7_0\Obj\smif_427648126384146252.dir\cy_smif_ver_specific.o
#        E:\CYT4BB7_Library-master\CYT4BB7_Library-master\Seekfree_CYT4BB_Opensource_Library\project\iar\Debug_m7_0\Obj\srom_13018798572330080582.dir\cy_srom.o
#        E:\CYT4BB7_Library-master\CYT4BB7_Library-master\Seekfree_CYT4BB_Opensource_Library\project\iar\Debug_m7_0\Obj\sw_timer_4215635015939382130.dir\cy_sw_tmr.o
#        E:\CYT4BB7_Library-master\CYT4BB7_Library-master\Seekfree_CYT4BB_Opensource_Library\project\iar\Debug_m7_0\Obj\sysclk_16149231235676103872.dir\cy_sysclk.o
#        E:\CYT4BB7_Library-master\CYT4BB7_Library-master\Seekfree_CYT4BB_Opensource_Library\project\iar\Debug_m7_0\Obj\sysflt_12293435975120599261.dir\cy_sysflt.o
#        E:\CYT4BB7_Library-master\CYT4BB7_Library-master\Seekfree_CYT4BB_Opensource_Library\project\iar\Debug_m7_0\Obj\sysint_7435970359207984181.dir\cy_sysint.o
#        E:\CYT4BB7_Library-master\CYT4BB7_Library-master\Seekfree_CYT4BB_Opensource_Library\project\iar\Debug_m7_0\Obj\syslib_16330585751512546975.dir\cy_syslib.o
#        E:\CYT4BB7_Library-master\CYT4BB7_Library-master\Seekfree_CYT4BB_Opensource_Library\project\iar\Debug_m7_0\Obj\syslib_16330585751512546975.dir\cy_syslib_iar.o
#        E:\CYT4BB7_Library-master\CYT4BB7_Library-master\Seekfree_CYT4BB_Opensource_Library\project\iar\Debug_m7_0\Obj\syspm_10887939769544754770.dir\cy_syspm.o
#        E:\CYT4BB7_Library-master\CYT4BB7_Library-master\Seekfree_CYT4BB_Opensource_Library\project\iar\Debug_m7_0\Obj\sysreghc_17676636058511625587.dir\cy_sysreghc.o
#        E:\CYT4BB7_Library-master\CYT4BB7_Library-master\Seekfree_CYT4BB_Opensource_Library\project\iar\Debug_m7_0\Obj\sysreset_14586141425677365288.dir\cy_sysreset.o
#        E:\CYT4BB7_Library-master\CYT4BB7_Library-master\Seekfree_CYT4BB_Opensource_Library\project\iar\Debug_m7_0\Obj\sysrtc_10747768817563771611.dir\cy_sysrtc.o
#        E:\CYT4BB7_Library-master\CYT4BB7_Library-master\Seekfree_CYT4BB_Opensource_Library\project\iar\Debug_m7_0\Obj\systick_16016591671695740695.dir\cy_systick.o
#        E:\CYT4BB7_Library-master\CYT4BB7_Library-master\Seekfree_CYT4BB_Opensource_Library\project\iar\Debug_m7_0\Obj\syswdt_9118657615806274156.dir\cy_syswdt.o
#        E:\CYT4BB7_Library-master\CYT4BB7_Library-master\Seekfree_CYT4BB_Opensource_Library\project\iar\Debug_m7_0\Obj\tcpwm_422923530147891246.dir\cy_tcpwm.o
#        E:\CYT4BB7_Library-master\CYT4BB7_Library-master\Seekfree_CYT4BB_Opensource_Library\project\iar\Debug_m7_0\Obj\tcpwm_422923530147891246.dir\cy_tcpwm_counter.o
#        E:\CYT4BB7_Library-master\CYT4BB7_Library-master\Seekfree_CYT4BB_Opensource_Library\project\iar\Debug_m7_0\Obj\tcpwm_422923530147891246.dir\cy_tcpwm_pwm.o
#        E:\CYT4BB7_Library-master\CYT4BB7_Library-master\Seekfree_CYT4BB_Opensource_Library\project\iar\Debug_m7_0\Obj\tcpwm_422923530147891246.dir\cy_tcpwm_quaddec.o
#        E:\CYT4BB7_Library-master\CYT4BB7_Library-master\Seekfree_CYT4BB_Opensource_Library\project\iar\Debug_m7_0\Obj\tcpwm_422923530147891246.dir\cy_tcpwm_sr.o
#        E:\CYT4BB7_Library-master\CYT4BB7_Library-master\Seekfree_CYT4BB_Opensource_Library\project\iar\Debug_m7_0\Obj\trigmux_9729677290734583340.dir\cy_trigmux.o
#        E:\CYT4BB7_Library-master\CYT4BB7_Library-master\Seekfree_CYT4BB_Opensource_Library\project\iar\Debug_m7_0\Obj\code_17896468042025673432.dir\debug.o
#        E:\CYT4BB7_Library-master\CYT4BB7_Library-master\Seekfree_CYT4BB_Opensource_Library\project\iar\Debug_m7_0\Obj\ethernet_6029839089178797009.dir\edd.o
#        E:\CYT4BB7_Library-master\CYT4BB7_Library-master\Seekfree_CYT4BB_Opensource_Library\project\iar\Debug_m7_0\Obj\ethernet_6029839089178797009.dir\edd_rx.o
#        E:\CYT4BB7_Library-master\CYT4BB7_Library-master\Seekfree_CYT4BB_Opensource_Library\project\iar\Debug_m7_0\Obj\ethernet_6029839089178797009.dir\edd_tx.o
#        E:\CYT4BB7_Library-master\CYT4BB7_Library-master\Seekfree_CYT4BB_Opensource_Library\project\iar\Debug_m7_0\Obj\code_17896468042025673432.dir\ekf_lite.o
#        E:\CYT4BB7_Library-master\CYT4BB7_Library-master\Seekfree_CYT4BB_Opensource_Library\project\iar\Debug_m7_0\Obj\code_17896468042025673432.dir\fisheye_lut.o
#        E:\CYT4BB7_Library-master\CYT4BB7_Library-master\Seekfree_CYT4BB_Opensource_Library\project\iar\Debug_m7_0\Obj\code_17896468042025673432.dir\flow.o
#        E:\CYT4BB7_Library-master\CYT4BB7_Library-master\Seekfree_CYT4BB_Opensource_Library\project\iar\Debug_m7_0\Obj\code_17896468042025673432.dir\fly_ctrl.o
#        E:\CYT4BB7_Library-master\CYT4BB7_Library-master\Seekfree_CYT4BB_Opensource_Library\project\iar\Debug_m7_0\Obj\code_17896468042025673432.dir\height_log.o
#        E:\CYT4BB7_Library-master\CYT4BB7_Library-master\Seekfree_CYT4BB_Opensource_Library\project\iar\Debug_m7_0\Obj\code_17896468042025673432.dir\icm42688.o
#        E:\CYT4BB7_Library-master\CYT4BB7_Library-master\Seekfree_CYT4BB_Opensource_Library\project\iar\Debug_m7_0\Obj\code_17896468042025673432.dir\image.o
#        E:\CYT4BB7_Library-master\CYT4BB7_Library-master\Seekfree_CYT4BB_Opensource_Library\project\iar\Debug_m7_0\Obj\code_17896468042025673432.dir\imu.o
#        E:\CYT4BB7_Library-master\CYT4BB7_Library-master\Seekfree_CYT4BB_Opensource_Library\project\iar\Debug_m7_0\Obj\code_17896468042025673432.dir\lc302.o
#        E:\CYT4BB7_Library-master\CYT4BB7_Library-master\Seekfree_CYT4BB_Opensource_Library\project\iar\Debug_m7_0\Obj\code_17896468042025673432.dir\loc_ctrl.o
#        E:\CYT4BB7_Library-master\CYT4BB7_Library-master\Seekfree_CYT4BB_Opensource_Library\project\iar\Debug_m7_0\Obj\code_17896468042025673432.dir\loc_log.o
#        E:\CYT4BB7_Library-master\CYT4BB7_Library-master\Seekfree_CYT4BB_Opensource_Library\project\iar\Debug_m7_0\Obj\user_8514941877209965082.dir\main_cm7_0.o
#        E:\CYT4BB7_Library-master\CYT4BB7_Library-master\Seekfree_CYT4BB_Opensource_Library\project\iar\Debug_m7_0\Obj\code_17896468042025673432.dir\param.o
#        E:\CYT4BB7_Library-master\CYT4BB7_Library-master\Seekfree_CYT4BB_Opensource_Library\project\iar\Debug_m7_0\Obj\code_17896468042025673432.dir\PID.o
#        E:\CYT4BB7_Library-master\CYT4BB7_Library-master\Seekfree_CYT4BB_Opensource_Library\project\iar\Debug_m7_0\Obj\code_17896468042025673432.dir\pid_menu.o
#        E:\CYT4BB7_Library-master\CYT4BB7_Library-master\Seekfree_CYT4BB_Opensource_Library\project\iar\Debug_m7_0\Obj\code_17896468042025673432.dir\remote_ctrl.o
#        E:\CYT4BB7_Library-master\CYT4BB7_Library-master\Seekfree_CYT4BB_Opensource_Library\project\iar\Debug_m7_0\Obj\zf_components_14936052685886095442.dir\seekfree_assistant.o
#        E:\CYT4BB7_Library-master\CYT4BB7_Library-master\Seekfree_CYT4BB_Opensource_Library\project\iar\Debug_m7_0\Obj\zf_components_14936052685886095442.dir\seekfree_assistant_interface.o
#        E:\CYT4BB7_Library-master\CYT4BB7_Library-master\Seekfree_CYT4BB_Opensource_Library\project\iar\Debug_m7_0\Obj\code_17896468042025673432.dir\small_driver_uart_control.o
#        E:\CYT4BB7_Library-master\CYT4BB7_Library-master\Seekfree_CYT4BB_Opensource_Library\project\iar\Debug_m7_0\Obj\startup_479057977785470282.dir\startup.o
#        E:\CYT4BB7_Library-master\CYT4BB7_Library-master\Seekfree_CYT4BB_Opensource_Library\project\iar\Debug_m7_0\Obj\startup_479057977785470282.dir\startup_cm7.o
#        "E:\CYT4BB7_Library-master\CYT4BB7_Library-master\Seekfree_CYT4BB_Opensource_Library\project\iar\Debug_m7_0\Obj\code_17896468042025673432.dir\system
#        .o"
#        E:\CYT4BB7_Library-master\CYT4BB7_Library-master\Seekfree_CYT4BB_Opensource_Library\project\iar\Debug_m7_0\Obj\rev_b_4986922561640112550.dir\system_tviibh4m_cm7.o
#        E:\CYT4BB7_Library-master\CYT4BB7_Library-master\Seekfree_CYT4BB_Opensource_Library\project\iar\Debug_m7_0\Obj\code_17896468042025673432.dir\tof.o
#        E:\CYT4BB7_Library-master\CYT4BB7_Library-master\Seekfree_CYT4BB_Opensource_Library\project\iar\Debug_m7_0\Obj\vl53l8_16729951325710449878.dir\vl53l8_if.o
#        E:\CYT4BB7_Library-master\CYT4BB7_Library-master\Seekfree_CYT4BB_Opensource_Library\project\iar\Debug_m7_0\Obj\vl53l8_16729951325710449878.dir\vl53l8_platform.o
#        E:\CYT4BB7_Library-master\CYT4BB7_Library-master\Seekfree_CYT4BB_Opensource_Library\project\iar\Debug_m7_0\Obj\vl53l8_16729951325710449878.dir\vl53lmz_api.o
#        E:\CYT4BB7_Library-master\CYT4BB7_Library-master\Seekfree_CYT4BB_Opensource_Library\project\iar\Debug_m7_0\Obj\zf_common_1201165462030747823.dir\zf_common_clock.o
#        E:\CYT4BB7_Library-master\CYT4BB7_Library-master\Seekfree_CYT4BB_Opensource_Library\project\iar\Debug_m7_0\Obj\zf_common_1201165462030747823.dir\zf_common_debug.o
#        E:\CYT4BB7_Library-master\CYT4BB7_Library-master\Seekfree_CYT4BB_Opensource_Library\project\iar\Debug_m7_0\Obj\zf_common_1201165462030747823.dir\zf_common_fifo.o
#        E:\CYT4BB7_Library-master\CYT4BB7_Library-master\Seekfree_CYT4BB_Opensource_Library\project\iar\Debug_m7_0\Obj\zf_common_1201165462030747823.dir\zf_common_font.o
#        E:\CYT4BB7_Library-master\CYT4BB7_Library-master\Seekfree_CYT4BB_Opensource_Library\project\iar\Debug_m7_0\Obj\zf_common_1201165462030747823.dir\zf_common_function.o
#        E:\CYT4BB7_Library-master\CYT4BB7_Library-master\Seekfree_CYT4BB_Opensource_Library\project\iar\Debug_m7_0\Obj\zf_common_1201165462030747823.dir\zf_common_interrupt.o
#        E:\CYT4BB7_Library-master\CYT4BB7_Library-master\Seekfree_CYT4BB_Opensource_Library\project\iar\Debug_m7_0\Obj\zf_device_6570275422786408770.dir\zf_device_ble6a20.o
#        E:\CYT4BB7_Library-master\CYT4BB7_Library-master\Seekfree_CYT4BB_Opensource_Library\project\iar\Debug_m7_0\Obj\zf_device_6570275422786408770.dir\zf_device_dl1a.o
#        E:\CYT4BB7_Library-master\CYT4BB7_Library-master\Seekfree_CYT4BB_Opensource_Library\project\iar\Debug_m7_0\Obj\zf_device_6570275422786408770.dir\zf_device_dl1b.o
#        E:\CYT4BB7_Library-master\CYT4BB7_Library-master\Seekfree_CYT4BB_Opensource_Library\project\iar\Debug_m7_0\Obj\zf_device_6570275422786408770.dir\zf_device_gnss.o
#        E:\CYT4BB7_Library-master\CYT4BB7_Library-master\Seekfree_CYT4BB_Opensource_Library\project\iar\Debug_m7_0\Obj\zf_device_6570275422786408770.dir\zf_device_icm20602.o
#        E:\CYT4BB7_Library-master\CYT4BB7_Library-master\Seekfree_CYT4BB_Opensource_Library\project\iar\Debug_m7_0\Obj\zf_device_6570275422786408770.dir\zf_device_imu660ra.o
#        E:\CYT4BB7_Library-master\CYT4BB7_Library-master\Seekfree_CYT4BB_Opensource_Library\project\iar\Debug_m7_0\Obj\zf_device_6570275422786408770.dir\zf_device_imu660rb.o
#        E:\CYT4BB7_Library-master\CYT4BB7_Library-master\Seekfree_CYT4BB_Opensource_Library\project\iar\Debug_m7_0\Obj\zf_device_6570275422786408770.dir\zf_device_imu660rc.o
#        E:\CYT4BB7_Library-master\CYT4BB7_Library-master\Seekfree_CYT4BB_Opensource_Library\project\iar\Debug_m7_0\Obj\zf_device_6570275422786408770.dir\zf_device_imu963ra.o
#        E:\CYT4BB7_Library-master\CYT4BB7_Library-master\Seekfree_CYT4BB_Opensource_Library\project\iar\Debug_m7_0\Obj\zf_device_6570275422786408770.dir\zf_device_ips114.o
#        E:\CYT4BB7_Library-master\CYT4BB7_Library-master\Seekfree_CYT4BB_Opensource_Library\project\iar\Debug_m7_0\Obj\zf_device_6570275422786408770.dir\zf_device_ips200.o
#        E:\CYT4BB7_Library-master\CYT4BB7_Library-master\Seekfree_CYT4BB_Opensource_Library\project\iar\Debug_m7_0\Obj\zf_device_6570275422786408770.dir\zf_device_ips200pro.o
#        E:\CYT4BB7_Library-master\CYT4BB7_Library-master\Seekfree_CYT4BB_Opensource_Library\project\iar\Debug_m7_0\Obj\zf_device_6570275422786408770.dir\zf_device_key.o
#        E:\CYT4BB7_Library-master\CYT4BB7_Library-master\Seekfree_CYT4BB_Opensource_Library\project\iar\Debug_m7_0\Obj\zf_device_6570275422786408770.dir\zf_device_lora3a22.o
#        E:\CYT4BB7_Library-master\CYT4BB7_Library-master\Seekfree_CYT4BB_Opensource_Library\project\iar\Debug_m7_0\Obj\zf_device_6570275422786408770.dir\zf_device_menc15a.o
#        E:\CYT4BB7_Library-master\CYT4BB7_Library-master\Seekfree_CYT4BB_Opensource_Library\project\iar\Debug_m7_0\Obj\zf_device_6570275422786408770.dir\zf_device_mt9v03x.o
#        E:\CYT4BB7_Library-master\CYT4BB7_Library-master\Seekfree_CYT4BB_Opensource_Library\project\iar\Debug_m7_0\Obj\zf_device_6570275422786408770.dir\zf_device_oled.o
#        E:\CYT4BB7_Library-master\CYT4BB7_Library-master\Seekfree_CYT4BB_Opensource_Library\project\iar\Debug_m7_0\Obj\zf_device_6570275422786408770.dir\zf_device_pmw3901.o
#        E:\CYT4BB7_Library-master\CYT4BB7_Library-master\Seekfree_CYT4BB_Opensource_Library\project\iar\Debug_m7_0\Obj\zf_device_6570275422786408770.dir\zf_device_tft180.o
#        E:\CYT4BB7_Library-master\CYT4BB7_Library-master\Seekfree_CYT4BB_Opensource_Library\project\iar\Debug_m7_0\Obj\zf_device_6570275422786408770.dir\zf_device_tsl1401.o
#        E:\CYT4BB7_Library-master\CYT4BB7_Library-master\Seekfree_CYT4BB_Opensource_Library\project\iar\Debug_m7_0\Obj\zf_device_6570275422786408770.dir\zf_device_type.o
#        E:\CYT4BB7_Library-master\CYT4BB7_Library-master\Seekfree_CYT4BB_Opensource_Library\project\iar\Debug_m7_0\Obj\zf_device_6570275422786408770.dir\zf_device_uart_receiver.o
#        E:\CYT4BB7_Library-master\CYT4BB7_Library-master\Seekfree_CYT4BB_Opensource_Library\project\iar\Debug_m7_0\Obj\zf_device_6570275422786408770.dir\zf_device_wifi_spi.o
#        E:\CYT4BB7_Library-master\CYT4BB7_Library-master\Seekfree_CYT4BB_Opensource_Library\project\iar\Debug_m7_0\Obj\zf_device_6570275422786408770.dir\zf_device_wifi_uart.o
#        E:\CYT4BB7_Library-master\CYT4BB7_Library-master\Seekfree_CYT4BB_Opensource_Library\project\iar\Debug_m7_0\Obj\zf_device_6570275422786408770.dir\zf_device_wireless_uart.o
#        E:\CYT4BB7_Library-master\CYT4BB7_Library-master\Seekfree_CYT4BB_Opensource_Library\project\iar\Debug_m7_0\Obj\zf_driver_11922370083829174090.dir\zf_driver_adc.o
#        E:\CYT4BB7_Library-master\CYT4BB7_Library-master\Seekfree_CYT4BB_Opensource_Library\project\iar\Debug_m7_0\Obj\zf_driver_11922370083829174090.dir\zf_driver_delay.o
#        E:\CYT4BB7_Library-master\CYT4BB7_Library-master\Seekfree_CYT4BB_Opensource_Library\project\iar\Debug_m7_0\Obj\zf_driver_11922370083829174090.dir\zf_driver_dma.o
#        E:\CYT4BB7_Library-master\CYT4BB7_Library-master\Seekfree_CYT4BB_Opensource_Library\project\iar\Debug_m7_0\Obj\zf_driver_11922370083829174090.dir\zf_driver_encoder.o
#        E:\CYT4BB7_Library-master\CYT4BB7_Library-master\Seekfree_CYT4BB_Opensource_Library\project\iar\Debug_m7_0\Obj\zf_driver_11922370083829174090.dir\zf_driver_exti.o
#        E:\CYT4BB7_Library-master\CYT4BB7_Library-master\Seekfree_CYT4BB_Opensource_Library\project\iar\Debug_m7_0\Obj\zf_driver_11922370083829174090.dir\zf_driver_flash.o
#        E:\CYT4BB7_Library-master\CYT4BB7_Library-master\Seekfree_CYT4BB_Opensource_Library\project\iar\Debug_m7_0\Obj\zf_driver_11922370083829174090.dir\zf_driver_gpio.o
#        E:\CYT4BB7_Library-master\CYT4BB7_Library-master\Seekfree_CYT4BB_Opensource_Library\project\iar\Debug_m7_0\Obj\zf_driver_11922370083829174090.dir\zf_driver_ipc.o
#        E:\CYT4BB7_Library-master\CYT4BB7_Library-master\Seekfree_CYT4BB_Opensource_Library\project\iar\Debug_m7_0\Obj\zf_driver_11922370083829174090.dir\zf_driver_pit.o
#        E:\CYT4BB7_Library-master\CYT4BB7_Library-master\Seekfree_CYT4BB_Opensource_Library\project\iar\Debug_m7_0\Obj\zf_driver_11922370083829174090.dir\zf_driver_pwm.o
#        E:\CYT4BB7_Library-master\CYT4BB7_Library-master\Seekfree_CYT4BB_Opensource_Library\project\iar\Debug_m7_0\Obj\zf_driver_11922370083829174090.dir\zf_driver_soft_iic.o
#        E:\CYT4BB7_Library-master\CYT4BB7_Library-master\Seekfree_CYT4BB_Opensource_Library\project\iar\Debug_m7_0\Obj\zf_driver_11922370083829174090.dir\zf_driver_soft_spi.o
#        E:\CYT4BB7_Library-master\CYT4BB7_Library-master\Seekfree_CYT4BB_Opensource_Library\project\iar\Debug_m7_0\Obj\zf_driver_11922370083829174090.dir\zf_driver_spi.o
#        E:\CYT4BB7_Library-master\CYT4BB7_Library-master\Seekfree_CYT4BB_Opensource_Library\project\iar\Debug_m7_0\Obj\zf_driver_11922370083829174090.dir\zf_driver_timer.o
#        E:\CYT4BB7_Library-master\CYT4BB7_Library-master\Seekfree_CYT4BB_Opensource_Library\project\iar\Debug_m7_0\Obj\zf_driver_11922370083829174090.dir\zf_driver_uart.o
#        --no_out_extension -o
#        E:\CYT4BB7_Library-master\CYT4BB7_Library-master\Seekfree_CYT4BB_Opensource_Library\project\iar\project_config\Debug_m7_0\Exe\cyt4bb7_cm_7_0.out
#        --config_def _CORE_cm7_0_=0 --config_def _LINK_flash_=0 --map
#        E:\CYT4BB7_Library-master\CYT4BB7_Library-master\Seekfree_CYT4BB_Opensource_Library\project\iar\Debug_m7_0\List\cyt4bb7_cm_7_0.map
#        --config
#        E:\CYT4BB7_Library-master\CYT4BB7_Library-master\Seekfree_CYT4BB_Opensource_Library\project\iar\project_config\..\icf\linker_directives_tviibh.icf
#        --semihosting
#        E:\CYT4BB7_Library-master\CYT4BB7_Library-master\Seekfree_CYT4BB_Opensource_Library\project\iar\project_config\..\..\..\libraries\sdk\tviibh4m\src\drivers\crypto\libs\libcrypto_server_cm0plus_iar.a
#        E:\CYT4BB7_Library-master\CYT4BB7_Library-master\Seekfree_CYT4BB_Opensource_Library\project\iar\project_config\..\..\..\libraries\zf_device\zf_device_config.a
#        E:\CYT4BB7_Library-master\CYT4BB7_Library-master\Seekfree_CYT4BB_Opensource_Library\project\iar\project_config\..\..\..\libraries\sdk\common\hdr\cmsis\dsp\iar_cortexM7lf_math.a
#        --entry __iar_program_start --vfe --text_out locale --cpu=Cortex-M7
#        --fpu=VFPv5_d16) --dependencies=n
#        E:\CYT4BB7_Library-master\CYT4BB7_Library-master\Seekfree_CYT4BB_Opensource_Library\project\iar\project_config\Debug_m7_0\Exe\cyt4bb7_cm_7_0.out.iar_deps
#
###############################################################################

*******************************************************************************
*** RUNTIME MODEL ATTRIBUTES
***

CppFlavor       = *
__CPP_Runtime   = 1
__Heap_Handler  = Basic
__SystemLibrary = DLib
__dlib_version  = 6


*******************************************************************************
*** HEAP SELECTION
***

The basic heap was selected because --advanced_heap
was not specified and the application did not appear to
be primarily optimized for speed.


*******************************************************************************
*** PLACEMENT SUMMARY
***

"A0":  place at start of [from 0x1008'0000 to 0x1027'ffff] { section .intvec };
"P1":  place in [from 0x1008'0000 to 0x1027'ffff] { ro };
"P2":  place in [from 0x2802'0000 to 0x2807'ffff] { rw };
define block HEAP with size = 1K, alignment = 8 { };
define block CSTACK with size = 8K, alignment = 8 { };
define block HEAP_STACK { block HEAP, last block CSTACK };
"A1":  place at end of [from 0x2802'0000 to 0x2807'ffff] { block HEAP_STACK };
do not initialize { section .intvec_ram };
initialize by copy { rw };

No sections matched the following patterns:

  ro section .sflash_app_prot  in "P6"
  ro section .sflash_nar       in "P4"
  ro section .sflash_pkey      in "P5"
  ro section .sflash_toc2      in "P7"
  ro section .sflash_uf_rows   in "P3"
  ro section .work_flash       in "P8"
  section .global_ram_data     in "P9"


  Section            Kind         Address      Size  Object
  -------            ----         -------      ----  ------
"A0":                                          0x80
  .intvec            ro code  0x1008'0000      0x80  startup_cm7.o [31]
                            - 0x1008'0080      0x80

"P1":                                      0x2'afc9
  .rodata            const    0x1008'0080  0x1'5000  vl53lmz_api.o [46]
  .text              ro code  0x1009'5080    0x168c  param.o [5]
  .text              ro code  0x1009'670c    0x1580  imu.o [5]
  .text              ro code  0x1009'7c8c     0xc58  tof.o [5]
  .text              ro code  0x1009'88e4      0x66  ABImemset.o [53]
  .text              ro code  0x1009'894a      0x7e  lz77_init_single.o [53]
  .text              ro code  0x1009'89c8      0x28  printf.o [51]
  .text              ro code  0x1009'89f0     0x184  remote_ctrl.o [5]
  .text              ro code  0x1009'8b74      0x1e  sqrt.o [52]
  .text              ro code  0x1009'8b92       0xc  cy_syslib.o [36]
  .text              ro code  0x1009'8b9e       0xa  xsprout.o [51]
  .text              ro code  0x1009'8ba8      0x88  asin.o [52]
  .text              ro code  0x1009'8c30      0x7e  atan2.o [52]
  .text              ro code  0x1009'8cb0     0x284  zf_driver_delay.o [50]
  .text              ro code  0x1009'8f34     0x2b0  icm42688.o [5]
  .text              ro code  0x1009'91e4     0x1d4  cos_sin32.o [52]
  .text              ro code  0x1009'93b8     0x2a8  zf_driver_timer.o [50]
  .text              ro code  0x1009'9660     0x214  system .o [5]
  .text              ro code  0x1009'9874     0x368  vl53l8_if.o [46]
  .text              ro code  0x1009'9bdc     0xeae  xprintffull_nomb.o [51]
  .rodata            const    0x1009'aa8c      0x7c  zf_common_fifo.o [47]
  .text              ro code  0x1009'ab08     0x118  xatan.o [52]
  .text              ro code  0x1009'ac20     0x1b8  cy_tcpwm_counter.o [43]
  .text              ro code  0x1009'add8       0xc  cy_tcpwm.o [43]
  .text              ro code  0x1009'ade4     0xca8  zf_driver_spi.o [50]
  .text              ro code  0x1009'ba8c     0x17c  zf_driver_gpio.o [50]
  .text              ro code  0x1009'bc08     0x454  zf_common_debug.o [47]
  .text              ro code  0x1009'c05c     0x5a4  zf_driver_adc.o [50]
  .text              ro code  0x1009'c600    0x12c0  vl53lmz_api.o [46]
  .text              ro code  0x1009'd8c0      0x16  strchr.o [53]
  .text              ro code  0x1009'd8d8      0x40  xfail_s.o [51]
  .text              ro code  0x1009'd918      0x36  strlen.o [53]
  .text              ro code  0x1009'd950      0x58  memchr.o [53]
  .text              ro code  0x1009'd9a8      0xa6  ABImemcpy.o [53]
  .text              ro code  0x1009'da50      0x70  frexp.o [52]
  .text              ro code  0x1009'dac0      0x34  DblCmpLe.o [52]
  .text              ro code  0x1009'daf4      0x34  DblCmpGe.o [52]
  .text              ro code  0x1009'db28     0x104  ldexp.o [52]
  .text              ro code  0x1009'dc2c       0xe  DblToS32.o [52]
  .text              ro code  0x1009'dc3a       0xe  S32ToDbl.o [52]
  .text              ro code  0x1009'dc48      0x12  DblSub.o [52]
  .text              ro code  0x1009'dc5a      0x12  DblDiv.o [52]
  .text              ro code  0x1009'dc6c       0xe  DblToU32.o [52]
  .text              ro code  0x1009'dc7a       0xe  U32ToDbl.o [52]
  .text              ro code  0x1009'dc88      0x12  DblMul.o [52]
  .text              ro code  0x1009'dc9c     0x230  I64DivMod.o [53]
  .text              ro code  0x1009'decc     0x194  cy_gpio.o [14]
  .text              ro code  0x1009'e060     0x1f0  cy_scb_spi.o [24]
  .text              ro code  0x1009'e250     0xaec  zf_driver_uart.o [50]
  .text              ro code  0x1009'ed3c      0x40  sprintf.o [51]
  .text              ro code  0x1009'ed7c     0x1f8  zf_common_fifo.o [47]
  .text              ro code  0x1009'ef74      0xe2  zf_common_interrupt.o [47]
  .text              ro code  0x1009'f058     0x2d0  cy_adc.o [1]
  .text              ro code  0x1009'f328     0x168  vl53l8_platform.o [46]
  .text              ro code  0x1009'f490       0x6  abort.o [51]
  .text              ro code  0x1009'f498       0x2  I64DivZer.o [53]
  .text              ro code  0x1009'f49c       0x6  ABImemclr4.o [53]
  .text              ro code  0x1009'f4a4     0x314  cy_scb_uart.o [24]
  .text              ro code  0x1009'f7b8      0x20  zf_driver_pwm.o [50]
  .text              ro code  0x1009'f7d8      0xac  cy_sysint.o [35]
  .text              ro code  0x1009'f884     0x664  zf_driver_soft_iic.o [50]
  .text              ro code  0x1009'fee8      0x14  exit.o [54]
  .text              ro code  0x1009'fefc      0x32  ABImemset48.o [53]
  .text              ro code  0x1009'ff30    0x1068  flow.o [5]
  .text              ro code  0x100a'0f98     0x2dc  lc302.o [5]
  .text              ro code  0x100a'1274      0x1e  sqrtf.o [52]
  .text              ro code  0x100a'1294     0xff4  loc_ctrl.o [5]
  .text              ro code  0x100a'2288     0x2da  PID.o [5]
  .text              ro code  0x100a'2564      0xe4  ctrl_common.o [5]
  .text              ro code  0x100a'2648      0x6a  atan2f.o [52]
  .text              ro code  0x100a'26b4      0xa4  xatanf.o [52]
  .text              ro code  0x100a'2758     0xf00  alt_ctrl.o [5]
  .text              ro code  0x100a'3658     0xa08  att_ctrl.o [5]
  .text              ro code  0x100a'4060     0x9a8  zf_device_ips114.o [49]
  .text              ro code  0x100a'4a08      0x16  vla_alloc.o [51]
  .text              ro code  0x100a'4a20     0x198  zf_common_function.o [47]
  .text              ro code  0x100a'4bb8     0x13c  heap0.o [51]
  .text              ro code  0x100a'4cf4       0x4  heaptramp0.o [51]
  .text              ro code  0x100a'4cf8      0x2c  xgetmemchunk.o [51]
  .text              ro code  0x100a'4d24     0x8e8  cy_sysclk.o [33]
  .text              ro code  0x100a'560c      0x70  strncpy.o [53]
  .text              ro code  0x100a'567c      0xf8  cy_syslib.o [36]
  .text              ro code  0x100a'5774       0x2  cy_syslib.o [36]
  .text              ro code  0x100a'5778     0x624  pid_menu.o [5]
  .text              ro code  0x100a'5d9c     0x19c  zf_driver_flash.o [50]
  .text              ro code  0x100a'5f38     0x104  zf_device_key.o [49]
  .text              ro code  0x100a'603c     0x2dc  cy_mw_flash.o [13]
  .text              ro code  0x100a'6318     0x2ec  cy_srom.o [30]
  .text              ro code  0x100a'6604     0x4ac  cy_flash.o [12]
  .text              ro code  0x100a'6ab0      0x60  cy_ipc_drv.o [15]
  .rodata            const    0x100a'6b10     0x5f0  zf_common_font.o [47]
  .text              ro code  0x100a'7100     0x590  fly_ctrl.o [5]
  .text              ro code  0x100a'7690     0x17a  small_driver_uart_control.o [5]
  .text              ro code  0x100a'780c     0x46a  cm7_0_isr.o [45]
  .text              ro code  0x100a'7c78     0x404  zf_driver_pit.o [50]
  .text              ro code  0x100a'807c      0x7c  zf_device_tsl1401.o [49]
  .text              ro code  0x100a'80f8      0xc4  zf_device_lora3a22.o [49]
  .text              ro code  0x100a'81bc      0x6c  zf_device_wireless_uart.o [49]
  .text              ro code  0x100a'8228      0x44  zf_device_type.o [49]
  .rodata            const    0x100a'826c     0x3cc  vl53lmz_api.o [46]
  .rodata            const    0x100a'8638     0x3cc  vl53lmz_api.o [46]
  .rodata            const    0x100a'8a04     0x308  vl53lmz_api.o [46]
  .rodata            const    0x100a'8d0c     0x2fc  param.o [5]
  .rodata            const    0x100a'9008     0x228  zf_common_font.o [47]
  .text              ro code  0x100a'9230     0x204  startup.o [31]
  .text              ro code  0x100a'9434     0x150  system_tviibh4m_cm7.o [22]
  .text              ro code  0x100a'9584       0x8  startup_cm7.o [31]
  .text              ro code  0x100a'958c       0x6  startup_cm7.o [31]
  .rodata            const    0x100a'9594     0x1b8  param.o [5]
  .text              ro code  0x100a'974c     0x198  cy_interrupt_map.o [23]
  .rodata            const    0x100a'98e4     0x150  param.o [5]
  .rodata            const    0x100a'9a34     0x13c  param.o [5]
  .rodata            const    0x100a'9b70      0xd0  param.o [5]
  .text              ro code  0x100a'9c40      0xb8  main_cm7_0.o [45]
  .text              ro code  0x100a'9cf8      0x1c  zf_common_clock.o [47]
  .text              ro code  0x100a'9d14      0xb0  startup_cm7.o [31]
  .rodata            const    0x100a'9dc4      0xa4  param.o [5]
  .rodata            const    0x100a'9e68      0xa0  param.o [5]
  .rodata            const    0x100a'9f08      0x8c  cy_sysclk.o [33]
  .rodata            const    0x100a'9f94      0x8c  cy_sysclk.o [33]
  .rodata            const    0x100a'a020      0x8c  system_tviibh4m_cm7.o [22]
  .rodata            const    0x100a'a0ac      0x88  cy_srom.o [30]
  .rodata            const    0x100a'a134      0x84  cy_mw_flash.o [13]
  .rodata            const    0x100a'a1b8      0x80  zf_common_function.o [47]
  .rodata            const    0x100a'a238      0x80  zf_driver_soft_iic.o [50]
  .rodata            const    0x100a'a2b8      0x7c  zf_device_ips114.o [49]
  .rodata            const    0x100a'a334      0x7c  zf_driver_flash.o [50]
  .rodata            const    0x100a'a3b0      0x7c  zf_driver_uart.o [50]
  .rodata            const    0x100a'a42c      0x78  zf_device_key.o [49]
  .rodata            const    0x100a'a4a4      0x78  zf_driver_adc.o [50]
  .rodata            const    0x100a'a51c      0x78  zf_driver_spi.o [50]
  .rodata            const    0x100a'a594      0x6c  icm42688.o [5]
  .rodata            const    0x100a'a600      0x58  param.o [5]
  .rodata            const    0x100a'a658      0x44  param.o [5]
  .text              ro code  0x100a'a69c      0x38  zero_init3.o [53]
  .rodata            const    0x100a'a6d4      0x34  alt_ctrl.o [5]
  .rodata            const    0x100a'a708      0x34  alt_ctrl.o [5]
  .rodata            const    0x100a'a73c      0x34  att_ctrl.o [5]
  .rodata            const    0x100a'a770      0x34  att_ctrl.o [5]
  .rodata            const    0x100a'a7a4      0x34  att_ctrl.o [5]
  .rodata            const    0x100a'a7d8      0x34  att_ctrl.o [5]
  .rodata            const    0x100a'a80c      0x34  att_ctrl.o [5]
  .rodata            const    0x100a'a840      0x34  att_ctrl.o [5]
  .rodata            const    0x100a'a874      0x34  loc_ctrl.o [5]
  .rodata            const    0x100a'a8a8      0x34  loc_ctrl.o [5]
  .rodata            const    0x100a'a8dc      0x34  loc_ctrl.o [5]
  .rodata            const    0x100a'a910      0x34  loc_ctrl.o [5]
  .rodata            const    0x100a'a944      0x30  vl53lmz_api.o [46]
  .rodata            const    0x100a'a974      0x28  param.o [5]
  .rodata            const    0x100a'a99c      0x28  vl53lmz_api.o [46]
  .text              ro code  0x100a'a9c4      0x28  data_init.o [53]
  .text              ro code  0x100a'a9ec      0x22  fpinit_M.o [52]
  .iar.init_table    const    0x100a'aa10      0x20  - Linker created -
  .text              ro code  0x100a'aa30      0x20  startup_cm7.o [31]
  .text              ro code  0x100a'aa50      0x20  putchar.o [51]
  .text              ro code  0x100a'aa70      0x1e  cy_syslib_iar.o [36]
  .text              ro code  0x100a'aa90      0x1e  cmain.o [53]
  .text              ro code  0x100a'aab0       0x4  startup_cm7.o [31]
  .text              ro code  0x100a'aab4       0x4  exit.o [51]
  .text              ro code  0x100a'aab8       0xa  cexit.o [53]
  .rodata            const    0x100a'aac4      0x1c  icm42688.o [5]
  .rodata            const    0x100a'aae0      0x1c  zf_common_debug.o [47]
  .text              ro code  0x100a'aafc      0x1c  startup_cm7.o [31]
  .text              ro code  0x100a'ab18      0x1c  cstartup_M.o [53]
  .rodata            const    0x100a'ab34      0x18  flow.o [5]
  .rodata            const    0x100a'ab4c      0x18  pid_menu.o [5]
  .rodata            const    0x100a'ab64      0x18  startup.o [31]
  .rodata            const    0x100a'ab7c      0x18  system_tviibh4m_cm7.o [22]
  .rodata            const    0x100a'ab94      0x18  zf_common_debug.o [47]
  .text              ro code  0x100a'abac      0x16  xprout.o [51]
  .rodata            const    0x100a'abc4      0x14  cy_flash.o [12]
  .rodata            const    0x100a'abd8      0x14  param.o [5]
  .rodata            const    0x100a'abec      0x14  pid_menu.o [5]
  .rodata            const    0x100a'ac00      0x10  pid_menu.o [5]
  .rodata            const    0x100a'ac10      0x10  vl53l8_if.o [46]
  .rodata            const    0x100a'ac20      0x10  zf_common_debug.o [47]
  .rodata            const    0x100a'ac30      0x10  zf_common_debug.o [47]
  .rodata            const    0x100a'ac40       0xc  param.o [5]
  .rodata            const    0x100a'ac4c       0xc  pid_menu.o [5]
  .rodata            const    0x100a'ac58       0xc  vl53lmz_api.o [46]
  .rodata            const    0x100a'ac64       0xc  zf_common_debug.o [47]
  .rodata            const    0x100a'ac70       0xc  zf_common_debug.o [47]
  .rodata            const    0x100a'ac7c       0xc  zf_common_debug.o [47]
  .rodata            const    0x100a'ac88       0x8  cy_mw_flash.o [13]
  .rodata            const    0x100a'ac90       0x8  cy_srom.o [30]
  .rodata            const    0x100a'ac98       0x8  cy_sysclk.o [33]
  .rodata            const    0x100a'aca0       0x8  param.o [5]
  .rodata            const    0x100a'aca8       0x8  pid_menu.o [5]
  .rodata            const    0x100a'acb0       0x8  pid_menu.o [5]
  .rodata            const    0x100a'acb8       0x8  pid_menu.o [5]
  .rodata            const    0x100a'acc0       0x8  pid_menu.o [5]
  .rodata            const    0x100a'acc8       0x8  pid_menu.o [5]
  .rodata            const    0x100a'acd0       0x8  pid_menu.o [5]
  .rodata            const    0x100a'acd8       0x8  pid_menu.o [5]
  .rodata            const    0x100a'ace0       0x8  pid_menu.o [5]
  .rodata            const    0x100a'ace8       0x8  pid_menu.o [5]
  .rodata            const    0x100a'acf0       0x8  pid_menu.o [5]
  .rodata            const    0x100a'acf8       0x8  pid_menu.o [5]
  .rodata            const    0x100a'ad00       0x8  pid_menu.o [5]
  .rodata            const    0x100a'ad08       0x8  pid_menu.o [5]
  .rodata            const    0x100a'ad10       0x8  pid_menu.o [5]
  .rodata            const    0x100a'ad18       0x8  pid_menu.o [5]
  .rodata            const    0x100a'ad20       0x8  pid_menu.o [5]
  .rodata            const    0x100a'ad28       0x8  pid_menu.o [5]
  .rodata            const    0x100a'ad30       0x8  pid_menu.o [5]
  .rodata            const    0x100a'ad38       0x8  pid_menu.o [5]
  .rodata            const    0x100a'ad40       0x8  vl53lmz_api.o [46]
  .rodata            const    0x100a'ad48       0x8  vl53lmz_api.o [46]
  .rodata            const    0x100a'ad50       0x8  vl53lmz_api.o [46]
  .rodata            const    0x100a'ad58       0x8  vl53lmz_api.o [46]
  .rodata            const    0x100a'ad60       0x8  vl53lmz_api.o [46]
  .rodata            const    0x100a'ad68       0x4  cy_adc.o [1]
  .rodata            const    0x100a'ad6c       0x4  cy_adc.o [1]
  .rodata            const    0x100a'ad70       0x4  cy_adc.o [1]
  .rodata            const    0x100a'ad74       0x4  cy_adc.o [1]
  .rodata            const    0x100a'ad78       0x4  cy_adc.o [1]
  .rodata            const    0x100a'ad7c       0x4  cy_adc.o [1]
  .rodata            const    0x100a'ad80       0x4  cy_adc.o [1]
  .rodata            const    0x100a'ad84       0x4  cy_adc.o [1]
  .rodata            const    0x100a'ad88       0x4  cy_interrupt_map.o [23]
  .rodata            const    0x100a'ad8c       0x4  cy_interrupt_map.o [23]
  .rodata            const    0x100a'ad90       0x4  cy_interrupt_map.o [23]
  .rodata            const    0x100a'ad94       0x4  cy_interrupt_map.o [23]
  .rodata            const    0x100a'ad98       0x4  cy_interrupt_map.o [23]
  .rodata            const    0x100a'ad9c       0x4  cy_interrupt_map.o [23]
  .rodata            const    0x100a'ada0       0x4  cy_interrupt_map.o [23]
  .rodata            const    0x100a'ada4       0x4  cy_interrupt_map.o [23]
  .rodata            const    0x100a'ada8       0x4  cy_ipc_drv.o [15]
  .rodata            const    0x100a'adac       0x4  cy_scb_spi.o [24]
  .rodata            const    0x100a'adb0       0x4  cy_scb_spi.o [24]
  .rodata            const    0x100a'adb4       0x4  cy_scb_spi.o [24]
  .rodata            const    0x100a'adb8       0x4  cy_scb_spi.o [24]
  .rodata            const    0x100a'adbc       0x4  cy_scb_uart.o [24]
  .rodata            const    0x100a'adc0       0x4  cy_scb_uart.o [24]
  .rodata            const    0x100a'adc4       0x4  cy_scb_uart.o [24]
  .rodata            const    0x100a'adc8       0x4  cy_scb_uart.o [24]
  .rodata            const    0x100a'adcc       0x4  cy_scb_uart.o [24]
  .rodata            const    0x100a'add0       0x4  cy_scb_uart.o [24]
  .rodata            const    0x100a'add4       0x4  cy_scb_uart.o [24]
  .rodata            const    0x100a'add8       0x4  cy_scb_uart.o [24]
  .rodata            const    0x100a'addc       0x4  cy_scb_uart.o [24]
  .rodata            const    0x100a'ade0       0x4  cy_scb_uart.o [24]
  .rodata            const    0x100a'ade4       0x4  cy_srom.o [30]
  .rodata            const    0x100a'ade8       0x4  cy_srom.o [30]
  .rodata            const    0x100a'adec       0x4  cy_sysint.o [35]
  .rodata            const    0x100a'adf0       0x4  cy_sysint.o [35]
  .rodata            const    0x100a'adf4       0x4  cy_tcpwm_counter.o [43]
  .rodata            const    0x100a'adf8       0x4  cy_tcpwm_counter.o [43]
  .rodata            const    0x100a'adfc       0x4  cy_tcpwm_counter.o [43]
  .rodata            const    0x100a'ae00       0x4  cy_tcpwm_counter.o [43]
  .rodata            const    0x100a'ae04       0x4  cy_tcpwm_counter.o [43]
  .rodata            const    0x100a'ae08       0x4  vl53lmz_api.o [46]
  .rodata            const    0x100a'ae0c       0x4  vl53lmz_api.o [46]
  .rodata            const    0x100a'ae10       0x4  vl53lmz_api.o [46]
  .rodata            const    0x100a'ae14       0x4  zf_device_key.o [49]
  .text              ro code  0x100a'ae18       0x4  startup_cm7.o [31]
  .text              ro code  0x100a'ae1c       0x4  startup_cm7.o [31]
  .text              ro code  0x100a'ae20       0x4  startup_cm7.o [31]
  .text              ro code  0x100a'ae24       0x4  startup_cm7.o [31]
  .text              ro code  0x100a'ae28       0x4  startup_cm7.o [31]
  .text              ro code  0x100a'ae2c       0x4  startup_cm7.o [31]
  .text              ro code  0x100a'ae30       0x4  startup_cm7.o [31]
  .text              ro code  0x100a'ae34       0x4  startup_cm7.o [31]
  .text              ro code  0x100a'ae38       0x4  startup_cm7.o [31]
  .text              ro code  0x100a'ae3c       0x4  startup_cm7.o [31]
  .text              ro code  0x100a'ae40       0x4  startup_cm7.o [31]
  .text              ro code  0x100a'ae44       0x4  startup_cm7.o [31]
  .text              ro code  0x100a'ae48       0x4  startup_cm7.o [31]
  .text              ro code  0x100a'ae4c       0x4  startup_cm7.o [31]
  .text              ro code  0x100a'ae50       0x4  startup_cm7.o [31]
  .rodata            const    0x100a'ae54       0x0  zero_init3.o [53]
  .rodata            const    0x100a'ae54       0x0  lz77_init_single.o [53]
  Initializer bytes  const    0x100a'ae54     0x153  <for P2-1>
                            - 0x100a'afa7  0x2'af27

"P2", part 1 of 3:                            0xa58
  P2-1                        0x2802'0000     0xa58  <Init block>
    .data            inited   0x2802'0000      0x40  alt_ctrl.o [5]
    .data            inited   0x2802'0040       0x4  att_ctrl.o [5]
    .data            inited   0x2802'0044       0x4  cm7_0_isr.o [45]
    .data            inited   0x2802'0048       0x4  cm7_0_isr.o [45]
    .data            inited   0x2802'004c     0x6ec  cy_interrupt_map.o [23]
    .data            inited   0x2802'0738       0x4  cy_interrupt_map.o [23]
    .data            inited   0x2802'073c      0x10  ekf_lite.o [5]
    .data            inited   0x2802'074c      0x10  ekf_lite.o [5]
    .data            inited   0x2802'075c       0x8  icm42688.o [5]
    .data            inited   0x2802'0764     0x164  imu.o [5]
    .data            inited   0x2802'08c8       0xc  imu.o [5]
    .data            inited   0x2802'08d4       0x4  imu.o [5]
    .data            inited   0x2802'08d8       0xc  imu.o [5]
    .data            inited   0x2802'08e4      0x54  loc_ctrl.o [5]
    .data            inited   0x2802'0938      0x60  pid_menu.o [5]
    .data            inited   0x2802'0998       0x4  pid_menu.o [5]
    .data            inited   0x2802'099c       0x4  system .o [5]
    .data            inited   0x2802'09a0      0x10  vl53lmz_api.o [46]
    .data            inited   0x2802'09b0       0x4  zf_device_type.o [49]
    .data            inited   0x2802'09b4       0x4  zf_device_type.o [49]
    .data            inited   0x2802'09b8       0xc  zf_driver_adc.o [50]
    .data            inited   0x2802'09c4      0x3c  zf_driver_pit.o [50]
    .data            inited   0x2802'0a00      0x10  zf_driver_spi.o [50]
    .data            inited   0x2802'0a10      0x1c  zf_driver_uart.o [50]
    .data            inited   0x2802'0a2c      0x1c  zf_driver_uart.o [50]
    .data            inited   0x2802'0a48       0x2  zf_device_ips114.o [49]
    .data            inited   0x2802'0a4a       0x2  zf_device_ips114.o [49]
    .data            inited   0x2802'0a4c       0x2  zf_device_ips114.o [49]
    .data            inited   0x2802'0a4e       0x2  zf_device_ips114.o [49]
    .data            inited   0x2802'0a50       0x2  zf_driver_delay.o [50]
    .data            inited   0x2802'0a52       0x1  alt_ctrl.o [5]
    .data            inited   0x2802'0a53       0x1  pid_menu.o [5]
    .data            inited   0x2802'0a54       0x1  pid_menu.o [5]
    .data            inited   0x2802'0a55       0x1  zf_common_debug.o [47]
    .data            inited   0x2802'0a56       0x1  zf_device_ips114.o [49]
    .data            inited   0x2802'0a57       0x1  zf_driver_delay.o [50]
                            - 0x2802'0a58     0xa58

"P2", part 2 of 3:                         0x3'3bb0
  .bss               zero     0x2802'0a58  0x2'3be0  param.o [5]
  .bss               zero     0x2804'4638    0xcb20  param.o [5]
  .bss               zero     0x2805'1158    0x1f24  vl53l8_if.o [46]
  .bss               zero     0x2805'307c     0x400  flow.o [5]
  .bss               zero     0x2805'347c     0x200  zf_device_tsl1401.o [49]
  .bss               zero     0x2805'367c     0x188  zf_driver_uart.o [50]
  .bss               zero     0x2805'3804     0x138  att_ctrl.o [5]
  .bss               zero     0x2805'393c      0xd0  loc_ctrl.o [5]
  .bss               zero     0x2805'3a0c      0xd0  vl53l8_if.o [46]
  .bss               zero     0x2805'3adc      0xc4  vl53l8_if.o [46]
  .bss               zero     0x2805'3ba0      0x9c  flow.o [5]
  .bss               zero     0x2805'3c3c      0x84  vl53l8_platform.o [46]
  .bss               zero     0x2805'3cc0      0x80  vl53lmz_api.o [46]
  .bss               zero     0x2805'3d40      0x7c  flow.o [5]
  .bss               zero     0x2805'3dbc      0x70  cy_syslib.o [36]
  .bss               zero     0x2805'3e2c      0x70  zf_driver_uart.o [50]
  .bss               zero     0x2805'3e9c      0x68  alt_ctrl.o [5]
  .bss               zero     0x2805'3f04      0x58  alt_ctrl.o [5]
  .bss               zero     0x2805'3f5c      0x4c  param.o [5]
  .bss               zero     0x2805'3fa8      0x48  zf_driver_adc.o [50]
  .bss               zero     0x2805'3ff0      0x40  lc302.o [5]
  .bss               zero     0x2805'4030      0x40  loc_ctrl.o [5]
  .bss               zero     0x2805'4070      0x40  zf_common_debug.o [47]
  .bss               zero     0x2805'40b0      0x40  zf_device_wireless_uart.o [49]
  .bss               zero     0x2805'40f0      0x34  param.o [5]
  .bss               zero     0x2805'4124      0x30  tof.o [5]
  .bss               zero     0x2805'4154      0x28  param.o [5]
  .bss               zero     0x2805'417c      0x24  att_ctrl.o [5]
  .bss               zero     0x2805'41a0      0x24  att_ctrl.o [5]
  .bss               zero     0x2805'41c4      0x20  ekf_lite.o [5]
  .bss               zero     0x2805'41e4      0x20  loc_ctrl.o [5]
  .bss               zero     0x2805'4204      0x20  small_driver_uart_control.o [5]
  .bss               zero     0x2805'4224      0x1c  param.o [5]
  .bss               zero     0x2805'4240      0x18  cy_sysclk.o [33]
  .bss               zero     0x2805'4258      0x18  cy_syslib.o [36]
  .bss               zero     0x2805'4270      0x18  zf_common_debug.o [47]
  .bss               zero     0x2805'4288      0x18  zf_device_wireless_uart.o [49]
  .bss               zero     0x2805'42a0      0x14  param.o [5]
  .bss               zero     0x2805'42b4      0x14  zf_common_debug.o [47]
  .bss               zero     0x2805'42c8      0x14  zf_device_lora3a22.o [49]
  .bss               zero     0x2805'42dc      0x14  zf_device_lora3a22.o [49]
  .bss               zero     0x2805'42f0      0x10  alt_ctrl.o [5]
  .bss               zero     0x2805'4300      0x10  cy_srom.o [30]
  .bss               zero     0x2805'4310      0x10  ekf_lite.o [5]
  .bss               zero     0x2805'4320      0x10  vl53l8_platform.o [46]
  .bss               zero     0x2805'4330      0x10  zf_device_key.o [49]
  .bss               zero     0x2805'4340       0xc  alt_ctrl.o [5]
  .bss               zero     0x2805'434c       0xc  att_ctrl.o [5]
  .bss               zero     0x2805'4358       0xc  imu.o [5]
  .bss               zero     0x2805'4364       0xc  imu.o [5]
  .bss               zero     0x2805'4370       0xc  lc302.o [5]
  .bss               zero     0x2805'437c       0x8  fly_ctrl.o [5]
  .bss               zero     0x2805'4384       0x8  zf_driver_uart.o [50]
  .bss               zero     0x2805'438c       0x8  zf_driver_uart.o [50]
  .bss               zero     0x2805'4394       0x8  heap0.o [51]
  .bss               zero     0x2805'439c       0x4  alt_ctrl.o [5]
  .bss               zero     0x2805'43a0       0x4  alt_ctrl.o [5]
  .bss               zero     0x2805'43a4       0x4  alt_ctrl.o [5]
  .bss               zero     0x2805'43a8       0x4  att_ctrl.o [5]
  .bss               zero     0x2805'43ac       0x4  att_ctrl.o [5]
  .bss               zero     0x2805'43b0       0x4  att_ctrl.o [5]
  .bss               zero     0x2805'43b4       0x4  att_ctrl.o [5]
  .bss               zero     0x2805'43b8       0x4  cm7_0_isr.o [45]
  .bss               zero     0x2805'43bc       0x4  cm7_0_isr.o [45]
  .bss               zero     0x2805'43c0       0x4  cm7_0_isr.o [45]
  .bss               zero     0x2805'43c4       0x4  cm7_0_isr.o [45]
  .bss               zero     0x2805'43c8       0x4  cm7_0_isr.o [45]
  .bss               zero     0x2805'43cc       0x4  cm7_0_isr.o [45]
  .bss               zero     0x2805'43d0       0x4  cm7_0_isr.o [45]
  .bss               zero     0x2805'43d4       0x4  cm7_0_isr.o [45]
  .bss               zero     0x2805'43d8       0x4  cm7_0_isr.o [45]
  .bss               zero     0x2805'43dc       0x4  cm7_0_isr.o [45]
  .bss               zero     0x2805'43e0       0x4  cm7_0_isr.o [45]
  .bss               zero     0x2805'43e4       0x4  cm7_0_isr.o [45]
  .bss               zero     0x2805'43e8       0x4  cm7_0_isr.o [45]
  .bss               zero     0x2805'43ec       0x4  cm7_0_isr.o [45]
  .bss               zero     0x2805'43f0       0x4  cm7_0_isr.o [45]
  .bss               zero     0x2805'43f4       0x4  cm7_0_isr.o [45]
  .bss               zero     0x2805'43f8       0x4  cm7_0_isr.o [45]
  .bss               zero     0x2805'43fc       0x4  cm7_0_isr.o [45]
  .bss               zero     0x2805'4400       0x4  cm7_0_isr.o [45]
  .bss               zero     0x2805'4404       0x4  cm7_0_isr.o [45]
  .bss               zero     0x2805'4408       0x4  cm7_0_isr.o [45]
  .bss               zero     0x2805'440c       0x4  cm7_0_isr.o [45]
  .bss               zero     0x2805'4410       0x4  cm7_0_isr.o [45]
  .bss               zero     0x2805'4414       0x4  cy_srom.o [30]
  .bss               zero     0x2805'4418       0x4  cy_srom.o [30]
  .bss               zero     0x2805'441c       0x4  cy_syslib.o [36]
  .bss               zero     0x2805'4420       0x4  flow.o [5]
  .bss               zero     0x2805'4424       0x4  flow.o [5]
  .bss               zero     0x2805'4428       0x4  flow.o [5]
  .bss               zero     0x2805'442c       0x4  flow.o [5]
  .bss               zero     0x2805'4430       0x4  flow.o [5]
  .bss               zero     0x2805'4434       0x4  flow.o [5]
  .bss               zero     0x2805'4438       0x4  flow.o [5]
  .bss               zero     0x2805'443c       0x4  flow.o [5]
  .bss               zero     0x2805'4440       0x4  flow.o [5]
  .bss               zero     0x2805'4444       0x4  flow.o [5]
  .bss               zero     0x2805'4448       0x4  flow.o [5]
  .bss               zero     0x2805'444c       0x4  flow.o [5]
  .bss               zero     0x2805'4450       0x4  flow.o [5]
  .bss               zero     0x2805'4454       0x4  flow.o [5]
  .bss               zero     0x2805'4458       0x4  flow.o [5]
  .bss               zero     0x2805'445c       0x4  flow.o [5]
  .bss               zero     0x2805'4460       0x4  flow.o [5]
  .bss               zero     0x2805'4464       0x4  flow.o [5]
  .bss               zero     0x2805'4468       0x4  flow.o [5]
  .bss               zero     0x2805'446c       0x4  flow.o [5]
  .bss               zero     0x2805'4470       0x4  flow.o [5]
  .bss               zero     0x2805'4474       0x4  fly_ctrl.o [5]
  .bss               zero     0x2805'4478       0x4  fly_ctrl.o [5]
  .bss               zero     0x2805'447c       0x4  fly_ctrl.o [5]
  .bss               zero     0x2805'4480       0x4  fly_ctrl.o [5]
  .bss               zero     0x2805'4484       0x4  fly_ctrl.o [5]
  .bss               zero     0x2805'4488       0x4  fly_ctrl.o [5]
  .bss               zero     0x2805'448c       0x4  fly_ctrl.o [5]
  .bss               zero     0x2805'4490       0x4  fly_ctrl.o [5]
  .bss               zero     0x2805'4494       0x4  fly_ctrl.o [5]
  .bss               zero     0x2805'4498       0x4  fly_ctrl.o [5]
  .bss               zero     0x2805'449c       0x4  imu.o [5]
  .bss               zero     0x2805'44a0       0x4  imu.o [5]
  .bss               zero     0x2805'44a4       0x4  imu.o [5]
  .bss               zero     0x2805'44a8       0x4  imu.o [5]
  .bss               zero     0x2805'44ac       0x4  imu.o [5]
  .bss               zero     0x2805'44b0       0x4  imu.o [5]
  .bss               zero     0x2805'44b4       0x4  imu.o [5]
  .bss               zero     0x2805'44b8       0x4  imu.o [5]
  .bss               zero     0x2805'44bc       0x4  imu.o [5]
  .bss               zero     0x2805'44c0       0x4  imu.o [5]
  .bss               zero     0x2805'44c4       0x4  imu.o [5]
  .bss               zero     0x2805'44c8       0x4  imu.o [5]
  .bss               zero     0x2805'44cc       0x4  imu.o [5]
  .bss               zero     0x2805'44d0       0x4  imu.o [5]
  .bss               zero     0x2805'44d4       0x4  imu.o [5]
  .bss               zero     0x2805'44d8       0x4  imu.o [5]
  .bss               zero     0x2805'44dc       0x4  imu.o [5]
  .bss               zero     0x2805'44e0       0x4  imu.o [5]
  .bss               zero     0x2805'44e4       0x4  imu.o [5]
  .bss               zero     0x2805'44e8       0x4  imu.o [5]
  .bss               zero     0x2805'44ec       0x4  imu.o [5]
  .bss               zero     0x2805'44f0       0x4  imu.o [5]
  .bss               zero     0x2805'44f4       0x4  lc302.o [5]
  .bss               zero     0x2805'44f8       0x4  main_cm7_0.o [45]
  .bss               zero     0x2805'44fc       0x4  param.o [5]
  .bss               zero     0x2805'4500       0x4  param.o [5]
  .bss               zero     0x2805'4504       0x4  param.o [5]
  .bss               zero     0x2805'4508       0x4  param.o [5]
  .bss               zero     0x2805'450c       0x4  param.o [5]
  .bss               zero     0x2805'4510       0x4  param.o [5]
  .bss               zero     0x2805'4514       0x4  param.o [5]
  .bss               zero     0x2805'4518       0x4  param.o [5]
  .bss               zero     0x2805'451c       0x4  param.o [5]
  .bss               zero     0x2805'4520       0x4  pid_menu.o [5]
  .bss               zero     0x2805'4524       0x4  system_tviibh4m_cm7.o [22]
  .bss               zero     0x2805'4528       0x4  system_tviibh4m_cm7.o [22]
  .bss               zero     0x2805'452c       0x4  system_tviibh4m_cm7.o [22]
  .bss               zero     0x2805'4530       0x4  system_tviibh4m_cm7.o [22]
  .bss               zero     0x2805'4534       0x4  system_tviibh4m_cm7.o [22]
  .bss               zero     0x2805'4538       0x4  tof.o [5]
  .bss               zero     0x2805'453c       0x4  tof.o [5]
  .bss               zero     0x2805'4540       0x4  tof.o [5]
  .bss               zero     0x2805'4544       0x4  tof.o [5]
  .bss               zero     0x2805'4548       0x4  tof.o [5]
  .bss               zero     0x2805'454c       0x4  tof.o [5]
  .bss               zero     0x2805'4550       0x4  tof.o [5]
  .bss               zero     0x2805'4554       0x4  tof.o [5]
  .bss               zero     0x2805'4558       0x4  tof.o [5]
  .bss               zero     0x2805'455c       0x4  tof.o [5]
  .bss               zero     0x2805'4560       0x4  tof.o [5]
  .bss               zero     0x2805'4564       0x4  tof.o [5]
  .bss               zero     0x2805'4568       0x4  tof.o [5]
  .bss               zero     0x2805'456c       0x4  tof.o [5]
  .bss               zero     0x2805'4570       0x4  tof.o [5]
  .bss               zero     0x2805'4574       0x4  tof.o [5]
  .bss               zero     0x2805'4578       0x4  tof.o [5]
  .bss               zero     0x2805'457c       0x4  tof.o [5]
  .bss               zero     0x2805'4580       0x4  tof.o [5]
  .bss               zero     0x2805'4584       0x4  tof.o [5]
  .bss               zero     0x2805'4588       0x4  tof.o [5]
  .bss               zero     0x2805'458c       0x4  zf_common_clock.o [47]
  .bss               zero     0x2805'4590       0x4  zf_common_interrupt.o [47]
  .bss               zero     0x2805'4594       0x4  zf_device_key.o [49]
  .bss               zero     0x2805'4598       0x4  zf_device_key.o [49]
  .bss               zero     0x2805'459c       0x4  zf_driver_spi.o [50]
  .bss               zero     0x2805'45a0       0x4  zf_driver_timer.o [50]
  .bss               zero     0x2805'45a4       0x4  xgetmemchunk.o [51]
  .bss               zero     0x2805'45a8       0x4  xfail_s.o [51]
  .bss               zero     0x2805'45ac       0x2  flow.o [5]
  .bss               zero     0x2805'45ae       0x2  flow.o [5]
  .bss               zero     0x2805'45b0       0x2  icm42688.o [5]
  .bss               zero     0x2805'45b2       0x2  icm42688.o [5]
  .bss               zero     0x2805'45b4       0x2  icm42688.o [5]
  .bss               zero     0x2805'45b6       0x2  icm42688.o [5]
  .bss               zero     0x2805'45b8       0x2  icm42688.o [5]
  .bss               zero     0x2805'45ba       0x2  icm42688.o [5]
  .bss               zero     0x2805'45bc       0x2  imu.o [5]
  .bss               zero     0x2805'45be       0x2  param.o [5]
  .bss               zero     0x2805'45c0       0x2  param.o [5]
  .bss               zero     0x2805'45c2       0x2  param.o [5]
  .bss               zero     0x2805'45c4       0x2  param.o [5]
  .bss               zero     0x2805'45c6       0x2  param.o [5]
  .bss               zero     0x2805'45c8       0x2  param.o [5]
  .bss               zero     0x2805'45ca       0x2  tof.o [5]
  .bss               zero     0x2805'45cc       0x2  zf_device_lora3a22.o [49]
  .bss               zero     0x2805'45ce       0x1  alt_ctrl.o [5]
  .bss               zero     0x2805'45cf       0x1  att_ctrl.o [5]
  .bss               zero     0x2805'45d0       0x1  cm7_0_isr.o [45]
  .bss               zero     0x2805'45d1       0x1  cm7_0_isr.o [45]
  .bss               zero     0x2805'45d2       0x1  cm7_0_isr.o [45]
  .bss               zero     0x2805'45d3       0x1  cm7_0_isr.o [45]
  .bss               zero     0x2805'45d4       0x1  cy_mw_flash.o [13]
  .bss               zero     0x2805'45d5       0x1  cy_mw_flash.o [13]
  .bss               zero     0x2805'45d6       0x1  cy_sysclk.o [33]
  .bss               zero     0x2805'45d7       0x1  flow.o [5]
  .bss               zero     0x2805'45d8       0x1  flow.o [5]
  .bss               zero     0x2805'45d9       0x1  flow.o [5]
  .bss               zero     0x2805'45da       0x1  imu.o [5]
  .bss               zero     0x2805'45db       0x1  imu.o [5]
  .bss               zero     0x2805'45dc       0x1  lc302.o [5]
  .bss               zero     0x2805'45dd       0x1  lc302.o [5]
  .bss               zero     0x2805'45de       0x1  lc302.o [5]
  .bss               zero     0x2805'45df       0x1  lc302.o [5]
  .bss               zero     0x2805'45e0       0x1  param.o [5]
  .bss               zero     0x2805'45e1       0x1  param.o [5]
  .bss               zero     0x2805'45e2       0x1  param.o [5]
  .bss               zero     0x2805'45e3       0x1  param.o [5]
  .bss               zero     0x2805'45e4       0x1  param.o [5]
  .bss               zero     0x2805'45e5       0x1  param.o [5]
  .bss               zero     0x2805'45e6       0x1  param.o [5]
  .bss               zero     0x2805'45e7       0x1  param.o [5]
  .bss               zero     0x2805'45e8       0x1  param.o [5]
  .bss               zero     0x2805'45e9       0x1  param.o [5]
  .bss               zero     0x2805'45ea       0x1  pid_menu.o [5]
  .bss               zero     0x2805'45eb       0x1  pid_menu.o [5]
  .bss               zero     0x2805'45ec       0x1  pid_menu.o [5]
  .bss               zero     0x2805'45ed       0x1  pid_menu.o [5]
  .bss               zero     0x2805'45ee       0x1  pid_menu.o [5]
  .bss               zero     0x2805'45ef       0x1  remote_ctrl.o [5]
  .bss               zero     0x2805'45f0       0x1  remote_ctrl.o [5]
  .bss               zero     0x2805'45f1       0x1  system .o [5]
  .bss               zero     0x2805'45f2       0x1  system .o [5]
  .bss               zero     0x2805'45f3       0x1  tof.o [5]
  .bss               zero     0x2805'45f4       0x1  tof.o [5]
  .bss               zero     0x2805'45f5       0x1  tof.o [5]
  .bss               zero     0x2805'45f6       0x1  tof.o [5]
  .bss               zero     0x2805'45f7       0x1  tof.o [5]
  .bss               zero     0x2805'45f8       0x1  tof.o [5]
  .bss               zero     0x2805'45f9       0x1  tof.o [5]
  .bss               zero     0x2805'45fa       0x1  vl53l8_platform.o [46]
  .bss               zero     0x2805'45fb       0x1  zf_common_debug.o [47]
  .bss               zero     0x2805'45fc       0x1  zf_common_debug.o [47]
  .bss               zero     0x2805'45fd       0x1  zf_common_debug.o [47]
  .bss               zero     0x2805'45fe       0x1  zf_device_ips114.o [49]
  .bss               zero     0x2805'45ff       0x1  zf_device_lora3a22.o [49]
  .bss               zero     0x2805'4600       0x1  zf_device_lora3a22.o [49]
  .bss               zero     0x2805'4601       0x1  zf_device_lora3a22.o [49]
  .bss               zero     0x2805'4602       0x1  zf_device_tsl1401.o [49]
  .bss               zero     0x2805'4603       0x1  zf_device_tsl1401.o [49]
  .bss               zero     0x2805'4604       0x1  zf_device_type.o [49]
  .bss               zero     0x2805'4605       0x1  zf_device_wireless_uart.o [49]
  .bss               zero     0x2805'4606       0x1  zf_driver_flash.o [50]
                            - 0x2805'4607  0x3'3baf

"P2", part 3 of 3:                             0x80
  .intvec_ram        uninit   0x2805'4680      0x80  startup_cm7.o [31]
                            - 0x2805'4700      0x80

"A1":                                        0x2400
  HEAP_STACK                  0x2807'dc00    0x2400  <Block>
    HEAP                      0x2807'dc00     0x400  <Block>
      HEAP           uninit   0x2807'dc00     0x400  <Block tail>
    CSTACK                    0x2807'e000    0x2000  <Block>
      CSTACK         uninit   0x2807'e000    0x2000  <Block tail>
                            - 0x2808'0000    0x2400

Unused ranges:

         From           To       Size
         ----           --       ----
  0x100a'b049  0x1027'ffff  0x1d'4fb7
  0x2805'4608  0x2805'467f       0x78
  0x2805'4700  0x2807'dbff   0x2'9500


*******************************************************************************
*** INIT TABLE
***

          Address      Size
          -------      ----
Zero (__iar_zero_init3)
    1 destination range, total size 0x3'3baf:
          0x2802'0a58  0x3'3baf

Copy/lz77 (__iar_lz77_init_single3)
    1 source range, total size 0x153 (12% of destination):
          0x100a'ae54     0x153
    1 destination range, total size 0xa58:
          0x2802'0000     0xa58



*******************************************************************************
*** MODULE SUMMARY
***

    Module                       ro code  ro data  rw data
    ------                       -------  -------  -------
command line/config:
    ------------------------------------------------------
    Total:

E:\CYT4BB7_Library-master\CYT4BB7_Library-master\Seekfree_CYT4BB_Opensource_Library\project\iar\Debug_m7_0\Obj\adc_11722776235721520015.dir: [1]
    cy_adc.o                         720       32
    ------------------------------------------------------
    Total:                           720       32

E:\CYT4BB7_Library-master\CYT4BB7_Library-master\Seekfree_CYT4BB_Opensource_Library\project\iar\Debug_m7_0\Obj\audioss_1346650047966882938.dir: [2]
    ------------------------------------------------------
    Total:

E:\CYT4BB7_Library-master\CYT4BB7_Library-master\Seekfree_CYT4BB_Opensource_Library\project\iar\Debug_m7_0\Obj\button_4990804375159372270.dir: [3]
    ------------------------------------------------------
    Total:

E:\CYT4BB7_Library-master\CYT4BB7_Library-master\Seekfree_CYT4BB_Opensource_Library\project\iar\Debug_m7_0\Obj\canfd_1800690984773873875.dir: [4]
    ------------------------------------------------------
    Total:

E:\CYT4BB7_Library-master\CYT4BB7_Library-master\Seekfree_CYT4BB_Opensource_Library\project\iar\Debug_m7_0\Obj\code_17896468042025673432.dir: [5]
    PID.o                            730
    alt_ctrl.o                     3'840      112      298
    att_ctrl.o                     2'568      312      417
    ctrl_common.o                    228
    ekf_lite.o                                  4       80
    flow.o                         4'200       24    1'395
    fly_ctrl.o                     1'424                48
    icm42688.o                       688      137       20
    imu.o                          5'504       49      500
    lc302.o                          732                84
    loc_ctrl.o                     4'084      219      388
    param.o                        5'772    2'624  198'674
    pid_menu.o                     1'572      236      111
    remote_ctrl.o                    388                 2
    small_driver_uart_control.o      378                32
    system .o                        532        1        6
    tof.o                          3'160               141
    ------------------------------------------------------
    Total:                        35'800    3'718  202'196

E:\CYT4BB7_Library-master\CYT4BB7_Library-master\Seekfree_CYT4BB_Opensource_Library\project\iar\Debug_m7_0\Obj\cpu_15938736945165268644.dir: [6]
    ------------------------------------------------------
    Total:

E:\CYT4BB7_Library-master\CYT4BB7_Library-master\Seekfree_CYT4BB_Opensource_Library\project\iar\Debug_m7_0\Obj\crypto_1190170608956581615.dir: [7]
    ------------------------------------------------------
    Total:

E:\CYT4BB7_Library-master\CYT4BB7_Library-master\Seekfree_CYT4BB_Opensource_Library\project\iar\Debug_m7_0\Obj\dma_12106025507578611576.dir: [8]
    ------------------------------------------------------
    Total:

E:\CYT4BB7_Library-master\CYT4BB7_Library-master\Seekfree_CYT4BB_Opensource_Library\project\iar\Debug_m7_0\Obj\eth_phy_18133017486186456677.dir: [9]
    ------------------------------------------------------
    Total:

E:\CYT4BB7_Library-master\CYT4BB7_Library-master\Seekfree_CYT4BB_Opensource_Library\project\iar\Debug_m7_0\Obj\ethernet_6029839089178797009.dir: [10]
    ------------------------------------------------------
    Total:

E:\CYT4BB7_Library-master\CYT4BB7_Library-master\Seekfree_CYT4BB_Opensource_Library\project\iar\Debug_m7_0\Obj\evtgen_3404189088603873129.dir: [11]
    ------------------------------------------------------
    Total:

E:\CYT4BB7_Library-master\CYT4BB7_Library-master\Seekfree_CYT4BB_Opensource_Library\project\iar\Debug_m7_0\Obj\flash_8529866181315662935.dir: [12]
    cy_flash.o                     1'196       20
    ------------------------------------------------------
    Total:                         1'196       20

E:\CYT4BB7_Library-master\CYT4BB7_Library-master\Seekfree_CYT4BB_Opensource_Library\project\iar\Debug_m7_0\Obj\flash_864493325053435817.dir: [13]
    cy_mw_flash.o                    732      140        2
    ------------------------------------------------------
    Total:                           732      140        2

E:\CYT4BB7_Library-master\CYT4BB7_Library-master\Seekfree_CYT4BB_Opensource_Library\project\iar\Debug_m7_0\Obj\gpio_3999404635324069351.dir: [14]
    cy_gpio.o                        404
    ------------------------------------------------------
    Total:                           404

E:\CYT4BB7_Library-master\CYT4BB7_Library-master\Seekfree_CYT4BB_Opensource_Library\project\iar\Debug_m7_0\Obj\ipc_10145506163450686023.dir: [15]
    cy_ipc_drv.o                      96        4
    ------------------------------------------------------
    Total:                            96        4

E:\CYT4BB7_Library-master\CYT4BB7_Library-master\Seekfree_CYT4BB_Opensource_Library\project\iar\Debug_m7_0\Obj\lin_18429031207028094880.dir: [16]
    ------------------------------------------------------
    Total:

E:\CYT4BB7_Library-master\CYT4BB7_Library-master\Seekfree_CYT4BB_Opensource_Library\project\iar\Debug_m7_0\Obj\lvd_6353935867039560245.dir: [17]
    ------------------------------------------------------
    Total:

E:\CYT4BB7_Library-master\CYT4BB7_Library-master\Seekfree_CYT4BB_Opensource_Library\project\iar\Debug_m7_0\Obj\mcwdt_4052485907822033969.dir: [18]
    ------------------------------------------------------
    Total:

E:\CYT4BB7_Library-master\CYT4BB7_Library-master\Seekfree_CYT4BB_Opensource_Library\project\iar\Debug_m7_0\Obj\mpu_5663187252346826382.dir: [19]
    ------------------------------------------------------
    Total:

E:\CYT4BB7_Library-master\CYT4BB7_Library-master\Seekfree_CYT4BB_Opensource_Library\project\iar\Debug_m7_0\Obj\power_14453085144426420577.dir: [20]
    ------------------------------------------------------
    Total:

E:\CYT4BB7_Library-master\CYT4BB7_Library-master\Seekfree_CYT4BB_Opensource_Library\project\iar\Debug_m7_0\Obj\prot_10722960861768657883.dir: [21]
    ------------------------------------------------------
    Total:

E:\CYT4BB7_Library-master\CYT4BB7_Library-master\Seekfree_CYT4BB_Opensource_Library\project\iar\Debug_m7_0\Obj\rev_b_4986922561640112550.dir: [22]
    system_tviibh4m_cm7.o            336      164       20
    ------------------------------------------------------
    Total:                           336      164       20

E:\CYT4BB7_Library-master\CYT4BB7_Library-master\Seekfree_CYT4BB_Opensource_Library\project\iar\Debug_m7_0\Obj\rev_b_6162237342861132223.dir: [23]
    cy_interrupt_map.o               408      260    1'776
    ------------------------------------------------------
    Total:                           408      260    1'776

E:\CYT4BB7_Library-master\CYT4BB7_Library-master\Seekfree_CYT4BB_Opensource_Library\project\iar\Debug_m7_0\Obj\scb_15490842639181808494.dir: [24]
    cy_scb_spi.o                     496       16
    cy_scb_uart.o                    788       40
    ------------------------------------------------------
    Total:                         1'284       56

E:\CYT4BB7_Library-master\CYT4BB7_Library-master\Seekfree_CYT4BB_Opensource_Library\project\iar\Debug_m7_0\Obj\sd_host_2982766354293506895.dir: [25]
    ------------------------------------------------------
    Total:

E:\CYT4BB7_Library-master\CYT4BB7_Library-master\Seekfree_CYT4BB_Opensource_Library\project\iar\Debug_m7_0\Obj\semihosting_143864889731838620.dir: [26]
    ------------------------------------------------------
    Total:

E:\CYT4BB7_Library-master\CYT4BB7_Library-master\Seekfree_CYT4BB_Opensource_Library\project\iar\Debug_m7_0\Obj\smartio_5451710003740070188.dir: [27]
    ------------------------------------------------------
    Total:

E:\CYT4BB7_Library-master\CYT4BB7_Library-master\Seekfree_CYT4BB_Opensource_Library\project\iar\Debug_m7_0\Obj\smif_427648126384146252.dir: [28]
    ------------------------------------------------------
    Total:

E:\CYT4BB7_Library-master\CYT4BB7_Library-master\Seekfree_CYT4BB_Opensource_Library\project\iar\Debug_m7_0\Obj\smif_mem_6470536964353725183.dir: [29]
    ------------------------------------------------------
    Total:

E:\CYT4BB7_Library-master\CYT4BB7_Library-master\Seekfree_CYT4BB_Opensource_Library\project\iar\Debug_m7_0\Obj\srom_13018798572330080582.dir: [30]
    cy_srom.o                        748      152       24
    ------------------------------------------------------
    Total:                           748      152       24

E:\CYT4BB7_Library-master\CYT4BB7_Library-master\Seekfree_CYT4BB_Opensource_Library\project\iar\Debug_m7_0\Obj\startup_479057977785470282.dir: [31]
    startup.o                        516       24
    startup_cm7.o                    442               128
    ------------------------------------------------------
    Total:                           958       24      128

E:\CYT4BB7_Library-master\CYT4BB7_Library-master\Seekfree_CYT4BB_Opensource_Library\project\iar\Debug_m7_0\Obj\sw_timer_4215635015939382130.dir: [32]
    ------------------------------------------------------
    Total:

E:\CYT4BB7_Library-master\CYT4BB7_Library-master\Seekfree_CYT4BB_Opensource_Library\project\iar\Debug_m7_0\Obj\sysclk_16149231235676103872.dir: [33]
    cy_sysclk.o                    2'280      288       25
    ------------------------------------------------------
    Total:                         2'280      288       25

E:\CYT4BB7_Library-master\CYT4BB7_Library-master\Seekfree_CYT4BB_Opensource_Library\project\iar\Debug_m7_0\Obj\sysflt_12293435975120599261.dir: [34]
    ------------------------------------------------------
    Total:

E:\CYT4BB7_Library-master\CYT4BB7_Library-master\Seekfree_CYT4BB_Opensource_Library\project\iar\Debug_m7_0\Obj\sysint_7435970359207984181.dir: [35]
    cy_sysint.o                      172        8
    ------------------------------------------------------
    Total:                           172        8

E:\CYT4BB7_Library-master\CYT4BB7_Library-master\Seekfree_CYT4BB_Opensource_Library\project\iar\Debug_m7_0\Obj\syslib_16330585751512546975.dir: [36]
    cy_syslib.o                      262               140
    cy_syslib_iar.o                   30
    ------------------------------------------------------
    Total:                           292               140

E:\CYT4BB7_Library-master\CYT4BB7_Library-master\Seekfree_CYT4BB_Opensource_Library\project\iar\Debug_m7_0\Obj\syspm_10887939769544754770.dir: [37]
    ------------------------------------------------------
    Total:

E:\CYT4BB7_Library-master\CYT4BB7_Library-master\Seekfree_CYT4BB_Opensource_Library\project\iar\Debug_m7_0\Obj\sysreghc_17676636058511625587.dir: [38]
    ------------------------------------------------------
    Total:

E:\CYT4BB7_Library-master\CYT4BB7_Library-master\Seekfree_CYT4BB_Opensource_Library\project\iar\Debug_m7_0\Obj\sysreset_14586141425677365288.dir: [39]
    ------------------------------------------------------
    Total:

[...]
spi_read_8bit_registers
                        0x1009'b6b3      0xfe  Code  Gb  zf_driver_spi.o [50]
spi_write_16bit         0x1009'b383      0xaa  Code  Gb  zf_driver_spi.o [50]
spi_write_16bit_array   0x1009'b42d      0xb6  Code  Gb  zf_driver_spi.o [50]
spi_write_8bit          0x1009'b2d9      0xaa  Code  Gb  zf_driver_spi.o [50]
spi_write_8bit_register
                        0x1009'b4e3      0xde  Code  Gb  zf_driver_spi.o [50]
sprintf                 0x1009'ed3d      0x40  Code  Gb  sprintf.o [51]
sqrt                    0x1009'8b75            Code  Gb  sqrt.o [52]
sqrtf                   0x100a'1275            Code  Gb  sqrtf.o [52]
sqrtl                   0x1009'8b75            Code  Gb  sqrt.o [52]
stan_pid_reset          0x100a'254d      0x16  Code  Gb  PID.o [5]
stan_pid_solve          0x100a'2289     0x1a2  Code  Gb  PID.o [5]
step_index              0x2802'0a53       0x1  Data  Lc  pid_menu.o [5]
step_list               0x100a'ab4c      0x18  Data  Lc  pid_menu.o [5]
strchr                  0x1009'd8c1            Code  Gb  strchr.o [53]
strlen                  0x1009'd919            Code  Gb  strlen.o [53]
strncpy                 0x100a'560d            Code  Gb  strncpy.o [53]
switch_transition_length
                        0x1009'b19d     0x13c  Code  Lc  zf_driver_spi.o [50]
system_clock            0x2805'458c       0x4  Data  Gb  zf_common_clock.o [47]
system_delay_init       0x1009'8e73      0xa6  Code  Gb  zf_driver_delay.o [50]
system_delay_ms         0x1009'8e15      0x5e  Code  Gb  zf_driver_delay.o [50]
system_get_hover_throttle_base
                        0x1009'982b       0x8  Code  Gb  system .o [5]
system_power_armed_hover_base
                        0x2802'099c       0x4  Data  Lc  system .o [5]
system_power_init       0x1009'9755      0x2c  Code  Gb  system .o [5]
system_power_inited     0x2805'45f1       0x1  Data  Lc  system .o [5]
system_power_last_armed
                        0x2805'45f2       0x1  Data  Lc  system .o [5]
system_power_update     0x1009'9781      0xaa  Code  Gb  system .o [5]
system_time_epoch_us    0x2805'44f0       0x4  Data  Lc  imu.o [5]
system_time_last_raw_us
                        0x2805'44ec       0x4  Data  Lc  imu.o [5]
system_time_timer_ready
                        0x2805'45db       0x1  Data  Lc  imu.o [5]
system_time_us          0x1009'7b73      0x62  Code  Gb  imu.o [5]
throttle_ramp_reset     0x100a'7101       0xa  Code  Lc  fly_ctrl.o [5]
throttle_ramp_update    0x100a'710d      0x92  Code  Lc  fly_ctrl.o [5]
throttle_ramped         0x2805'4474       0x4  Data  Lc  fly_ctrl.o [5]
throttle_ramped_debug   0x2805'4478       0x4  Data  Gb  fly_ctrl.o [5]
timer_ch                0x2802'0a57       0x1  Data  Lc  zf_driver_delay.o [50]
timer_clear             0x1009'9573      0x16  Code  Gb  zf_driver_timer.o [50]
timer_get               0x1009'9545      0x2e  Code  Gb  zf_driver_timer.o [50]
timer_init              0x1009'9589      0xc8  Code  Gb  zf_driver_timer.o [50]
timer_start             0x1009'951d      0x28  Code  Gb  zf_driver_timer.o [50]
tof_diff_vel_debug      0x2805'4554       0x4  Data  Gb  tof.o [5]
tof_dist_cm             0x2805'4538       0x4  Data  Gb  tof.o [5]
tof_get_distance        0x1009'7ee5      0x8c  Code  Gb  tof.o [5]
tof_ground_fault_since_us
                        0x2805'456c       0x4  Data  Lc  tof.o [5]
tof_health              0x2805'4124      0x30  Data  Gb  tof.o [5]
tof_health_ok           0x1009'7d6d      0x68  Code  Gb  tof.o [5]
tof_health_reset_tracking
                        0x1009'7c8d      0x4e  Code  Lc  tof.o [5]
tof_health_update       0x1009'7cdb      0x90  Code  Lc  tof.o [5]
tof_init                0x1009'7e0d      0x1c  Code  Gb  tof.o [5]
tof_last_raw_mm         0x2805'45ca       0x2  Data  Lc  tof.o [5]
tof_last_raw_valid      0x2805'45f4       0x1  Data  Lc  tof.o [5]
tof_last_recovery_attempt_us
                        0x2805'4570       0x4  Data  Lc  tof.o [5]
tof_last_sample_time_us
                        0x2805'4568       0x4  Data  Lc  tof.o [5]
tof_last_stream_valid   0x2805'45f6       0x1  Data  Lc  tof.o [5]
tof_last_streamcount    0x2805'45f5       0x1  Data  Lc  tof.o [5]
tof_recovery_task       0x1009'7e29      0xbc  Code  Lc  tof.o [5]
tsl1401_collect_pit_handler
                        0x100a'807d      0x68  Code  Gb  zf_device_tsl1401.o [49]
tsl1401_data            0x2805'347c     0x200  Data  Gb  zf_device_tsl1401.o [49]
tsl1401_finish_flag     0x2805'4603       0x1  Data  Gb  zf_device_tsl1401.o [49]
tsl1401_init_state      0x2805'4602       0x1  Data  Lc  zf_device_tsl1401.o [49]
type_default_callback   0x100a'8229       0x2  Code  Lc  zf_device_type.o [49]
uart0_isr               0x100a'7c09      0x12  Code  Gb  cm7_0_isr.o [45]
uart1_isr               0x100a'7c1b      0x12  Code  Gb  cm7_0_isr.o [45]
uart2_isr               0x100a'7c2d      0x12  Code  Gb  cm7_0_isr.o [45]
uart3_isr               0x100a'7c3f      0x12  Code  Gb  cm7_0_isr.o [45]
uart4_isr               0x100a'7c51      0x12  Code  Gb  cm7_0_isr.o [45]
uart5_isr               0x100a'7c63       0xa  Code  Gb  cm7_0_isr.o [45]
uart6_isr               0x100a'7c6d       0xa  Code  Gb  cm7_0_isr.o [45]
uart_context            0x2805'367c     0x188  Data  Gb  zf_driver_uart.o [50]
uart_control_callback   0x100a'7691      0xbe  Code  Gb  small_driver_uart_control.o [5]
uart_data_buffer        0x2805'3e2c      0x70  Data  Lc  zf_driver_uart.o [50]
uart_data_buffer_count  0x2805'4384       0x8  Data  Lc  zf_driver_uart.o [50]
uart_data_refresh       0x2805'438c       0x8  Data  Lc  zf_driver_uart.o [50]
uart_init               0x1009'eb3d     0x1c0  Code  Gb  zf_driver_uart.o [50]
uart_isr_func           0x2802'0a10      0x1c  Data  Gb  zf_driver_uart.o [50]
uart_isr_mask           0x1009'e495      0xfa  Code  Gb  zf_driver_uart.o [50]
uart_query_byte         0x1009'e7fb      0x74  Code  Gb  zf_driver_uart.o [50]
uart_receiver_handler   0x2802'09b4       0x4  Data  Gb  zf_device_type.o [49]
uart_rx_interrupt       0x1009'e98b     0x1a8  Code  Gb  zf_driver_uart.o [50]
uart_tx_interrupt       0x1009'e86f     0x11c  Code  Gb  zf_driver_uart.o [50]
uart_write_buffer       0x1009'e7c1      0x1e  Code  Gb  zf_driver_uart.o [50]
uart_write_byte         0x1009'e799      0x28  Code  Gb  zf_driver_uart.o [50]
uart_write_string       0x1009'e7df      0x1c  Code  Gb  zf_driver_uart.o [50]
update_current_height   0x1009'7f75     0x11e  Code  Gb  tof.o [5]
update_current_height::filtered_height
                        0x2805'457c       0x4  Data  Lc  tof.o [5]
update_current_height::filtered_vel_z
                        0x2805'4578       0x4  Data  Lc  tof.o [5]
update_current_height::last_height
                        0x2805'4574       0x4  Data  Lc  tof.o [5]
update_position_from_flow
                        0x100a'01f1     0x94e  Code  Gb  flow.o [5]
update_position_from_flow::flow_lost_count
                        0x2805'45d7       0x1  Data  Lc  flow.o [5]
update_position_from_flow::flow_pos_x
                        0x2805'4438       0x4  Data  Lc  flow.o [5]
update_position_from_flow::flow_pos_y
                        0x2805'443c       0x4  Data  Lc  flow.o [5]
update_position_from_flow::flow_recover_count
                        0x2805'45d8       0x1  Data  Lc  flow.o [5]
update_position_from_flow::flow_speed
                        0x2805'4448       0x4  Data  Lc  flow.o [5]
update_position_from_flow::flow_vel_x
                        0x2805'4440       0x4  Data  Lc  flow.o [5]
update_position_from_flow::flow_vel_y
                        0x2805'4444       0x4  Data  Lc  flow.o [5]
update_position_from_flow::gyro_pos_y
                        0x2805'4468       0x4  Data  Lc  flow.o [5]
update_position_from_flow::last_delta_x
                        0x2805'444c       0x4  Data  Lc  flow.o [5]
update_position_from_flow::last_delta_y
                        0x2805'4450       0x4  Data  Lc  flow.o [5]
update_position_from_flow::last_yaw_deg
                        0x2805'445c       0x4  Data  Lc  flow.o [5]
update_position_from_flow::offset_pos_y
                        0x2805'446c       0x4  Data  Lc  flow.o [5]
update_position_from_flow::raw_pos_y
                        0x2805'4460       0x4  Data  Lc  flow.o [5]
update_position_from_flow::true_pos_x
                        0x2805'4470       0x4  Data  Lc  flow.o [5]
update_position_from_flow::true_pos_y
                        0x2805'4464       0x4  Data  Lc  flow.o [5]
update_position_from_flow::yaw_delta_inited
                        0x2805'45d9       0x1  Data  Lc  flow.o [5]
update_position_from_flow{26}::gyro_history_fallback_count
                        0x2805'4458       0x4  Data  Lc  flow.o [5]
update_position_from_flow{26}::gyro_history_hit_count
                        0x2805'4454       0x4  Data  Lc  flow.o [5]
update_position_from_flow{26}::shadow_delay_us
                        0x100a'ab34      0x18  Data  Lc  flow.o [5]
vehicle_setpoint        0x2805'4154      0x28  Data  Gb  param.o [5]
vehicle_state           0x2805'3f5c      0x4c  Data  Gb  param.o [5]
vl53l8_config           0x2805'1158    0x1f24  Data  Lc  vl53l8_if.o [46]
vl53l8_data             0x2805'3a0c      0xd0  Data  Gb  vl53l8_if.o [46]
vl53l8_decode_results   0x1009'98c5     0x1e4  Code  Lc  vl53l8_if.o [46]
vl53l8_decode_results::center_zone
                        0x100a'ac10      0x10  Data  Lc  vl53l8_if.o [46]
vl53l8_get_height_mm    0x1009'9bb3      0x10  Code  Gb  vl53l8_if.o [46]
vl53l8_iic              0x2805'4320      0x10  Data  Lc  vl53l8_platform.o [46]
vl53l8_iic_inited       0x2805'45fa       0x1  Data  Lc  vl53l8_platform.o [46]
vl53l8_init             0x1009'9aa9      0xb2  Code  Gb  vl53l8_if.o [46]
vl53l8_platform_prepare
                        0x1009'f329      0x2c  Code  Lc  vl53l8_platform.o [46]
vl53l8_results          0x2805'3adc      0xc4  Data  Lc  vl53l8_if.o [46]
vl53l8_target_is_valid  0x1009'98a5      0x20  Code  Lc  vl53l8_if.o [46]
vl53l8_tx_buffer        0x2805'3c3c      0x84  Data  Lc  vl53l8_platform.o [46]
vl53l8_update           0x1009'9b5b      0x58  Code  Gb  vl53l8_if.o [46]
vl53l8_xs_reset         0x1009'9875      0x30  Code  Lc  vl53l8_if.o [46]
vl53lmz_check_data_ready
                        0x1009'd14d      0x6e  Code  Gb  vl53lmz_api.o [46]
vl53lmz_create_output_config
                        0x1009'd675      0x52  Code  Gb  vl53lmz_api.o [46]
vl53lmz_dci_read_data   0x1009'd455      0xc6  Code  Gb  vl53lmz_api.o [46]
vl53lmz_dci_replace_data
                        0x1009'd625      0x50  Code  Gb  vl53lmz_api.o [46]
vl53lmz_dci_write_data  0x1009'd51b     0x104  Code  Gb  vl53lmz_api.o [46]
vl53lmz_get_ranging_data
                        0x1009'd1bb     0x124  Code  Gb  vl53lmz_api.o [46]
vl53lmz_get_resolution  0x1009'd2df      0x2e  Code  Gb  vl53lmz_api.o [46]
vl53lmz_init            0x1009'cb8b     0x58c  Code  Gb  vl53lmz_api.o [46]
vl53lmz_is_alive        0x1009'cae5      0xa6  Code  Gb  vl53lmz_api.o [46]
vl53lmz_send_output_config_and_start
                        0x1009'd6d9     0x1cc  Code  Gb  vl53lmz_api.o [46]
vl53lmz_set_ranging_frequency_hz
                        0x1009'd42b      0x2a  Code  Gb  vl53lmz_api.o [46]
vl53lmz_set_resolution  0x1009'd30d     0x11e  Code  Gb  vl53lmz_api.o [46]
vl53lmz_start_ranging   0x1009'd131      0x1c  Code  Gb  vl53lmz_api.o [46]
wireless_module_uart_handler
                        0x2802'09b0       0x4  Data  Gb  zf_device_type.o [49]
wireless_type           0x2805'4604       0x1  Data  Gb  zf_device_type.o [49]
wireless_uart_buffer    0x2805'40b0      0x40  Data  Lc  zf_device_wireless_uart.o [49]
wireless_uart_callback  0x100a'81bd      0x1c  Code  Gb  zf_device_wireless_uart.o [49]
wireless_uart_data      0x2805'4605       0x1  Data  Lc  zf_device_wireless_uart.o [49]
wireless_uart_fifo      0x2805'4288      0x18  Data  Lc  zf_device_wireless_uart.o [49]
wireless_uart_init      0x100a'81d9      0x40  Code  Gb  zf_device_wireless_uart.o [49]
zf_debug_assert_enable  0x2802'0a55       0x1  Data  Lc  zf_common_debug.o [47]
zf_debug_init_flag      0x2805'45fb       0x1  Data  Lc  zf_common_debug.o [47]
zupt_stable_cnt         0x2805'45bc       0x2  Data  Lc  imu.o [5]


[1] = E:\CYT4BB7_Library-master\CYT4BB7_Library-master\Seekfree_CYT4BB_Opensource_Library\project\iar\Debug_m7_0\Obj\adc_11722776235721520015.dir
[2] = E:\CYT4BB7_Library-master\CYT4BB7_Library-master\Seekfree_CYT4BB_Opensource_Library\project\iar\Debug_m7_0\Obj\audioss_1346650047966882938.dir
[3] = E:\CYT4BB7_Library-master\CYT4BB7_Library-master\Seekfree_CYT4BB_Opensource_Library\project\iar\Debug_m7_0\Obj\button_4990804375159372270.dir
[4] = E:\CYT4BB7_Library-master\CYT4BB7_Library-master\Seekfree_CYT4BB_Opensource_Library\project\iar\Debug_m7_0\Obj\canfd_1800690984773873875.dir
[5] = E:\CYT4BB7_Library-master\CYT4BB7_Library-master\Seekfree_CYT4BB_Opensource_Library\project\iar\Debug_m7_0\Obj\code_17896468042025673432.dir
[6] = E:\CYT4BB7_Library-master\CYT4BB7_Library-master\Seekfree_CYT4BB_Opensource_Library\project\iar\Debug_m7_0\Obj\cpu_15938736945165268644.dir
[7] = E:\CYT4BB7_Library-master\CYT4BB7_Library-master\Seekfree_CYT4BB_Opensource_Library\project\iar\Debug_m7_0\Obj\crypto_1190170608956581615.dir
[8] = E:\CYT4BB7_Library-master\CYT4BB7_Library-master\Seekfree_CYT4BB_Opensource_Library\project\iar\Debug_m7_0\Obj\dma_12106025507578611576.dir
[9] = E:\CYT4BB7_Library-master\CYT4BB7_Library-master\Seekfree_CYT4BB_Opensource_Library\project\iar\Debug_m7_0\Obj\eth_phy_18133017486186456677.dir
[10] = E:\CYT4BB7_Library-master\CYT4BB7_Library-master\Seekfree_CYT4BB_Opensource_Library\project\iar\Debug_m7_0\Obj\ethernet_6029839089178797009.dir
[11] = E:\CYT4BB7_Library-master\CYT4BB7_Library-master\Seekfree_CYT4BB_Opensource_Library\project\iar\Debug_m7_0\Obj\evtgen_3404189088603873129.dir
[12] = E:\CYT4BB7_Library-master\CYT4BB7_Library-master\Seekfree_CYT4BB_Opensource_Library\project\iar\Debug_m7_0\Obj\flash_8529866181315662935.dir
[13] = E:\CYT4BB7_Library-master\CYT4BB7_Library-master\Seekfree_CYT4BB_Opensource_Library\project\iar\Debug_m7_0\Obj\flash_864493325053435817.dir
[14] = E:\CYT4BB7_Library-master\CYT4BB7_Library-master\Seekfree_CYT4BB_Opensource_Library\project\iar\Debug_m7_0\Obj\gpio_3999404635324069351.dir
[15] = E:\CYT4BB7_Library-master\CYT4BB7_Library-master\Seekfree_CYT4BB_Opensource_Library\project\iar\Debug_m7_0\Obj\ipc_10145506163450686023.dir
[16] = E:\CYT4BB7_Library-master\CYT4BB7_Library-master\Seekfree_CYT4BB_Opensource_Library\project\iar\Debug_m7_0\Obj\lin_18429031207028094880.dir
[17] = E:\CYT4BB7_Library-master\CYT4BB7_Library-master\Seekfree_CYT4BB_Opensource_Library\project\iar\Debug_m7_0\Obj\lvd_6353935867039560245.dir
[18] = E:\CYT4BB7_Library-master\CYT4BB7_Library-master\Seekfree_CYT4BB_Opensource_Library\project\iar\Debug_m7_0\Obj\mcwdt_4052485907822033969.dir
[19] = E:\CYT4BB7_Library-master\CYT4BB7_Library-master\Seekfree_CYT4BB_Opensource_Library\project\iar\Debug_m7_0\Obj\mpu_5663187252346826382.dir
[20] = E:\CYT4BB7_Library-master\CYT4BB7_Library-master\Seekfree_CYT4BB_Opensource_Library\project\iar\Debug_m7_0\Obj\power_14453085144426420577.dir
[21] = E:\CYT4BB7_Library-master\CYT4BB7_Library-master\Seekfree_CYT4BB_Opensource_Library\project\iar\Debug_m7_0\Obj\prot_10722960861768657883.dir
[22] = E:\CYT4BB7_Library-master\CYT4BB7_Library-master\Seekfree_CYT4BB_Opensource_Library\project\iar\Debug_m7_0\Obj\rev_b_4986922561640112550.dir
[23] = E:\CYT4BB7_Library-master\CYT4BB7_Library-master\Seekfree_CYT4BB_Opensource_Library\project\iar\Debug_m7_0\Obj\rev_b_6162237342861132223.dir
[24] = E:\CYT4BB7_Library-master\CYT4BB7_Library-master\Seekfree_CYT4BB_Opensource_Library\project\iar\Debug_m7_0\Obj\scb_15490842639181808494.dir
[25] = E:\CYT4BB7_Library-master\CYT4BB7_Library-master\Seekfree_CYT4BB_Opensource_Library\project\iar\Debug_m7_0\Obj\sd_host_2982766354293506895.dir
[26] = E:\CYT4BB7_Library-master\CYT4BB7_Library-master\Seekfree_CYT4BB_Opensource_Library\project\iar\Debug_m7_0\Obj\semihosting_143864889731838620.dir
[27] = E:\CYT4BB7_Library-master\CYT4BB7_Library-master\Seekfree_CYT4BB_Opensource_Library\project\iar\Debug_m7_0\Obj\smartio_5451710003740070188.dir
[28] = E:\CYT4BB7_Library-master\CYT4BB7_Library-master\Seekfree_CYT4BB_Opensource_Library\project\iar\Debug_m7_0\Obj\smif_427648126384146252.dir
[29] = E:\CYT4BB7_Library-master\CYT4BB7_Library-master\Seekfree_CYT4BB_Opensource_Library\project\iar\Debug_m7_0\Obj\smif_mem_6470536964353725183.dir
[30] = E:\CYT4BB7_Library-master\CYT4BB7_Library-master\Seekfree_CYT4BB_Opensource_Library\project\iar\Debug_m7_0\Obj\srom_13018798572330080582.dir
[31] = E:\CYT4BB7_Library-master\CYT4BB7_Library-master\Seekfree_CYT4BB_Opensource_Library\project\iar\Debug_m7_0\Obj\startup_479057977785470282.dir
[32] = E:\CYT4BB7_Library-master\CYT4BB7_Library-master\Seekfree_CYT4BB_Opensource_Library\project\iar\Debug_m7_0\Obj\sw_timer_4215635015939382130.dir
[33] = E:\CYT4BB7_Library-master\CYT4BB7_Library-master\Seekfree_CYT4BB_Opensource_Library\project\iar\Debug_m7_0\Obj\sysclk_16149231235676103872.dir
[34] = E:\CYT4BB7_Library-master\CYT4BB7_Library-master\Seekfree_CYT4BB_Opensource_Library\project\iar\Debug_m7_0\Obj\sysflt_12293435975120599261.dir
[35] = E:\CYT4BB7_Library-master\CYT4BB7_Library-master\Seekfree_CYT4BB_Opensource_Library\project\iar\Debug_m7_0\Obj\sysint_7435970359207984181.dir
[36] = E:\CYT4BB7_Library-master\CYT4BB7_Library-master\Seekfree_CYT4BB_Opensource_Library\project\iar\Debug_m7_0\Obj\syslib_16330585751512546975.dir
[37] = E:\CYT4BB7_Library-master\CYT4BB7_Library-master\Seekfree_CYT4BB_Opensource_Library\project\iar\Debug_m7_0\Obj\syspm_10887939769544754770.dir
[38] = E:\CYT4BB7_Library-master\CYT4BB7_Library-master\Seekfree_CYT4BB_Opensource_Library\project\iar\Debug_m7_0\Obj\sysreghc_17676636058511625587.dir
[39] = E:\CYT4BB7_Library-master\CYT4BB7_Library-master\Seekfree_CYT4BB_Opensource_Library\project\iar\Debug_m7_0\Obj\sysreset_14586141425677365288.dir
[40] = E:\CYT4BB7_Library-master\CYT4BB7_Library-master\Seekfree_CYT4BB_Opensource_Library\project\iar\Debug_m7_0\Obj\sysrtc_10747768817563771611.dir
[41] = E:\CYT4BB7_Library-master\CYT4BB7_Library-master\Seekfree_CYT4BB_Opensource_Library\project\iar\Debug_m7_0\Obj\systick_16016591671695740695.dir
[42] = E:\CYT4BB7_Library-master\CYT4BB7_Library-master\Seekfree_CYT4BB_Opensource_Library\project\iar\Debug_m7_0\Obj\syswdt_9118657615806274156.dir
[43] = E:\CYT4BB7_Library-master\CYT4BB7_Library-master\Seekfree_CYT4BB_Opensource_Library\project\iar\Debug_m7_0\Obj\tcpwm_422923530147891246.dir
[44] = E:\CYT4BB7_Library-master\CYT4BB7_Library-master\Seekfree_CYT4BB_Opensource_Library\project\iar\Debug_m7_0\Obj\trigmux_9729677290734583340.dir
[45] = E:\CYT4BB7_Library-master\CYT4BB7_Library-master\Seekfree_CYT4BB_Opensource_Library\project\iar\Debug_m7_0\Obj\user_8514941877209965082.dir
[46] = E:\CYT4BB7_Library-master\CYT4BB7_Library-master\Seekfree_CYT4BB_Opensource_Library\project\iar\Debug_m7_0\Obj\vl53l8_16729951325710449878.dir
[47] = E:\CYT4BB7_Library-master\CYT4BB7_Library-master\Seekfree_CYT4BB_Opensource_Library\project\iar\Debug_m7_0\Obj\zf_common_1201165462030747823.dir
[48] = E:\CYT4BB7_Library-master\CYT4BB7_Library-master\Seekfree_CYT4BB_Opensource_Library\project\iar\Debug_m7_0\Obj\zf_components_14936052685886095442.dir
[49] = E:\CYT4BB7_Library-master\CYT4BB7_Library-master\Seekfree_CYT4BB_Opensource_Library\project\iar\Debug_m7_0\Obj\zf_device_6570275422786408770.dir
[50] = E:\CYT4BB7_Library-master\CYT4BB7_Library-master\Seekfree_CYT4BB_Opensource_Library\project\iar\Debug_m7_0\Obj\zf_driver_11922370083829174090.dir
[51] = dl7M_tln.a
[52] = m7M_tlv.a
[53] = rt7M_tl.a
[54] = shb_l.a
[55] = zf_device_config.a

   78'874 bytes of readonly  code memory
   97'165 bytes of readonly  data memory
  223'879 bytes of readwrite data memory

Errors: none
Warnings: none
