###############################################################################
#
# IAR ELF Linker V9.40.1.364/W64 for ARM                  20/Jul/2026  13:48:36
# Copyright 2007-2023 IAR Systems AB.
#
#    Output file  =
#        E:\CYT4BB7_Library-master\CYT4BB7_Library-master\Seekfree_CYT4BB_Opensource_Library\project\iar\project_config\Debug_m7_1\Exe\cyt4bb7_cm_7_1.out
#    Map file     =
#        E:\CYT4BB7_Library-master\CYT4BB7_Library-master\Seekfree_CYT4BB_Opensource_Library\project\iar\Debug_m7_1\List\cyt4bb7_cm_7_1.map
#    Command line =
#        -f
#        E:\CYT4BB7_Library-master\CYT4BB7_Library-master\Seekfree_CYT4BB_Opensource_Library\project\iar\project_config\Debug_m7_1\Exe\cyt4bb7_cm_7_1.out.rsp
#        (E:\CYT4BB7_Library-master\CYT4BB7_Library-master\Seekfree_CYT4BB_Opensource_Library\project\iar\Debug_m7_1\Obj\user_8514941877209965082.dir\cm7_1_isr.o
#        E:\CYT4BB7_Library-master\CYT4BB7_Library-master\Seekfree_CYT4BB_Opensource_Library\project\iar\Debug_m7_1\Obj\adc_11722776235721520015.dir\cy_adc.o
#        E:\CYT4BB7_Library-master\CYT4BB7_Library-master\Seekfree_CYT4BB_Opensource_Library\project\iar\Debug_m7_1\Obj\button_4990804375159372270.dir\cy_button.o
#        E:\CYT4BB7_Library-master\CYT4BB7_Library-master\Seekfree_CYT4BB_Opensource_Library\project\iar\Debug_m7_1\Obj\canfd_1800690984773873875.dir\cy_canfd.o
#        E:\CYT4BB7_Library-master\CYT4BB7_Library-master\Seekfree_CYT4BB_Opensource_Library\project\iar\Debug_m7_1\Obj\cpu_15938736945165268644.dir\cy_cpu.o
#        E:\CYT4BB7_Library-master\CYT4BB7_Library-master\Seekfree_CYT4BB_Opensource_Library\project\iar\Debug_m7_1\Obj\crypto_1190170608956581615.dir\cy_crypto_config.o
#        E:\CYT4BB7_Library-master\CYT4BB7_Library-master\Seekfree_CYT4BB_Opensource_Library\project\iar\Debug_m7_1\Obj\eth_phy_18133017486186456677.dir\cy_dp83867.o
#        E:\CYT4BB7_Library-master\CYT4BB7_Library-master\Seekfree_CYT4BB_Opensource_Library\project\iar\Debug_m7_1\Obj\ethernet_6029839089178797009.dir\cy_ethif.o
#        E:\CYT4BB7_Library-master\CYT4BB7_Library-master\Seekfree_CYT4BB_Opensource_Library\project\iar\Debug_m7_1\Obj\evtgen_3404189088603873129.dir\cy_evtgen.o
#        E:\CYT4BB7_Library-master\CYT4BB7_Library-master\Seekfree_CYT4BB_Opensource_Library\project\iar\Debug_m7_1\Obj\flash_8529866181315662935.dir\cy_flash.o
#        E:\CYT4BB7_Library-master\CYT4BB7_Library-master\Seekfree_CYT4BB_Opensource_Library\project\iar\Debug_m7_1\Obj\gpio_3999404635324069351.dir\cy_gpio.o
#        E:\CYT4BB7_Library-master\CYT4BB7_Library-master\Seekfree_CYT4BB_Opensource_Library\project\iar\Debug_m7_1\Obj\audioss_1346650047966882938.dir\cy_i2s.o
#        E:\CYT4BB7_Library-master\CYT4BB7_Library-master\Seekfree_CYT4BB_Opensource_Library\project\iar\Debug_m7_1\Obj\rev_b_6162237342861132223.dir\cy_interrupt_map.o
#        E:\CYT4BB7_Library-master\CYT4BB7_Library-master\Seekfree_CYT4BB_Opensource_Library\project\iar\Debug_m7_1\Obj\ipc_10145506163450686023.dir\cy_ipc_drv.o
#        E:\CYT4BB7_Library-master\CYT4BB7_Library-master\Seekfree_CYT4BB_Opensource_Library\project\iar\Debug_m7_1\Obj\ipc_10145506163450686023.dir\cy_ipc_pipe.o
#        E:\CYT4BB7_Library-master\CYT4BB7_Library-master\Seekfree_CYT4BB_Opensource_Library\project\iar\Debug_m7_1\Obj\ipc_10145506163450686023.dir\cy_ipc_sema.o
#        E:\CYT4BB7_Library-master\CYT4BB7_Library-master\Seekfree_CYT4BB_Opensource_Library\project\iar\Debug_m7_1\Obj\lin_18429031207028094880.dir\cy_lin.o
#        E:\CYT4BB7_Library-master\CYT4BB7_Library-master\Seekfree_CYT4BB_Opensource_Library\project\iar\Debug_m7_1\Obj\lvd_6353935867039560245.dir\cy_lvd.o
#        E:\CYT4BB7_Library-master\CYT4BB7_Library-master\Seekfree_CYT4BB_Opensource_Library\project\iar\Debug_m7_1\Obj\mcwdt_4052485907822033969.dir\cy_mcwdt.o
#        E:\CYT4BB7_Library-master\CYT4BB7_Library-master\Seekfree_CYT4BB_Opensource_Library\project\iar\Debug_m7_1\Obj\dma_12106025507578611576.dir\cy_mdma.o
#        E:\CYT4BB7_Library-master\CYT4BB7_Library-master\Seekfree_CYT4BB_Opensource_Library\project\iar\Debug_m7_1\Obj\mpu_5663187252346826382.dir\cy_mpu.o
#        E:\CYT4BB7_Library-master\CYT4BB7_Library-master\Seekfree_CYT4BB_Opensource_Library\project\iar\Debug_m7_1\Obj\flash_864493325053435817.dir\cy_mw_flash.o
#        E:\CYT4BB7_Library-master\CYT4BB7_Library-master\Seekfree_CYT4BB_Opensource_Library\project\iar\Debug_m7_1\Obj\dma_12106025507578611576.dir\cy_pdma.o
#        E:\CYT4BB7_Library-master\CYT4BB7_Library-master\Seekfree_CYT4BB_Opensource_Library\project\iar\Debug_m7_1\Obj\power_14453085144426420577.dir\cy_power.o
#        E:\CYT4BB7_Library-master\CYT4BB7_Library-master\Seekfree_CYT4BB_Opensource_Library\project\iar\Debug_m7_1\Obj\prot_10722960861768657883.dir\cy_prot.o
#        E:\CYT4BB7_Library-master\CYT4BB7_Library-master\Seekfree_CYT4BB_Opensource_Library\project\iar\Debug_m7_1\Obj\scb_15490842639181808494.dir\cy_scb_common.o
#        E:\CYT4BB7_Library-master\CYT4BB7_Library-master\Seekfree_CYT4BB_Opensource_Library\project\iar\Debug_m7_1\Obj\scb_15490842639181808494.dir\cy_scb_ezi2c.o
#        E:\CYT4BB7_Library-master\CYT4BB7_Library-master\Seekfree_CYT4BB_Opensource_Library\project\iar\Debug_m7_1\Obj\scb_15490842639181808494.dir\cy_scb_i2c.o
#        E:\CYT4BB7_Library-master\CYT4BB7_Library-master\Seekfree_CYT4BB_Opensource_Library\project\iar\Debug_m7_1\Obj\scb_15490842639181808494.dir\cy_scb_spi.o
#        E:\CYT4BB7_Library-master\CYT4BB7_Library-master\Seekfree_CYT4BB_Opensource_Library\project\iar\Debug_m7_1\Obj\scb_15490842639181808494.dir\cy_scb_uart.o
#        E:\CYT4BB7_Library-master\CYT4BB7_Library-master\Seekfree_CYT4BB_Opensource_Library\project\iar\Debug_m7_1\Obj\sd_host_2982766354293506895.dir\cy_sd_host.o
#        E:\CYT4BB7_Library-master\CYT4BB7_Library-master\Seekfree_CYT4BB_Opensource_Library\project\iar\Debug_m7_1\Obj\semihosting_143864889731838620.dir\cy_semihosting.o
#        E:\CYT4BB7_Library-master\CYT4BB7_Library-master\Seekfree_CYT4BB_Opensource_Library\project\iar\Debug_m7_1\Obj\smartio_5451710003740070188.dir\cy_smartio.o
#        E:\CYT4BB7_Library-master\CYT4BB7_Library-master\Seekfree_CYT4BB_Opensource_Library\project\iar\Debug_m7_1\Obj\smif_427648126384146252.dir\cy_smif.o
#        E:\CYT4BB7_Library-master\CYT4BB7_Library-master\Seekfree_CYT4BB_Opensource_Library\project\iar\Debug_m7_1\Obj\smif_mem_6470536964353725183.dir\cy_smif_device_common.o
#        E:\CYT4BB7_Library-master\CYT4BB7_Library-master\Seekfree_CYT4BB_Opensource_Library\project\iar\Debug_m7_1\Obj\smif_mem_6470536964353725183.dir\cy_smif_hb_flash.o
#        E:\CYT4BB7_Library-master\CYT4BB7_Library-master\Seekfree_CYT4BB_Opensource_Library\project\iar\Debug_m7_1\Obj\smif_427648126384146252.dir\cy_smif_memslot.o
#        E:\CYT4BB7_Library-master\CYT4BB7_Library-master\Seekfree_CYT4BB_Opensource_Library\project\iar\Debug_m7_1\Obj\smif_mem_6470536964353725183.dir\cy_smif_s25fl.o
#        E:\CYT4BB7_Library-master\CYT4BB7_Library-master\Seekfree_CYT4BB_Opensource_Library\project\iar\Debug_m7_1\Obj\smif_mem_6470536964353725183.dir\cy_smif_s25fs.o
#        E:\CYT4BB7_Library-master\CYT4BB7_Library-master\Seekfree_CYT4BB_Opensource_Library\project\iar\Debug_m7_1\Obj\smif_mem_6470536964353725183.dir\cy_smif_semp.o
#        E:\CYT4BB7_Library-master\CYT4BB7_Library-master\Seekfree_CYT4BB_Opensource_Library\project\iar\Debug_m7_1\Obj\smif_427648126384146252.dir\cy_smif_ver_specific.o
#        E:\CYT4BB7_Library-master\CYT4BB7_Library-master\Seekfree_CYT4BB_Opensource_Library\project\iar\Debug_m7_1\Obj\srom_13018798572330080582.dir\cy_srom.o
#        E:\CYT4BB7_Library-master\CYT4BB7_Library-master\Seekfree_CYT4BB_Opensource_Library\project\iar\Debug_m7_1\Obj\sw_timer_4215635015939382130.dir\cy_sw_tmr.o
#        E:\CYT4BB7_Library-master\CYT4BB7_Library-master\Seekfree_CYT4BB_Opensource_Library\project\iar\Debug_m7_1\Obj\sysclk_16149231235676103872.dir\cy_sysclk.o
#        E:\CYT4BB7_Library-master\CYT4BB7_Library-master\Seekfree_CYT4BB_Opensource_Library\project\iar\Debug_m7_1\Obj\sysflt_12293435975120599261.dir\cy_sysflt.o
#        E:\CYT4BB7_Library-master\CYT4BB7_Library-master\Seekfree_CYT4BB_Opensource_Library\project\iar\Debug_m7_1\Obj\sysint_7435970359207984181.dir\cy_sysint.o
#        E:\CYT4BB7_Library-master\CYT4BB7_Library-master\Seekfree_CYT4BB_Opensource_Library\project\iar\Debug_m7_1\Obj\syslib_16330585751512546975.dir\cy_syslib.o
#        E:\CYT4BB7_Library-master\CYT4BB7_Library-master\Seekfree_CYT4BB_Opensource_Library\project\iar\Debug_m7_1\Obj\syslib_16330585751512546975.dir\cy_syslib_iar.o
#        E:\CYT4BB7_Library-master\CYT4BB7_Library-master\Seekfree_CYT4BB_Opensource_Library\project\iar\Debug_m7_1\Obj\syspm_10887939769544754770.dir\cy_syspm.o
#        E:\CYT4BB7_Library-master\CYT4BB7_Library-master\Seekfree_CYT4BB_Opensource_Library\project\iar\Debug_m7_1\Obj\sysreghc_17676636058511625587.dir\cy_sysreghc.o
#        E:\CYT4BB7_Library-master\CYT4BB7_Library-master\Seekfree_CYT4BB_Opensource_Library\project\iar\Debug_m7_1\Obj\sysreset_14586141425677365288.dir\cy_sysreset.o
#        E:\CYT4BB7_Library-master\CYT4BB7_Library-master\Seekfree_CYT4BB_Opensource_Library\project\iar\Debug_m7_1\Obj\sysrtc_10747768817563771611.dir\cy_sysrtc.o
#        E:\CYT4BB7_Library-master\CYT4BB7_Library-master\Seekfree_CYT4BB_Opensource_Library\project\iar\Debug_m7_1\Obj\systick_16016591671695740695.dir\cy_systick.o
#        E:\CYT4BB7_Library-master\CYT4BB7_Library-master\Seekfree_CYT4BB_Opensource_Library\project\iar\Debug_m7_1\Obj\syswdt_9118657615806274156.dir\cy_syswdt.o
#        E:\CYT4BB7_Library-master\CYT4BB7_Library-master\Seekfree_CYT4BB_Opensource_Library\project\iar\Debug_m7_1\Obj\tcpwm_422923530147891246.dir\cy_tcpwm.o
#        E:\CYT4BB7_Library-master\CYT4BB7_Library-master\Seekfree_CYT4BB_Opensource_Library\project\iar\Debug_m7_1\Obj\tcpwm_422923530147891246.dir\cy_tcpwm_counter.o
#        E:\CYT4BB7_Library-master\CYT4BB7_Library-master\Seekfree_CYT4BB_Opensource_Library\project\iar\Debug_m7_1\Obj\tcpwm_422923530147891246.dir\cy_tcpwm_pwm.o
#        E:\CYT4BB7_Library-master\CYT4BB7_Library-master\Seekfree_CYT4BB_Opensource_Library\project\iar\Debug_m7_1\Obj\tcpwm_422923530147891246.dir\cy_tcpwm_quaddec.o
#        E:\CYT4BB7_Library-master\CYT4BB7_Library-master\Seekfree_CYT4BB_Opensource_Library\project\iar\Debug_m7_1\Obj\tcpwm_422923530147891246.dir\cy_tcpwm_sr.o
#        E:\CYT4BB7_Library-master\CYT4BB7_Library-master\Seekfree_CYT4BB_Opensource_Library\project\iar\Debug_m7_1\Obj\trigmux_9729677290734583340.dir\cy_trigmux.o
#        E:\CYT4BB7_Library-master\CYT4BB7_Library-master\Seekfree_CYT4BB_Opensource_Library\project\iar\Debug_m7_1\Obj\ethernet_6029839089178797009.dir\edd.o
#        E:\CYT4BB7_Library-master\CYT4BB7_Library-master\Seekfree_CYT4BB_Opensource_Library\project\iar\Debug_m7_1\Obj\ethernet_6029839089178797009.dir\edd_rx.o
#        E:\CYT4BB7_Library-master\CYT4BB7_Library-master\Seekfree_CYT4BB_Opensource_Library\project\iar\Debug_m7_1\Obj\ethernet_6029839089178797009.dir\edd_tx.o
#        E:\CYT4BB7_Library-master\CYT4BB7_Library-master\Seekfree_CYT4BB_Opensource_Library\project\iar\Debug_m7_1\Obj\code_17896468042025673432.dir\fisheye_lut.o
#        E:\CYT4BB7_Library-master\CYT4BB7_Library-master\Seekfree_CYT4BB_Opensource_Library\project\iar\Debug_m7_1\Obj\code_17896468042025673432.dir\image.o
#        E:\CYT4BB7_Library-master\CYT4BB7_Library-master\Seekfree_CYT4BB_Opensource_Library\project\iar\Debug_m7_1\Obj\user_8514941877209965082.dir\main_cm7_1.o
#        E:\CYT4BB7_Library-master\CYT4BB7_Library-master\Seekfree_CYT4BB_Opensource_Library\project\iar\Debug_m7_1\Obj\zf_components_14936052685886095442.dir\seekfree_assistant.o
#        E:\CYT4BB7_Library-master\CYT4BB7_Library-master\Seekfree_CYT4BB_Opensource_Library\project\iar\Debug_m7_1\Obj\zf_components_14936052685886095442.dir\seekfree_assistant_interface.o
#        E:\CYT4BB7_Library-master\CYT4BB7_Library-master\Seekfree_CYT4BB_Opensource_Library\project\iar\Debug_m7_1\Obj\startup_479057977785470282.dir\startup.o
#        E:\CYT4BB7_Library-master\CYT4BB7_Library-master\Seekfree_CYT4BB_Opensource_Library\project\iar\Debug_m7_1\Obj\startup_479057977785470282.dir\startup_cm7.o
#        E:\CYT4BB7_Library-master\CYT4BB7_Library-master\Seekfree_CYT4BB_Opensource_Library\project\iar\Debug_m7_1\Obj\rev_b_4986922561640112550.dir\system_tviibh4m_cm7.o
#        E:\CYT4BB7_Library-master\CYT4BB7_Library-master\Seekfree_CYT4BB_Opensource_Library\project\iar\Debug_m7_1\Obj\code_17896468042025673432.dir\vision_shared.o
#        E:\CYT4BB7_Library-master\CYT4BB7_Library-master\Seekfree_CYT4BB_Opensource_Library\project\iar\Debug_m7_1\Obj\code_17896468042025673432.dir\vision_worker.o
#        E:\CYT4BB7_Library-master\CYT4BB7_Library-master\Seekfree_CYT4BB_Opensource_Library\project\iar\Debug_m7_1\Obj\zf_common_1201165462030747823.dir\zf_common_clock.o
#        E:\CYT4BB7_Library-master\CYT4BB7_Library-master\Seekfree_CYT4BB_Opensource_Library\project\iar\Debug_m7_1\Obj\zf_common_1201165462030747823.dir\zf_common_debug.o
#        E:\CYT4BB7_Library-master\CYT4BB7_Library-master\Seekfree_CYT4BB_Opensource_Library\project\iar\Debug_m7_1\Obj\zf_common_1201165462030747823.dir\zf_common_fifo.o
#        E:\CYT4BB7_Library-master\CYT4BB7_Library-master\Seekfree_CYT4BB_Opensource_Library\project\iar\Debug_m7_1\Obj\zf_common_1201165462030747823.dir\zf_common_font.o
#        E:\CYT4BB7_Library-master\CYT4BB7_Library-master\Seekfree_CYT4BB_Opensource_Library\project\iar\Debug_m7_1\Obj\zf_common_1201165462030747823.dir\zf_common_function.o
#        E:\CYT4BB7_Library-master\CYT4BB7_Library-master\Seekfree_CYT4BB_Opensource_Library\project\iar\Debug_m7_1\Obj\zf_common_1201165462030747823.dir\zf_common_interrupt.o
#        E:\CYT4BB7_Library-master\CYT4BB7_Library-master\Seekfree_CYT4BB_Opensource_Library\project\iar\Debug_m7_1\Obj\zf_device_6570275422786408770.dir\zf_device_ble6a20.o
#        E:\CYT4BB7_Library-master\CYT4BB7_Library-master\Seekfree_CYT4BB_Opensource_Library\project\iar\Debug_m7_1\Obj\zf_device_6570275422786408770.dir\zf_device_dl1a.o
#        E:\CYT4BB7_Library-master\CYT4BB7_Library-master\Seekfree_CYT4BB_Opensource_Library\project\iar\Debug_m7_1\Obj\zf_device_6570275422786408770.dir\zf_device_dl1b.o
#        E:\CYT4BB7_Library-master\CYT4BB7_Library-master\Seekfree_CYT4BB_Opensource_Library\project\iar\Debug_m7_1\Obj\zf_device_6570275422786408770.dir\zf_device_gnss.o
#        E:\CYT4BB7_Library-master\CYT4BB7_Library-master\Seekfree_CYT4BB_Opensource_Library\project\iar\Debug_m7_1\Obj\zf_device_6570275422786408770.dir\zf_device_icm20602.o
#        E:\CYT4BB7_Library-master\CYT4BB7_Library-master\Seekfree_CYT4BB_Opensource_Library\project\iar\Debug_m7_1\Obj\zf_device_6570275422786408770.dir\zf_device_imu660ra.o
#        E:\CYT4BB7_Library-master\CYT4BB7_Library-master\Seekfree_CYT4BB_Opensource_Library\project\iar\Debug_m7_1\Obj\zf_device_6570275422786408770.dir\zf_device_imu660rb.o
#        E:\CYT4BB7_Library-master\CYT4BB7_Library-master\Seekfree_CYT4BB_Opensource_Library\project\iar\Debug_m7_1\Obj\zf_device_6570275422786408770.dir\zf_device_imu660rc.o
#        E:\CYT4BB7_Library-master\CYT4BB7_Library-master\Seekfree_CYT4BB_Opensource_Library\project\iar\Debug_m7_1\Obj\zf_device_6570275422786408770.dir\zf_device_imu963ra.o
#        E:\CYT4BB7_Library-master\CYT4BB7_Library-master\Seekfree_CYT4BB_Opensource_Library\project\iar\Debug_m7_1\Obj\zf_device_6570275422786408770.dir\zf_device_ips114.o
#        E:\CYT4BB7_Library-master\CYT4BB7_Library-master\Seekfree_CYT4BB_Opensource_Library\project\iar\Debug_m7_1\Obj\zf_device_6570275422786408770.dir\zf_device_ips200.o
#        E:\CYT4BB7_Library-master\CYT4BB7_Library-master\Seekfree_CYT4BB_Opensource_Library\project\iar\Debug_m7_1\Obj\zf_device_6570275422786408770.dir\zf_device_ips200pro.o
#        E:\CYT4BB7_Library-master\CYT4BB7_Library-master\Seekfree_CYT4BB_Opensource_Library\project\iar\Debug_m7_1\Obj\zf_device_6570275422786408770.dir\zf_device_key.o
#        E:\CYT4BB7_Library-master\CYT4BB7_Library-master\Seekfree_CYT4BB_Opensource_Library\project\iar\Debug_m7_1\Obj\zf_device_6570275422786408770.dir\zf_device_lora3a22.o
#        E:\CYT4BB7_Library-master\CYT4BB7_Library-master\Seekfree_CYT4BB_Opensource_Library\project\iar\Debug_m7_1\Obj\zf_device_6570275422786408770.dir\zf_device_menc15a.o
#        E:\CYT4BB7_Library-master\CYT4BB7_Library-master\Seekfree_CYT4BB_Opensource_Library\project\iar\Debug_m7_1\Obj\zf_device_6570275422786408770.dir\zf_device_mt9v03x.o
#        E:\CYT4BB7_Library-master\CYT4BB7_Library-master\Seekfree_CYT4BB_Opensource_Library\project\iar\Debug_m7_1\Obj\zf_device_6570275422786408770.dir\zf_device_oled.o
#        E:\CYT4BB7_Library-master\CYT4BB7_Library-master\Seekfree_CYT4BB_Opensource_Library\project\iar\Debug_m7_1\Obj\zf_device_6570275422786408770.dir\zf_device_pmw3901.o
#        E:\CYT4BB7_Library-master\CYT4BB7_Library-master\Seekfree_CYT4BB_Opensource_Library\project\iar\Debug_m7_1\Obj\zf_device_6570275422786408770.dir\zf_device_tft180.o
#        E:\CYT4BB7_Library-master\CYT4BB7_Library-master\Seekfree_CYT4BB_Opensource_Library\project\iar\Debug_m7_1\Obj\zf_device_6570275422786408770.dir\zf_device_tsl1401.o
#        E:\CYT4BB7_Library-master\CYT4BB7_Library-master\Seekfree_CYT4BB_Opensource_Library\project\iar\Debug_m7_1\Obj\zf_device_6570275422786408770.dir\zf_device_type.o
#        E:\CYT4BB7_Library-master\CYT4BB7_Library-master\Seekfree_CYT4BB_Opensource_Library\project\iar\Debug_m7_1\Obj\zf_device_6570275422786408770.dir\zf_device_uart_receiver.o
#        E:\CYT4BB7_Library-master\CYT4BB7_Library-master\Seekfree_CYT4BB_Opensource_Library\project\iar\Debug_m7_1\Obj\zf_device_6570275422786408770.dir\zf_device_wifi_spi.o
#        E:\CYT4BB7_Library-master\CYT4BB7_Library-master\Seekfree_CYT4BB_Opensource_Library\project\iar\Debug_m7_1\Obj\zf_device_6570275422786408770.dir\zf_device_wifi_uart.o
#        E:\CYT4BB7_Library-master\CYT4BB7_Library-master\Seekfree_CYT4BB_Opensource_Library\project\iar\Debug_m7_1\Obj\zf_device_6570275422786408770.dir\zf_device_wireless_uart.o
#        E:\CYT4BB7_Library-master\CYT4BB7_Library-master\Seekfree_CYT4BB_Opensource_Library\project\iar\Debug_m7_1\Obj\zf_driver_11922370083829174090.dir\zf_driver_adc.o
#        E:\CYT4BB7_Library-master\CYT4BB7_Library-master\Seekfree_CYT4BB_Opensource_Library\project\iar\Debug_m7_1\Obj\zf_driver_11922370083829174090.dir\zf_driver_delay.o
#        E:\CYT4BB7_Library-master\CYT4BB7_Library-master\Seekfree_CYT4BB_Opensource_Library\project\iar\Debug_m7_1\Obj\zf_driver_11922370083829174090.dir\zf_driver_dma.o
#        E:\CYT4BB7_Library-master\CYT4BB7_Library-master\Seekfree_CYT4BB_Opensource_Library\project\iar\Debug_m7_1\Obj\zf_driver_11922370083829174090.dir\zf_driver_encoder.o
#        E:\CYT4BB7_Library-master\CYT4BB7_Library-master\Seekfree_CYT4BB_Opensource_Library\project\iar\Debug_m7_1\Obj\zf_driver_11922370083829174090.dir\zf_driver_exti.o
#        E:\CYT4BB7_Library-master\CYT4BB7_Library-master\Seekfree_CYT4BB_Opensource_Library\project\iar\Debug_m7_1\Obj\zf_driver_11922370083829174090.dir\zf_driver_flash.o
#        E:\CYT4BB7_Library-master\CYT4BB7_Library-master\Seekfree_CYT4BB_Opensource_Library\project\iar\Debug_m7_1\Obj\zf_driver_11922370083829174090.dir\zf_driver_gpio.o
#        E:\CYT4BB7_Library-master\CYT4BB7_Library-master\Seekfree_CYT4BB_Opensource_Library\project\iar\Debug_m7_1\Obj\zf_driver_11922370083829174090.dir\zf_driver_ipc.o
#        E:\CYT4BB7_Library-master\CYT4BB7_Library-master\Seekfree_CYT4BB_Opensource_Library\project\iar\Debug_m7_1\Obj\zf_driver_11922370083829174090.dir\zf_driver_pit.o
#        E:\CYT4BB7_Library-master\CYT4BB7_Library-master\Seekfree_CYT4BB_Opensource_Library\project\iar\Debug_m7_1\Obj\zf_driver_11922370083829174090.dir\zf_driver_pwm.o
#        E:\CYT4BB7_Library-master\CYT4BB7_Library-master\Seekfree_CYT4BB_Opensource_Library\project\iar\Debug_m7_1\Obj\zf_driver_11922370083829174090.dir\zf_driver_soft_iic.o
#        E:\CYT4BB7_Library-master\CYT4BB7_Library-master\Seekfree_CYT4BB_Opensource_Library\project\iar\Debug_m7_1\Obj\zf_driver_11922370083829174090.dir\zf_driver_soft_spi.o
#        E:\CYT4BB7_Library-master\CYT4BB7_Library-master\Seekfree_CYT4BB_Opensource_Library\project\iar\Debug_m7_1\Obj\zf_driver_11922370083829174090.dir\zf_driver_spi.o
#        E:\CYT4BB7_Library-master\CYT4BB7_Library-master\Seekfree_CYT4BB_Opensource_Library\project\iar\Debug_m7_1\Obj\zf_driver_11922370083829174090.dir\zf_driver_timer.o
#        E:\CYT4BB7_Library-master\CYT4BB7_Library-master\Seekfree_CYT4BB_Opensource_Library\project\iar\Debug_m7_1\Obj\zf_driver_11922370083829174090.dir\zf_driver_uart.o
#        --no_out_extension -o
#        E:\CYT4BB7_Library-master\CYT4BB7_Library-master\Seekfree_CYT4BB_Opensource_Library\project\iar\project_config\Debug_m7_1\Exe\cyt4bb7_cm_7_1.out
#        --config_def _CORE_cm7_1_=0 --config_def _LINK_flash_=0 --map
#        E:\CYT4BB7_Library-master\CYT4BB7_Library-master\Seekfree_CYT4BB_Opensource_Library\project\iar\Debug_m7_1\List\cyt4bb7_cm_7_1.map
#        --config
#        E:\CYT4BB7_Library-master\CYT4BB7_Library-master\Seekfree_CYT4BB_Opensource_Library\project\iar\project_config\..\icf\linker_directives_tviibh.icf
#        --semihosting
#        E:\CYT4BB7_Library-master\CYT4BB7_Library-master\Seekfree_CYT4BB_Opensource_Library\project\iar\project_config\..\..\..\libraries\sdk\tviibh4m\src\drivers\crypto\libs\libcrypto_server_cm0plus_iar.a
#        E:\CYT4BB7_Library-master\CYT4BB7_Library-master\Seekfree_CYT4BB_Opensource_Library\project\iar\project_config\..\..\..\libraries\zf_device\zf_device_config.a
#        E:\CYT4BB7_Library-master\CYT4BB7_Library-master\Seekfree_CYT4BB_Opensource_Library\project\iar\project_config\..\..\..\libraries\sdk\common\hdr\cmsis\dsp\iar_cortexM7lf_math.a
#        --entry __iar_program_start --vfe --text_out locale --cpu=Cortex-M7
#        --fpu=VFPv5_d16) --dependencies=n
#        E:\CYT4BB7_Library-master\CYT4BB7_Library-master\Seekfree_CYT4BB_Opensource_Library\project\iar\project_config\Debug_m7_1\Exe\cyt4bb7_cm_7_1.out.iar_deps
#
###############################################################################

*******************************************************************************
*** RUNTIME MODEL ATTRIBUTES
***

CppFlavor       = *
__CPP_Runtime   = 1
__Heap_Handler  = Basic
__SystemLibrary = DLib
__dlib_version  = 6


*******************************************************************************
*** HEAP SELECTION
***

The basic heap was selected because --advanced_heap
was not specified and the application did not appear to
be primarily optimized for speed.


*******************************************************************************
*** PLACEMENT SUMMARY
***

"A0":  place at start of [from 0x1028'0000 to 0x1040'ffff] { section .intvec };
"P1":  place in [from 0x1028'0000 to 0x1040'ffff] { ro };
"P2":  place in [from 0x2808'0000 to 0x280b'ffff] { rw };
define block HEAP with size = 1K, alignment = 8 { };
define block CSTACK with size = 8K, alignment = 8 { };
define block HEAP_STACK { block HEAP, last block CSTACK };
"A1":  place at end of [from 0x2808'0000 to 0x280b'ffff] { block HEAP_STACK };
do not initialize { section .intvec_ram };
initialize by copy { rw };

No sections matched the following patterns:

  ro section .sflash_app_prot  in "P6"
  ro section .sflash_nar       in "P4"
  ro section .sflash_pkey      in "P5"
  ro section .sflash_toc2      in "P7"
  ro section .sflash_uf_rows   in "P3"
  ro section .work_flash       in "P8"
  section .global_ram_data     in "P9"


  Section            Kind         Address      Size  Object
  -------            ----         -------      ----  ------
"A0":                                          0x80
  .intvec            ro code  0x1028'0000      0x80  startup_cm7.o [31]
                            - 0x1028'0080      0x80

"P1":                                      0x1'48ef
  .rodata            const    0x1028'0080    0x5820  fisheye_lut.o [5]
  .rodata            const    0x1028'58a0    0x5820  fisheye_lut.o [5]
  .text              ro code  0x1028'b0c0    0x13c4  vision_worker.o [5]
  .text              ro code  0x1028'c484     0xcf4  zf_device_ips114.o [48]
  .text              ro code  0x1028'd178      0x1e  sqrtf.o [51]
  .text              ro code  0x1028'd196      0x7e  lz77_init_single.o [52]
  .text              ro code  0x1028'd214      0x66  ABImemset.o [52]
  .text              ro code  0x1028'd27a       0xa  xsprout.o [50]
  .text              ro code  0x1028'd284      0xa6  ABImemcpy.o [52]
  .text              ro code  0x1028'd32c     0x198  vision_shared.o [5]
  .text              ro code  0x1028'd4c4      0x94  seekfree_assistant_interface.o [47]
  .text              ro code  0x1028'd558     0x16c  seekfree_assistant.o [47]
  .text              ro code  0x1028'd6c4     0x42c  zf_device_mt9v03x.o [48]
  .text              ro code  0x1028'daf0      0x5e  image.o [5]
  .text              ro code  0x1028'db50     0xb74  zf_driver_spi.o [49]
  .text              ro code  0x1028'e6c4     0x3f0  zf_common_debug.o [46]
  .text              ro code  0x1028'eab4      0x16  vla_alloc.o [50]
  .text              ro code  0x1028'eacc     0x17c  zf_driver_gpio.o [49]
  .text              ro code  0x1028'ec48     0x2d8  zf_driver_delay.o [49]
  .text              ro code  0x1028'ef20     0x1ae  cy_tcpwm_counter.o [43]
  .text              ro code  0x1028'f0d0      0xe2  zf_common_interrupt.o [46]
  .text              ro code  0x1028'f1b2       0xc  cy_tcpwm.o [43]
  .text              ro code  0x1028'f1c0     0x5fc  zf_driver_soft_iic.o [49]
  .text              ro code  0x1028'f7bc     0x858  zf_device_config_mt9v03x.o [54]
  .text              ro code  0x1029'0014     0x194  cy_gpio.o [14]
  .text              ro code  0x1029'01a8     0x1f0  cy_scb_spi.o [24]
  .text              ro code  0x1029'0398      0xa4  zf_driver_uart.o [49]
  .text              ro code  0x1029'043c      0x36  strlen.o [52]
  .text              ro code  0x1029'0474      0x40  sprintf.o [50]
  .text              ro code  0x1029'04b4     0x5d4  zf_common_fifo.o [46]
  .text              ro code  0x1029'0a88     0x13c  heap0.o [50]
  .text              ro code  0x1029'0bc4       0x6  abort.o [50]
  .text              ro code  0x1029'0bca       0x4  heaptramp0.o [50]
  .text              ro code  0x1029'0bd0      0x20  zf_driver_pwm.o [49]
  .text              ro code  0x1029'0bf0      0xac  cy_sysint.o [35]
  .text              ro code  0x1029'0c9c     0xeae  xprintffull_nomb.o [50]
  .text              ro code  0x1029'1b4c      0x2c  xgetmemchunk.o [50]
  .text              ro code  0x1029'1b78      0x14  exit.o [53]
  .text              ro code  0x1029'1b8c      0x16  strchr.o [52]
  .text              ro code  0x1029'1ba4      0x40  xfail_s.o [50]
  .text              ro code  0x1029'1be4      0x58  memchr.o [52]
  .text              ro code  0x1029'1c3c      0x70  frexp.o [51]
  .text              ro code  0x1029'1cac      0x34  DblCmpLe.o [51]
  .text              ro code  0x1029'1ce0      0x34  DblCmpGe.o [51]
  .text              ro code  0x1029'1d14     0x104  ldexp.o [51]
  .text              ro code  0x1029'1e18       0xe  DblToS32.o [51]
  .text              ro code  0x1029'1e26       0xe  S32ToDbl.o [51]
  .text              ro code  0x1029'1e34      0x12  DblSub.o [51]
  .text              ro code  0x1029'1e46      0x12  DblDiv.o [51]
  .text              ro code  0x1029'1e58       0xe  DblToU32.o [51]
  .text              ro code  0x1029'1e66       0xe  U32ToDbl.o [51]
  .text              ro code  0x1029'1e74      0x12  DblMul.o [51]
  .text              ro code  0x1029'1e88     0x230  I64DivMod.o [52]
  .text              ro code  0x1029'20b8       0x2  I64DivZer.o [52]
  .text              ro code  0x1029'20bc     0x8e8  cy_sysclk.o [33]
  .text              ro code  0x1029'29a4      0x70  strncpy.o [52]
  .text              ro code  0x1029'2a14      0xa8  cy_syslib.o [36]
  .text              ro code  0x1029'2abc       0x2  cy_syslib.o [36]
  .rodata            const    0x1029'2ac0     0x5f0  zf_common_font.o [46]
  .text              ro code  0x1029'30b0     0x240  zf_device_wifi_spi.o [48]
  .rodata            const    0x1029'32f0     0x228  zf_common_font.o [46]
  .text              ro code  0x1029'3518     0x204  startup.o [31]
  .text              ro code  0x1029'371c     0x150  system_tviibh4m_cm7.o [22]
  .text              ro code  0x1029'386c       0x8  startup_cm7.o [31]
  .text              ro code  0x1029'3874       0x6  startup_cm7.o [31]
  .text              ro code  0x1029'387c     0x1cc  zf_device_wifi_uart.o [48]
  .text              ro code  0x1029'3a48      0x2c  strstr.o [50]
  .text              ro code  0x1029'3a74      0x8c  zf_common_function.o [46]
  .text              ro code  0x1029'3b00     0x198  cy_interrupt_map.o [23]
  .text              ro code  0x1029'3c98      0xb0  startup_cm7.o [31]
  .text              ro code  0x1029'3d48      0x98  zf_device_ble6a20.o [48]
  .rodata            const    0x1029'3de0      0x8c  cy_sysclk.o [33]
  .rodata            const    0x1029'3e6c      0x8c  cy_sysclk.o [33]
  .rodata            const    0x1029'3ef8      0x8c  system_tviibh4m_cm7.o [22]
  .rodata            const    0x1029'3f84      0x84  seekfree_assistant.o [47]
  .rodata            const    0x1029'4008      0x84  zf_device_wireless_uart.o [48]
  .rodata            const    0x1029'408c      0x80  zf_common_function.o [46]
  .rodata            const    0x1029'410c      0x80  zf_device_wifi_spi.o [48]
  .rodata            const    0x1029'418c      0x80  zf_device_wifi_uart.o [48]
  .rodata            const    0x1029'420c      0x80  zf_driver_soft_iic.o [49]
  .rodata            const    0x1029'428c      0x7c  zf_common_fifo.o [46]
  .rodata            const    0x1029'4308      0x7c  zf_device_ble6a20.o [48]
  .rodata            const    0x1029'4384      0x7c  zf_device_ips114.o [48]
  .text              ro code  0x1029'4400      0x7c  zf_device_wireless_uart.o [48]
  .rodata            const    0x1029'447c      0x78  zf_driver_spi.o [49]
  .text              ro code  0x1029'44f4      0x38  zero_init3.o [52]
  .rodata            const    0x1029'452c      0x28  zf_device_mt9v03x.o [48]
  .text              ro code  0x1029'4554      0x28  data_init.o [52]
  .text              ro code  0x1029'457c      0x22  fpinit_M.o [51]
  .iar.init_table    const    0x1029'45a0      0x20  - Linker created -
  .text              ro code  0x1029'45c0      0x20  startup_cm7.o [31]
  .text              ro code  0x1029'45e0      0x1e  cy_syslib_iar.o [36]
  .text              ro code  0x1029'4600      0x1e  cmain.o [52]
  .text              ro code  0x1029'4620       0x4  startup_cm7.o [31]
  .text              ro code  0x1029'4624      0x1c  main_cm7_1.o [45]
  .text              ro code  0x1029'4640       0x4  exit.o [50]
  .text              ro code  0x1029'4644      0x1c  zf_common_clock.o [46]
  .text              ro code  0x1029'4660       0xa  cexit.o [52]
  .rodata            const    0x1029'466c      0x1c  zf_common_debug.o [46]
  .text              ro code  0x1029'4688      0x1c  startup_cm7.o [31]
  .text              ro code  0x1029'46a4      0x1c  cstartup_M.o [52]
  .rodata            const    0x1029'46c0      0x18  startup.o [31]
  .rodata            const    0x1029'46d8      0x18  system_tviibh4m_cm7.o [22]
  .rodata            const    0x1029'46f0      0x18  zf_common_debug.o [46]
  .rodata            const    0x1029'4708      0x10  zf_common_debug.o [46]
  .rodata            const    0x1029'4718      0x10  zf_common_debug.o [46]
  .rodata            const    0x1029'4728      0x10  zf_device_wifi_uart.o [48]
  .rodata            const    0x1029'4738       0xc  zf_common_debug.o [46]
  .rodata            const    0x1029'4744       0xc  zf_common_debug.o [46]
  .rodata            const    0x1029'4750       0xc  zf_device_wifi_uart.o [48]
  .text              ro code  0x1029'475c       0xc  cy_syslib.o [36]
  .rodata            const    0x1029'4768       0x8  cy_sysclk.o [33]
  .rodata            const    0x1029'4770       0x8  zf_device_wifi_uart.o [48]
  .rodata            const    0x1029'4778       0x8  zf_device_wifi_uart.o [48]
  .rodata            const    0x1029'4780       0x4  cy_interrupt_map.o [23]
  .rodata            const    0x1029'4784       0x4  cy_interrupt_map.o [23]
  .rodata            const    0x1029'4788       0x4  cy_interrupt_map.o [23]
  .rodata            const    0x1029'478c       0x4  cy_interrupt_map.o [23]
  .rodata            const    0x1029'4790       0x4  cy_interrupt_map.o [23]
  .rodata            const    0x1029'4794       0x4  cy_interrupt_map.o [23]
  .rodata            const    0x1029'4798       0x4  cy_interrupt_map.o [23]
  .rodata            const    0x1029'479c       0x4  cy_interrupt_map.o [23]
  .rodata            const    0x1029'47a0       0x4  cy_scb_spi.o [24]
  .rodata            const    0x1029'47a4       0x4  cy_scb_spi.o [24]
  .rodata            const    0x1029'47a8       0x4  cy_scb_spi.o [24]
  .rodata            const    0x1029'47ac       0x4  cy_scb_spi.o [24]
  .rodata            const    0x1029'47b0       0x4  cy_sysint.o [35]
  .rodata            const    0x1029'47b4       0x4  cy_sysint.o [35]
  .rodata            const    0x1029'47b8       0x4  cy_tcpwm_counter.o [43]
  .rodata            const    0x1029'47bc       0x4  cy_tcpwm_counter.o [43]
  .rodata            const    0x1029'47c0       0x4  cy_tcpwm_counter.o [43]
  .rodata            const    0x1029'47c4       0x4  cy_tcpwm_counter.o [43]
  .rodata            const    0x1029'47c8       0x4  cy_tcpwm_counter.o [43]
  .text              ro code  0x1029'47cc       0x4  seekfree_assistant_interface.o [47]
  .text              ro code  0x1029'47d0       0x4  seekfree_assistant_interface.o [47]
  .text              ro code  0x1029'47d4       0x4  startup_cm7.o [31]
  .text              ro code  0x1029'47d8       0x4  startup_cm7.o [31]
  .text              ro code  0x1029'47dc       0x4  startup_cm7.o [31]
  .text              ro code  0x1029'47e0       0x4  startup_cm7.o [31]
  .text              ro code  0x1029'47e4       0x4  startup_cm7.o [31]
  .text              ro code  0x1029'47e8       0x4  startup_cm7.o [31]
  .text              ro code  0x1029'47ec       0x4  startup_cm7.o [31]
  .text              ro code  0x1029'47f0       0x4  startup_cm7.o [31]
  .text              ro code  0x1029'47f4       0x4  startup_cm7.o [31]
  .text              ro code  0x1029'47f8       0x4  startup_cm7.o [31]
  .text              ro code  0x1029'47fc       0x4  startup_cm7.o [31]
  .text              ro code  0x1029'4800       0x4  startup_cm7.o [31]
  .text              ro code  0x1029'4804       0x4  startup_cm7.o [31]
  .text              ro code  0x1029'4808       0x4  startup_cm7.o [31]
  .text              ro code  0x1029'480c       0x4  startup_cm7.o [31]
  .rodata            const    0x1029'4810       0x0  zero_init3.o [52]
  .rodata            const    0x1029'4810       0x0  lz77_init_single.o [52]
  Initializer bytes  const    0x1029'4810      0x6e  <for P2-1>
                            - 0x1029'487e  0x1'47fe

Absolute sections, part 1 of 4:               0x160
  .noinit            uninit   0x2800'1000     0x160  vision_shared.o [5]
                            - 0x2800'1160     0x160

Absolute sections, part 2 of 4:                0x20
  .noinit            uninit   0x2800'1200      0x20  vision_shared.o [5]
                            - 0x2800'1220      0x20

Absolute sections, part 3 of 4:                 0x4
  .noinit            uninit   0x2800'6bf0       0x2  zf_device_mt9v03x.o [48]
  .noinit            uninit   0x2800'6bf2       0x2  zf_device_mt9v03x.o [48]
                            - 0x2800'6bf4       0x4

Absolute sections, part 4 of 4:              0x5820
  .noinit            uninit   0x2802'6024    0x5820  zf_device_mt9v03x.o [48]
                            - 0x2802'b844    0x5820

"P2", part 1 of 3:                            0x75a
  P2-1                        0x2808'0000     0x75a  <Init block>
    .data            inited   0x2808'0000     0x6ec  cy_interrupt_map.o [23]
    .data            inited   0x2808'06ec       0x4  cy_interrupt_map.o [23]
    .data            inited   0x2808'06f0       0x4  seekfree_assistant.o [47]
    .data            inited   0x2808'06f4       0x4  seekfree_assistant.o [47]
    .data            inited   0x2808'06f8      0x10  vision_worker.o [5]
    .data            inited   0x2808'0708      0x10  vision_worker.o [5]
    .data            inited   0x2808'0718      0x10  zf_driver_spi.o [49]
    .data            inited   0x2808'0728      0x1c  zf_driver_uart.o [49]
    .data            inited   0x2808'0744       0x2  vision_worker.o [5]
    .data            inited   0x2808'0746       0x2  vision_worker.o [5]
    .data            inited   0x2808'0748       0x2  vision_worker.o [5]
    .data            inited   0x2808'074a       0x2  vision_worker.o [5]
    .data            inited   0x2808'074c       0x2  zf_device_ips114.o [48]
    .data            inited   0x2808'074e       0x2  zf_device_ips114.o [48]
    .data            inited   0x2808'0750       0x2  zf_device_ips114.o [48]
    .data            inited   0x2808'0752       0x2  zf_device_ips114.o [48]
    .data            inited   0x2808'0754       0x2  zf_driver_delay.o [49]
    .data            inited   0x2808'0756       0x1  vision_worker.o [5]
    .data            inited   0x2808'0757       0x1  zf_common_debug.o [46]
    .data            inited   0x2808'0758       0x1  zf_device_ips114.o [48]
    .data            inited   0x2808'0759       0x1  zf_driver_delay.o [49]
                            - 0x2808'075a     0x75a

"P2", part 2 of 3:                         0x1'bb34
  .bss               zero     0x2808'075c    0x5820  vision_worker.o [5]
  .bss               zero     0x2808'5f7c    0x5820  vision_worker.o [5]
  .bss               zero     0x2808'b79c    0x5820  vision_worker.o [5]
  .bss               zero     0x2809'0fbc    0x5820  vision_worker.o [5]
  .bss               zero     0x2809'67dc    0x5820  zf_device_mt9v03x.o [48]
  .bss               zero     0x2809'bffc      0x94  zf_device_wifi_uart.o [48]
  .bss               zero     0x2809'c090      0x70  cy_syslib.o [36]
  .bss               zero     0x2809'c100      0x4c  seekfree_assistant.o [47]
  .bss               zero     0x2809'c14c      0x18  cy_sysclk.o [33]
  .bss               zero     0x2809'c164      0x18  cy_syslib.o [36]
  .bss               zero     0x2809'c17c      0x18  zf_common_debug.o [46]
  .bss               zero     0x2809'c194      0x18  zf_device_ble6a20.o [48]
  .bss               zero     0x2809'c1ac      0x18  zf_device_wifi_spi.o [48]
  .bss               zero     0x2809'c1c4      0x18  zf_device_wifi_uart.o [48]
  .bss               zero     0x2809'c1dc      0x18  zf_device_wireless_uart.o [48]
  .bss               zero     0x2809'c1f4      0x14  zf_common_debug.o [46]
  .bss               zero     0x2809'c208      0x10  zf_device_config_mt9v03x.o [54]
  .bss               zero     0x2809'c218       0x8  seekfree_assistant.o [47]
  .bss               zero     0x2809'c220       0x8  seekfree_assistant.o [47]
  .bss               zero     0x2809'c228       0x8  heap0.o [50]
  .bss               zero     0x2809'c230       0x4  cy_syslib.o [36]
  .bss               zero     0x2809'c234       0x4  system_tviibh4m_cm7.o [22]
  .bss               zero     0x2809'c238       0x4  system_tviibh4m_cm7.o [22]
  .bss               zero     0x2809'c23c       0x4  system_tviibh4m_cm7.o [22]
  .bss               zero     0x2809'c240       0x4  system_tviibh4m_cm7.o [22]
  .bss               zero     0x2809'c244       0x4  system_tviibh4m_cm7.o [22]
  .bss               zero     0x2809'c248       0x4  vision_worker.o [5]
  .bss               zero     0x2809'c24c       0x4  vision_worker.o [5]
  .bss               zero     0x2809'c250       0x4  vision_worker.o [5]
  .bss               zero     0x2809'c254       0x4  zf_common_clock.o [46]
  .bss               zero     0x2809'c258       0x4  zf_common_interrupt.o [46]
  .bss               zero     0x2809'c25c       0x4  zf_device_mt9v03x.o [48]
  .bss               zero     0x2809'c260       0x4  zf_device_mt9v03x.o [48]
  .bss               zero     0x2809'c264       0x4  zf_driver_spi.o [49]
  .bss               zero     0x2809'c268       0x4  zf_device_config_mt9v03x.o [54]
  .bss               zero     0x2809'c26c       0x4  zf_device_config_mt9v03x.o [54]
  .bss               zero     0x2809'c270       0x4  zf_device_config_mt9v03x.o [54]
  .bss               zero     0x2809'c274       0x4  zf_device_config_mt9v03x.o [54]
  .bss               zero     0x2809'c278       0x4  zf_device_config_mt9v03x.o [54]
  .bss               zero     0x2809'c27c       0x4  xgetmemchunk.o [50]
  .bss               zero     0x2809'c280       0x4  xfail_s.o [50]
  .bss               zero     0x2809'c284       0x2  vision_worker.o [5]
  .bss               zero     0x2809'c286       0x2  vision_worker.o [5]
  .bss               zero     0x2809'c288       0x1  cy_sysclk.o [33]
  .bss               zero     0x2809'c289       0x1  vision_worker.o [5]
  .bss               zero     0x2809'c28a       0x1  zf_common_debug.o [46]
  .bss               zero     0x2809'c28b       0x1  zf_common_debug.o [46]
  .bss               zero     0x2809'c28c       0x1  zf_device_ips114.o [48]
  .bss               zero     0x2809'c28d       0x1  zf_device_mt9v03x.o [48]
  .bss               zero     0x2809'c28e       0x1  zf_device_mt9v03x.o [48]
  .bss               zero     0x2809'c28f       0x1  zf_device_wifi_spi.o [48]
                            - 0x2809'c290  0x1'bb34

"P2", part 3 of 3:                             0x80
  .intvec_ram        uninit   0x2809'c300      0x80  startup_cm7.o [31]
                            - 0x2809'c380      0x80

"A1":                                        0x2400
  HEAP_STACK                  0x280b'dc00    0x2400  <Block>
    HEAP                      0x280b'dc00     0x400  <Block>
      HEAP           uninit   0x280b'dc00     0x400  <Block tail>
    CSTACK                    0x280b'e000    0x2000  <Block>
      CSTACK         uninit   0x280b'e000    0x2000  <Block tail>
                            - 0x280c'0000    0x2400

Unused ranges:

         From           To       Size
         ----           --       ----
  0x1029'496f  0x1040'ffff  0x17'b691
  0x2808'075a  0x2808'075b        0x2
  0x2809'c290  0x2809'c2ff       0x70
  0x2809'c380  0x280b'dbff   0x2'1880


*******************************************************************************
*** INIT TABLE
***

          Address      Size
          -------      ----
Zero (__iar_zero_init3)
    1 destination range, total size 0x1'bb34:
          0x2808'075c  0x1'bb34

Copy/lz77 (__iar_lz77_init_single3)
    1 source range, total size 0x6e (5% of destination):
          0x1029'4810      0x6e
    1 destination range, total size 0x75a:
          0x2808'0000     0x75a



*******************************************************************************
*** MODULE SUMMARY
***

    Module                          ro code  ro data  rw data  rw data
                                                                (abs)
    ------                          -------  -------  -------  -------
command line/config:
    ------------------------------------------------------------------
    Total:

E:\CYT4BB7_Library-master\CYT4BB7_Library-master\Seekfree_CYT4BB_Opensource_Library\project\iar\Debug_m7_1\Obj\adc_11722776235721520015.dir: [1]
    ------------------------------------------------------------------
    Total:

E:\CYT4BB7_Library-master\CYT4BB7_Library-master\Seekfree_CYT4BB_Opensource_Library\project\iar\Debug_m7_1\Obj\audioss_1346650047966882938.dir: [2]
    ------------------------------------------------------------------
    Total:

E:\CYT4BB7_Library-master\CYT4BB7_Library-master\Seekfree_CYT4BB_Opensource_Library\project\iar\Debug_m7_1\Obj\button_4990804375159372270.dir: [3]
    ------------------------------------------------------------------
    Total:

E:\CYT4BB7_Library-master\CYT4BB7_Library-master\Seekfree_CYT4BB_Opensource_Library\project\iar\Debug_m7_1\Obj\canfd_1800690984773873875.dir: [4]
    ------------------------------------------------------------------
    Total:

E:\CYT4BB7_Library-master\CYT4BB7_Library-master\Seekfree_CYT4BB_Opensource_Library\project\iar\Debug_m7_1\Obj\code_17896468042025673432.dir: [5]
    fisheye_lut.o                             45'120
    image.o                              94
    vision_shared.o                     408                        384
    vision_worker.o                   5'060        3   90'298
    ------------------------------------------------------------------
    Total:                            5'562   45'123   90'298      384

E:\CYT4BB7_Library-master\CYT4BB7_Library-master\Seekfree_CYT4BB_Opensource_Library\project\iar\Debug_m7_1\Obj\cpu_15938736945165268644.dir: [6]
    ------------------------------------------------------------------
    Total:

E:\CYT4BB7_Library-master\CYT4BB7_Library-master\Seekfree_CYT4BB_Opensource_Library\project\iar\Debug_m7_1\Obj\crypto_1190170608956581615.dir: [7]
    ------------------------------------------------------------------
    Total:

E:\CYT4BB7_Library-master\CYT4BB7_Library-master\Seekfree_CYT4BB_Opensource_Library\project\iar\Debug_m7_1\Obj\dma_12106025507578611576.dir: [8]
    ------------------------------------------------------------------
    Total:

E:\CYT4BB7_Library-master\CYT4BB7_Library-master\Seekfree_CYT4BB_Opensource_Library\project\iar\Debug_m7_1\Obj\eth_phy_18133017486186456677.dir: [9]
    ------------------------------------------------------------------
    Total:

E:\CYT4BB7_Library-master\CYT4BB7_Library-master\Seekfree_CYT4BB_Opensource_Library\project\iar\Debug_m7_1\Obj\ethernet_6029839089178797009.dir: [10]
    ------------------------------------------------------------------
    Total:

E:\CYT4BB7_Library-master\CYT4BB7_Library-master\Seekfree_CYT4BB_Opensource_Library\project\iar\Debug_m7_1\Obj\evtgen_3404189088603873129.dir: [11]
    ------------------------------------------------------------------
    Total:

E:\CYT4BB7_Library-master\CYT4BB7_Library-master\Seekfree_CYT4BB_Opensource_Library\project\iar\Debug_m7_1\Obj\flash_8529866181315662935.dir: [12]
    ------------------------------------------------------------------
    Total:

E:\CYT4BB7_Library-master\CYT4BB7_Library-master\Seekfree_CYT4BB_Opensource_Library\project\iar\Debug_m7_1\Obj\flash_864493325053435817.dir: [13]
    ------------------------------------------------------------------
    Total:

E:\CYT4BB7_Library-master\CYT4BB7_Library-master\Seekfree_CYT4BB_Opensource_Library\project\iar\Debug_m7_1\Obj\gpio_3999404635324069351.dir: [14]
    cy_gpio.o                           404
    ------------------------------------------------------------------
    Total:                              404

E:\CYT4BB7_Library-master\CYT4BB7_Library-master\Seekfree_CYT4BB_Opensource_Library\project\iar\Debug_m7_1\Obj\ipc_10145506163450686023.dir: [15]
    ------------------------------------------------------------------
    Total:

E:\CYT4BB7_Library-master\CYT4BB7_Library-master\Seekfree_CYT4BB_Opensource_Library\project\iar\Debug_m7_1\Obj\lin_18429031207028094880.dir: [16]
    ------------------------------------------------------------------
    Total:

E:\CYT4BB7_Library-master\CYT4BB7_Library-master\Seekfree_CYT4BB_Opensource_Library\project\iar\Debug_m7_1\Obj\lvd_6353935867039560245.dir: [17]
    ------------------------------------------------------------------
    Total:

E:\CYT4BB7_Library-master\CYT4BB7_Library-master\Seekfree_CYT4BB_Opensource_Library\project\iar\Debug_m7_1\Obj\mcwdt_4052485907822033969.dir: [18]
    ------------------------------------------------------------------
    Total:

E:\CYT4BB7_Library-master\CYT4BB7_Library-master\Seekfree_CYT4BB_Opensource_Library\project\iar\Debug_m7_1\Obj\mpu_5663187252346826382.dir: [19]
    ------------------------------------------------------------------
    Total:

E:\CYT4BB7_Library-master\CYT4BB7_Library-master\Seekfree_CYT4BB_Opensource_Library\project\iar\Debug_m7_1\Obj\power_14453085144426420577.dir: [20]
    ------------------------------------------------------------------
    Total:

E:\CYT4BB7_Library-master\CYT4BB7_Library-master\Seekfree_CYT4BB_Opensource_Library\project\iar\Debug_m7_1\Obj\prot_10722960861768657883.dir: [21]
    ------------------------------------------------------------------
    Total:

E:\CYT4BB7_Library-master\CYT4BB7_Library-master\Seekfree_CYT4BB_Opensource_Library\project\iar\Debug_m7_1\Obj\rev_b_4986922561640112550.dir: [22]
    system_tviibh4m_cm7.o               336      164       20
    ------------------------------------------------------------------
    Total:                              336      164       20

E:\CYT4BB7_Library-master\CYT4BB7_Library-master\Seekfree_CYT4BB_Opensource_Library\project\iar\Debug_m7_1\Obj\rev_b_6162237342861132223.dir: [23]
    cy_interrupt_map.o                  408      135    1'776
    ------------------------------------------------------------------
    Total:                              408      135    1'776

E:\CYT4BB7_Library-master\CYT4BB7_Library-master\Seekfree_CYT4BB_Opensource_Library\project\iar\Debug_m7_1\Obj\scb_15490842639181808494.dir: [24]
    cy_scb_spi.o                        496       16
    ------------------------------------------------------------------
    Total:                              496       16

E:\CYT4BB7_Library-master\CYT4BB7_Library-master\Seekfree_CYT4BB_Opensource_Library\project\iar\Debug_m7_1\Obj\sd_host_2982766354293506895.dir: [25]
    ------------------------------------------------------------------
    Total:

E:\CYT4BB7_Library-master\CYT4BB7_Library-master\Seekfree_CYT4BB_Opensource_Library\project\iar\Debug_m7_1\Obj\semihosting_143864889731838620.dir: [26]
    ------------------------------------------------------------------
    Total:

E:\CYT4BB7_Library-master\CYT4BB7_Library-master\Seekfree_CYT4BB_Opensource_Library\project\iar\Debug_m7_1\Obj\smartio_5451710003740070188.dir: [27]
    ------------------------------------------------------------------
    Total:

E:\CYT4BB7_Library-master\CYT4BB7_Library-master\Seekfree_CYT4BB_Opensource_Library\project\iar\Debug_m7_1\Obj\smif_427648126384146252.dir: [28]
    ------------------------------------------------------------------
    Total:

E:\CYT4BB7_Library-master\CYT4BB7_Library-master\Seekfree_CYT4BB_Opensource_Library\project\iar\Debug_m7_1\Obj\smif_mem_6470536964353725183.dir: [29]
    ------------------------------------------------------------------
    Total:

E:\CYT4BB7_Library-master\CYT4BB7_Library-master\Seekfree_CYT4BB_Opensource_Library\project\iar\Debug_m7_1\Obj\srom_13018798572330080582.dir: [30]
    ------------------------------------------------------------------
    Total:

E:\CYT4BB7_Library-master\CYT4BB7_Library-master\Seekfree_CYT4BB_Opensource_Library\project\iar\Debug_m7_1\Obj\startup_479057977785470282.dir: [31]
    startup.o                           516       24
    startup_cm7.o                       442               128
    ------------------------------------------------------------------
    Total:                              958       24      128

E:\CYT4BB7_Library-master\CYT4BB7_Library-master\Seekfree_CYT4BB_Opensource_Library\project\iar\Debug_m7_1\Obj\sw_timer_4215635015939382130.dir: [32]
    ------------------------------------------------------------------
    Total:

E:\CYT4BB7_Library-master\CYT4BB7_Library-master\Seekfree_CYT4BB_Opensource_Library\project\iar\Debug_m7_1\Obj\sysclk_16149231235676103872.dir: [33]
    cy_sysclk.o                       2'280      288       25
    ------------------------------------------------------------------
    Total:                            2'280      288       25

E:\CYT4BB7_Library-master\CYT4BB7_Library-master\Seekfree_CYT4BB_Opensource_Library\project\iar\Debug_m7_1\Obj\sysflt_12293435975120599261.dir: [34]
    ------------------------------------------------------------------
    Total:

E:\CYT4BB7_Library-master\CYT4BB7_Library-master\Seekfree_CYT4BB_Opensource_Library\project\iar\Debug_m7_1\Obj\sysint_7435970359207984181.dir: [35]
    cy_sysint.o                         172        8
    ------------------------------------------------------------------
    Total:                              172        8

E:\CYT4BB7_Library-master\CYT4BB7_Library-master\Seekfree_CYT4BB_Opensource_Library\project\iar\Debug_m7_1\Obj\syslib_16330585751512546975.dir: [36]
    cy_syslib.o                         182               140
    cy_syslib_iar.o                      30
    ------------------------------------------------------------------
    Total:                              212               140

E:\CYT4BB7_Library-master\CYT4BB7_Library-master\Seekfree_CYT4BB_Opensource_Library\project\iar\Debug_m7_1\Obj\syspm_10887939769544754770.dir: [37]
    ------------------------------------------------------------------
    Total:

E:\CYT4BB7_Library-master\CYT4BB7_Library-master\Seekfree_CYT4BB_Opensource_Library\project\iar\Debug_m7_1\Obj\sysreghc_17676636058511625587.dir: [38]
    ------------------------------------------------------------------
    Total:

E:\CYT4BB7_Library-master\CYT4BB7_Library-master\Seekfree_CYT4BB_Opensource_Library\project\iar\Debug_m7_1\Obj\sysreset_14586141425677365288.dir: [39]
    ------------------------------------------------------------------
    Total:

E:\CYT4BB7_Library-master\CYT4BB7_Library-master\Seekfree_CYT4BB_Opensource_Library\project\iar\Debug_m7_1\Obj\sysrtc_10747768817563771611.dir: [40]
    ------------------------------------------------------------------
    Total:

E:\CYT4BB7_Library-master\CYT4BB7_Library-master\Seekfree_CYT4BB_Opensource_Library\project\iar\Debug_m7_1\Obj\systick_16016591671695740695.dir: [41]
    ------------------------------------------------------------------
    Total:

E:\CYT4BB7_Library-master\CYT4BB7_Library-master\Seekfree_CYT4BB_Opensource_Library\project\iar\Debug_m7_1\Obj\syswdt_9118657615806274156.dir: [42]
    ------------------------------------------------------------------
    Total:

E:\CYT4BB7_Library-master\CYT4BB7_Library-master\Seekfree_CYT4BB_Opensource_Library\project\iar\Debug_m7_1\Obj\tcpwm_422923530147891246.dir: [43]
    cy_tcpwm.o                           12
    cy_tcpwm_counter.o                  430       20
    ------------------------------------------------------------------
    Total:                              442       20

E:\CYT4BB7_Library-master\CYT4BB7_Library-master\Seekfree_CYT4BB_Opensource_Library\project\iar\Debug_m7_1\Obj\trigmux_9729677290734583340.dir: [44]
    ------------------------------------------------------------------
    Total:

E:\CYT4BB7_Library-master\CYT4BB7_Library-master\Seekfree_CYT4BB_Opensource_Library\project\iar\Debug_m7_1\Obj\user_8514941877209965082.dir: [45]
    main_cm7_1.o                         28
    ------------------------------------------------------------------
    Total:                               28

E:\CYT4BB7_Library-master\CYT4BB7_Library-master\Seekfree_CYT4BB_Opensource_Library\project\iar\Debug_m7_1\Obj\zf_common_1201165462030747823.dir: [46]
    zf_common_clock.o                    28                 4
    zf_common_debug.o                 1'008      108       47
    zf_common_fifo.o                  1'492      124
    zf_common_font.o                           2'072
    zf_common_function.o                140      128
    zf_common_interrupt.o               226                 4
    ------------------------------------------------------------------
    Total:                            2'894    2'432       55

E:\CYT4BB7_Library-master\CYT4BB7_Library-master\Seekfree_CYT4BB_Opensource_Library\project\iar\Debug_m7_1\Obj\zf_components_14936052685886095442.dir: [47]
    seekfree_assistant.o                364      133      100
    seekfree_assistant_interface.o      156
    ------------------------------------------------------------------
    Total:                              520      133      100

E:\CYT4BB7_Library-master\CYT4BB7_Library-master\Seekfree_CYT4BB_Opensource_Library\project\iar\Debug_m7_1\Obj\zf_device_6570275422786408770.dir: [48]
    zf_device_ble6a20.o                 152      124       24
    zf_device_ips114.o                3'316      124       10
    zf_device_mt9v03x.o               1'068       40   22'570   22'564
    zf_device_wifi_spi.o                576      128       25
    zf_device_wifi_uart.o               460      172      172
    zf_device_wireless_uart.o           124      132       24
    ------------------------------------------------------------------
    Total:                            5'696      720   22'825   22'564

E:\CYT4BB7_Library-master\CYT4BB7_Library-master\Seekfree_CYT4BB_Opensource_Library\project\iar\Debug_m7_1\Obj\zf_driver_11922370083829174090.dir: [49]
    zf_driver_delay.o                   728        1        3
    zf_driver_gpio.o                    380
    zf_driver_pwm.o                      32
    zf_driver_soft_iic.o              1'532      128
    zf_driver_spi.o                   2'932      121       20
    zf_driver_uart.o                    164        1       28
    ------------------------------------------------------------------
    Total:                            5'768      251       51

dl7M_tln.a: [50]
    abort.o                               6
    exit.o                                4
    heap0.o                             316                 8
    heaptramp0.o                          4
    sprintf.o                            64
    strstr.o                             44
    vla_alloc.o                          22
    xfail_s.o                            64                 4
    xgetmemchunk.o                       44                 4
    xprintffull_nomb.o                3'758
    xsprout.o                            10
    ------------------------------------------------------------------
    Total:                            4'336                16

m7M_tlv.a: [51]
    DblCmpGe.o                           52
    DblCmpLe.o                           52
    DblDiv.o                             18
    DblMul.o                             18
    DblSub.o                             18
    DblToS32.o                           14
    DblToU32.o                           14
    S32ToDbl.o                           14
    U32ToDbl.o                           14
    fpinit_M.o                           34
    frexp.o                             112
    ldexp.o                             260
    sqrtf.o                              30
    ------------------------------------------------------------------
    Total:                              650

rt7M_tl.a: [52]
    ABImemcpy.o                         166
    ABImemset.o                         102
    I64DivMod.o                         560
    I64DivZer.o                           2
    cexit.o                              10
    cmain.o                              30
    cstartup_M.o                         28
    data_init.o                          40
    lz77_init_single.o                  126
    memchr.o                             88
    strchr.o                             22
    strlen.o                             54
    strncpy.o                           112
    zero_init3.o                         56
    ------------------------------------------------------------------
    Total:                            1'396

shb_l.a: [53]
    exit.o                               20
    ------------------------------------------------------------------
    Total:                               20

zf_device_config.a: [54]
    zf_device_config_mt9v03x.o        2'136                36
    ------------------------------------------------------------------
    Total:                            2'136                36

    Gaps                                 28        6
    Linker created                                32    9'216
----------------------------------------------------------------------
    Grand Total:                     34'742   49'352  124'686   22'948


*******************************************************************************
*** ENTRY LIST
***

Entry                       Address    Size  Type      Object
-----                       -------    ----  ----      ------
.iar.init_table$$Base   0x1029'45a0           --   Gb  - Linker created -
.iar.init_table$$Limit  0x1029'45c0           --   Gb  - Linker created -
?main                   0x1029'4601          Code  Gb  cmain.o [52]
Aldata                  0x2809'c228     0x8  Data  Lc  heap0.o [50]
BusFault_Handler        0x1029'47dd          Code  Wk  startup_cm7.o [31]
CSTACK$$Base            0x280b'e000           --   Gb  - Linker created -
CSTACK$$Limit           0x280c'0000           --   Gb  - Linker created -
CopyVectorTable         0x1029'36b9    0x34  Code  Lc  startup.o [31]
CpuUserInt0_Handler     0x1029'3b1f    0x26  Code  Gb  cy_interrupt_map.o [23]
CpuUserInt10_Handler    0x1029'47f9          Code  Wk  startup_cm7.o [31]
CpuUserInt11_Handler    0x1029'47fd          Code  Wk  startup_cm7.o [31]
CpuUserInt12_Handler    0x1029'4801          Code  Wk  startup_cm7.o [31]
CpuUserInt13_Handler    0x1029'4805          Code  Wk  startup_cm7.o [31]
CpuUserInt14_Handler    0x1029'4809          Code  Wk  startup_cm7.o [31]
CpuUserInt15_Handler    0x1029'480d          Code  Wk  startup_cm7.o [31]
CpuUserInt1_Handler     0x1029'3b45    0x26  Code  Gb  cy_interrupt_map.o [23]
CpuUserInt2_Handler     0x1029'3b6b    0x26  Code  Gb  cy_interrupt_map.o [23]
CpuUserInt3_Handler     0x1029'3b91    0x26  Code  Gb  cy_interrupt_map.o [23]
CpuUserInt4_Handler     0x1029'3bb7    0x26  Code  Gb  cy_interrupt_map.o [23]
CpuUserInt5_Handler     0x1029'3bdd    0x26  Code  Gb  cy_interrupt_map.o [23]
CpuUserInt6_Handler     0x1029'3c03    0x26  Code  Gb  cy_interrupt_map.o [23]
CpuUserInt7_Handler     0x1029'3c29    0x26  Code  Gb  cy_interrupt_map.o [23]
CpuUserInt8_Handler     0x1029'47f1          Code  Wk  startup_cm7.o [31]
CpuUserInt9_Handler     0x1029'47f5          Code  Wk  startup_cm7.o [31]
Cy_DefaultUserHandler   0x1029'3b1d     0x2  Code  Gb  cy_interrupt_map.o [23]
Cy_GPIO_ClearInterrupt  0x1029'00e7     0xe  Code  Lc  cy_gpio.o [14]
Cy_GPIO_Clr             0x1028'eae1     0xa  Code  Lc  zf_driver_gpio.o [49]
Cy_GPIO_Pin_Init        0x1029'012b    0x72  Code  Gb  cy_gpio.o [14]
Cy_GPIO_Read            0x1028'eacd     0xa  Code  Lc  zf_driver_gpio.o [49]
Cy_GPIO_Set             0x1028'ead7     0xa  Code  Lc  zf_driver_gpio.o [49]
Cy_GPIO_SetDriveSel     0x1029'00c9    0x1e  Code  Lc  cy_gpio.o [14]
Cy_GPIO_SetDrivemode    0x1029'0079    0x1c  Code  Lc  cy_gpio.o [14]
Cy_GPIO_SetDrivemode    0x1028'eaeb    0x1c  Code  Lc  zf_driver_gpio.o [49]
Cy_GPIO_SetHSIOM        0x1029'0015    0x4c  Code  Lc  cy_gpio.o [14]
Cy_GPIO_SetInterruptEdge
                        0x1029'010f    0x1c  Code  Lc  cy_gpio.o [14]
Cy_GPIO_SetInterruptMask
                        0x1029'00f5    0x1a  Code  Lc  cy_gpio.o [14]
Cy_GPIO_SetSlewRate     0x1029'00af    0x1a  Code  Lc  cy_gpio.o [14]
Cy_GPIO_SetVtrip        0x1029'0095    0x1a  Code  Lc  cy_gpio.o [14]
Cy_GPIO_Write           0x1029'0061    0x18  Code  Lc  cy_gpio.o [14]
Cy_RestoreIRQ           0x1029'3875          Code  Gb  startup_cm7.o [31]
Cy_SCB_ClearRxFifo      0x1028'db5b    0x1e  Code  Lc  zf_driver_spi.o [49]
Cy_SCB_GetFifoSize      0x1028'dbb5    0x12  Code  Lc  zf_driver_spi.o [49]
Cy_SCB_GetNumInRxFifo   0x1028'db51     0xa  Code  Lc  zf_driver_spi.o [49]
Cy_SCB_GetNumInTxFifo   0x1028'db7f     0xa  Code  Lc  zf_driver_spi.o [49]
Cy_SCB_GetNumInTxFifo   0x1029'039f     0xa  Code  Lc  zf_driver_uart.o [49]
Cy_SCB_GetTxSrValid     0x1028'db89     0xa  Code  Lc  zf_driver_spi.o [49]
Cy_SCB_GetTxSrValid     0x1029'03a9     0xa  Code  Lc  zf_driver_uart.o [49]
Cy_SCB_IsTxComplete     0x1028'db93    0x22  Code  Lc  zf_driver_spi.o [49]
Cy_SCB_IsTxComplete     0x1029'03b3    0x22  Code  Lc  zf_driver_uart.o [49]
Cy_SCB_SPI_ClearRxFifo  0x1028'dbe5     0x8  Code  Lc  zf_driver_spi.o [49]
Cy_SCB_SPI_Enable       0x1028'dbc7     0xa  Code  Lc  zf_driver_spi.o [49]
Cy_SCB_SPI_GetNumInRxFifo
                        0x1028'dbdd     0x8  Code  Lc  zf_driver_spi.o [49]
Cy_SCB_SPI_Init         0x1029'01a9   0x1d8  Code  Gb  cy_scb_spi.o [24]
Cy_SCB_SPI_SetActiveSlaveSelect
                        0x1028'dbd1     0xc  Code  Lc  zf_driver_spi.o [49]
Cy_SCB_WriteTxFifo      0x1028'db79     0x6  Code  Lc  zf_driver_spi.o [49]
Cy_SCB_WriteTxFifo      0x1029'0399     0x6  Code  Lc  zf_driver_uart.o [49]
Cy_SaveIRQ              0x1029'386d          Code  Gb  startup_cm7.o [31]
Cy_SysClk_CheckDividerExisting
                        0x1028'd6c5    0x2c  Code  Lc  zf_device_mt9v03x.o [48]
Cy_SysClk_CheckDividerExisting
                        0x1028'ec49    0x2a  Code  Lc  zf_driver_delay.o [49]
Cy_SysClk_CheckDividerExisting
                        0x1028'dbed    0x2c  Code  Lc  zf_driver_spi.o [49]
Cy_SysClk_ClkPathGetSource
                        0x1029'2231    0x54  Code  Gb  cy_sysclk.o [33]
Cy_SysClk_EcoGetStatus  0x1029'20bd    0x1a  Code  Lc  cy_sysclk.o [33]
Cy_SysClk_Fast0ClkGetDivider
                        0x1029'2205    0x16  Code  Lc  cy_sysclk.o [33]
Cy_SysClk_Fast1ClkGetDivider
                        0x1029'221b    0x16  Code  Lc  cy_sysclk.o [33]
Cy_SysClk_FllGetConfiguration
                        0x1029'228d    0x7e  Code  Gb  cy_sysclk.o [33]
Cy_SysClk_FllGetLockStatus
                        0x1029'20d7     0xc  Code  Lc  cy_sysclk.o [33]
Cy_SysClk_GetClockGroup
                        0x1028'd771     0x8  Code  Lc  zf_device_mt9v03x.o [48]
Cy_SysClk_GetClockGroup
                        0x1028'ecf1     0x8  Code  Lc  zf_driver_delay.o [49]
Cy_SysClk_GetClockGroup
                        0x1028'dcd1     0x8  Code  Lc  zf_driver_spi.o [49]
Cy_SysClk_GetCoreFrequency
                        0x1029'2951    0x2a  Code  Gb  cy_sysclk.o [33]
Cy_SysClk_GetEcoFrequency
                        0x1029'2459    0x32  Code  Gb  cy_sysclk.o [33]
Cy_SysClk_GetExtFrequency
                        0x1029'248d    0x1e  Code  Gb  cy_sysclk.o [33]
Cy_SysClk_GetFast0Frequency
                        0x1029'28a5    0x56  Code  Gb  cy_sysclk.o [33]
Cy_SysClk_GetFast1Frequency
                        0x1029'28fb    0x56  Code  Gb  cy_sysclk.o [33]
Cy_SysClk_GetFllInputFrequency
                        0x1029'25ad     0xc  Code  Gb  cy_sysclk.o [33]
Cy_SysClk_GetFllOutputFrequency
                        0x1029'25d5    0x78  Code  Gb  cy_sysclk.o [33]
Cy_SysClk_GetHfClkFrequency
                        0x1029'2827    0x7a  Code  Gb  cy_sysclk.o [33]
Cy_SysClk_GetIlo0Frequency
                        0x1029'24ab    0x32  Code  Gb  cy_sysclk.o [33]
Cy_SysClk_GetIlo1Frequency
                        0x1029'24dd    0x32  Code  Gb  cy_sysclk.o [33]
Cy_SysClk_GetImoFrequency
                        0x1029'2427    0x32  Code  Gb  cy_sysclk.o [33]
Cy_SysClk_GetPathFrequency
                        0x1029'27f5    0x32  Code  Gb  cy_sysclk.o [33]
Cy_SysClk_GetPathSourceFrequency
                        0x1029'2549    0x64  Code  Gb  cy_sysclk.o [33]
Cy_SysClk_GetPll400MNo  0x1029'2121    0x14  Code  Lc  cy_sysclk.o [33]
Cy_SysClk_GetPllInputFrequency
                        0x1029'25b9    0x1c  Code  Gb  cy_sysclk.o [33]
Cy_SysClk_GetPllNo      0x1029'20e5    0x12  Code  Lc  cy_sysclk.o [33]
Cy_SysClk_GetPllOutputFrequency
                        0x1029'2651   0x1a0  Code  Gb  cy_sysclk.o [33]
Cy_SysClk_GetWcoFrequency
                        0x1029'250f    0x32  Code  Gb  cy_sysclk.o [33]
Cy_SysClk_HfClockGetDivider
                        0x1029'21c3    0x42  Code  Lc  cy_sysclk.o [33]
Cy_SysClk_HfClockGetSource
                        0x1029'216f    0x54  Code  Lc  cy_sysclk.o [33]
Cy_SysClk_InitGetFreqParams
                        0x1029'240d    0x1a  Code  Gb  cy_sysclk.o [33]
Cy_SysClk_PeriphAssignDivider
                        0x1028'd779    0x68  Code  Lc  zf_device_mt9v03x.o [48]
Cy_SysClk_PeriphAssignDivider
                        0x1028'ecf9    0x68  Code  Lc  zf_driver_delay.o [49]
Cy_SysClk_PeriphAssignDivider
                        0x1028'dcd9    0x6a  Code  Lc  zf_driver_spi.o [49]
Cy_SysClk_PeriphEnableDivider
                        0x1028'd7e1    0x4c  Code  Lc  zf_device_mt9v03x.o [48]
Cy_SysClk_PeriphEnableDivider
                        0x1028'ed61    0x4c  Code  Lc  zf_driver_delay.o [49]
Cy_SysClk_PeriphEnableDivider
                        0x1028'dd43    0x4e  Code  Lc  zf_driver_spi.o [49]
Cy_SysClk_PeriphSetDivider
                        0x1028'd6f1    0x80  Code  Lc  zf_device_mt9v03x.o [48]
Cy_SysClk_PeriphSetDivider
                        0x1028'ec73    0x7e  Code  Lc  zf_driver_delay.o [49]
Cy_SysClk_PeriphSetFracDivider
                        0x1028'dc19    0xb8  Code  Lc  zf_driver_spi.o [49]
Cy_SysClk_Pll400MGetConfiguration
                        0x1029'2379    0x84  Code  Gb  cy_sysclk.o [33]
Cy_SysClk_Pll400MGetLockStatus
                        0x1029'2135    0x2a  Code  Lc  cy_sysclk.o [33]
Cy_SysClk_PllGetConfiguration
                        0x1029'2325    0x48  Code  Gb  cy_sysclk.o [33]
Cy_SysClk_PllGetLockStatus
                        0x1029'20f7    0x28  Code  Lc  cy_sysclk.o [33]
Cy_SysClk_WcoOkay       0x1029'2161     0xe  Code  Lc  cy_sysclk.o [33]
Cy_SysInt_InitIRQ       0x1029'0bf1    0x7e  Code  Gb  cy_sysint.o [35]
Cy_SysInt_SetSystemIrqVector
                        0x1029'0c6f    0x12  Code  Gb  cy_sysint.o [35]
Cy_SysInt_SystemIrqUserTableRamPointer
                        0x2808'06ec     0x4  Data  Gb  cy_interrupt_map.o [23]
Cy_SysLib_DelayCycles   0x1029'45e1          Code  Gb  cy_syslib_iar.o [36]
Cy_SysLib_EnterCriticalSection
                        0x1029'45f1          Code  Gb  cy_syslib_iar.o [36]
Cy_SysLib_ExitCriticalSection
                        0x1029'45f9          Code  Gb  cy_syslib_iar.o [36]
Cy_SysLib_FaultHandler  0x1029'2a19    0x90  Code  Gb  cy_syslib.o [36]
Cy_SysLib_Halt          0x1029'2a15     0x4  Code  Gb  cy_syslib.o [36]
Cy_SysLib_ProcessingFault
                        0x1029'2abd     0x2  Code  Wk  cy_syslib.o [36]
Cy_SysLib_SvcHandler    0x1029'475d     0xc  Code  Wk  cy_syslib.o [36]
Cy_SystemInitFpuEnable  0x1029'380d    0x1e  Code  Gb  system_tviibh4m_cm7.o [22]
Cy_SystemIrqUserTable   0x2808'0000   0x6ec  Data  Gb  cy_interrupt_map.o [23]
Cy_Tcpwm_Counter_ClearTC_Intr
                        0x1028'f0bf    0x10  Code  Gb  cy_tcpwm_counter.o [43]
Cy_Tcpwm_Counter_Enable
                        0x1028'f0a1     0xa  Code  Gb  cy_tcpwm_counter.o [43]
Cy_Tcpwm_Counter_GetCounter
                        0x1028'f0af     0x4  Code  Gb  cy_tcpwm_counter.o [43]
Cy_Tcpwm_Counter_Init   0x1028'ef21   0x16c  Code  Gb  cy_tcpwm_counter.o [43]
Cy_Tcpwm_Counter_SetCounter
                        0x1028'f0ab     0x4  Code  Gb  cy_tcpwm_counter.o [43]
Cy_Tcpwm_Counter_SetTC_IntrMask
                        0x1028'f0b3     0xc  Code  Gb  cy_tcpwm_counter.o [43]
Cy_Tcpwm_TriggerStart   0x1028'f1b3     0xc  Code  Gb  cy_tcpwm.o [43]
Cy_u32StartupStackEndAddress
                        0x1029'3d44          Data  Gb  startup_cm7.o [31]
Cy_u32StartupStackStartAddress
                        0x1029'3d40          Data  Gb  startup_cm7.o [31]
DebugMon_Handler        0x1029'47e5          Code  Wk  startup_cm7.o [31]
HEAP$$Base              0x280b'dc00           --   Gb  - Linker created -
HEAP$$Limit             0x280b'e000           --   Gb  - Linker created -
HEAP_STACK$$Base        0x280b'dc00           --   Gb  - Linker created -
HEAP_STACK$$Limit       0x280c'0000           --   Gb  - Linker created -
HardFault_Handler       0x1029'45c1          Code  Wk  startup_cm7.o [31]
InitRamEcc              0x1029'35a7   0x100  Code  Lc  startup.o [31]
InitRamEccClearArea     0x1029'36a7    0x12  Code  Lc  startup.o [31]
MemManage_Handler       0x1029'47d9          Code  Wk  startup_cm7.o [31]
NMI_Handler             0x1029'47d5          Code  Wk  startup_cm7.o [31]
PendSV_Handler          0x1029'47e9          Code  Wk  startup_cm7.o [31]
Region$$Table$$Base     0x1029'45a0           --   Gb  - Linker created -
Region$$Table$$Limit    0x1029'45c0           --   Gb  - Linker created -
Reset_Handler           0x1029'3c99          Code  Wk  startup_cm7.o [31]
SVC_Handler             0x1029'4689          Code  Wk  startup_cm7.o [31]
Startup_Init            0x1029'3519    0x8e  Code  Gb  startup.o [31]
SysTick_Handler         0x1029'47ed          Code  Wk  startup_cm7.o [31]
SystemCoreClock         0x2809'c234     0x4  Data  Gb  system_tviibh4m_cm7.o [22]
SystemCoreClockUpdate   0x1029'3779    0x94  Code  Gb  system_tviibh4m_cm7.o [22]
SystemInit              0x1029'371d    0x5c  Code  Gb  system_tviibh4m_cm7.o [22]
UsageFault_Handler      0x1029'47e1          Code  Wk  startup_cm7.o [31]
_LC                     0x1029'0c9d     0x6  Code  Lc  xprintffull_nomb.o [50]
_LitobFullNoMb          0x1029'1969   0x114  Code  Lc  xprintffull_nomb.o [50]
_PrintfFullNoMb         0x1029'0ca3   0xc98  Code  Gb  xprintffull_nomb.o [50]
_PutcharsFullNoMb       0x1029'1ad5    0x2e  Code  Lc  xprintffull_nomb.o [50]
_SProut                 0x1028'd27b     0xa  Code  Gb  xsprout.o [50]
__NVIC_ClearPendingIRQ  0x1029'3b01    0x1c  Code  Lc  cy_interrupt_map.o [23]
__NVIC_ClearPendingIRQ  0x1028'f0ed    0x1c  Code  Lc  zf_common_interrupt.o [46]
__NVIC_EnableIRQ        0x1028'f0d1    0x1c  Code  Lc  zf_common_interrupt.o [46]
__NVIC_SetPriority      0x1028'f109    0x24  Code  Lc  zf_common_interrupt.o [46]
__Vectors               0x1028'0000           --   Gb  startup_cm7.o [31]
__Vectors_End           0x1028'0080          Data  Gb  startup_cm7.o [31]
__Vectors_Size {Abs}           0x80           --   Gb  startup_cm7.o [31]
__aeabi_cdcmple         0x1029'1cad          Code  Gb  DblCmpLe.o [51]
__aeabi_cdrcmple        0x1029'1ce1          Code  Gb  DblCmpGe.o [51]
__aeabi_d2iz            0x1029'1e19     0xe  Code  Gb  DblToS32.o [51]
__aeabi_d2uiz           0x1029'1e59     0xe  Code  Gb  DblToU32.o [51]
__aeabi_ddiv            0x1029'1e47    0x12  Code  Gb  DblDiv.o [51]
__aeabi_dmul            0x1029'1e75    0x12  Code  Gb  DblMul.o [51]
__aeabi_dsub            0x1029'1e35    0x12  Code  Gb  DblSub.o [51]
__aeabi_i2d             0x1029'1e27     0xe  Code  Gb  S32ToDbl.o [51]
__aeabi_ldiv0           0x1029'20b9          Code  Gb  I64DivZer.o [52]
__aeabi_memcpy          0x1028'd285          Code  Gb  ABImemcpy.o [52]
__aeabi_memcpy4         0x1028'd2a5          Code  Gb  ABImemcpy.o [52]
__aeabi_memcpy8         0x1028'd2a5          Code  Gb  ABImemcpy.o [52]
__aeabi_memset          0x1028'd215          Code  Gb  ABImemset.o [52]
__aeabi_ui2d            0x1029'1e67     0xe  Code  Gb  U32ToDbl.o [51]
__aeabi_uldivmod        0x1029'1e89          Code  Gb  I64DivMod.o [52]
__basic_free            0x1029'0b35    0x16  Code  Gb  heap0.o [50]
__basic_free_intern     0x1029'0b4b    0x74  Code  Lc  heap0.o [50]
__basic_malloc          0x1029'0a89    0x18  Code  Gb  heap0.o [50]
__basic_malloc_intern   0x1029'0aa1    0x94  Code  Lc  heap0.o [50]
__cmain                 0x1029'4601          Code  Gb  cmain.o [52]
__data_GetMemChunk      0x1029'1b4d    0x2c  Code  Gb  xgetmemchunk.o [50]
__data_GetMemChunk::start
                        0x2809'c27c     0x4  Data  Lc  xgetmemchunk.o [50]
__ecc_init_dtcm_end_address {Abs}
                        0x2000'3fff          Data  Gb  <internal module>
__ecc_init_dtcm_start_address {Abs}
                        0x2000'0000          Data  Gb  <internal module>
__ecc_init_itcm_end_address {Abs}
                             0x3fff          Data  Gb  <internal module>
__ecc_init_itcm_start_address {Abs}
                                0x0          Data  Gb  <internal module>
__ecc_init_sram_end_address {Abs}
                        0x280b'ffff          Data  Gb  <internal module>
__ecc_init_sram_start_address {Abs}
                        0x2808'0000          Data  Gb  <internal module>
__exit                  0x1029'1b79    0x14  Code  Gb  exit.o [53]
__iar_Fail_s            0x1029'1ba5    0x1c  Code  Gb  xfail_s.o [50]
__iar_Memchr            0x1029'1be5          Code  Gb  memchr.o [52]
__iar_Memset            0x1028'd215          Code  Gb  ABImemset.o [52]
__iar_Memset_word       0x1028'd21d          Code  Gb  ABImemset.o [52]
__iar_Strchr            0x1029'1b8d          Code  Gb  strchr.o [52]
__iar_data_init3        0x1029'4555    0x28  Code  Gb  data_init.o [52]
__iar_frexp             0x1029'1c49          Code  Gb  frexp.o [51]
__iar_frexpl            0x1029'1c49          Code  Gb  frexp.o [51]
__iar_init_vfp          0x1029'457d          Code  Gb  fpinit_M.o [51]
__iar_ldexp64           0x1029'1d29          Code  Gb  ldexp.o [51]
__iar_lz77_init_single3
                        0x1028'd197    0x7e  Code  Gb  lz77_init_single.o [52]
__iar_program_start     0x1029'46a5          Code  Gb  cstartup_M.o [52]
__iar_scalbln64         0x1029'1d29          Code  Gb  ldexp.o [51]
__iar_scalbn64          0x1029'1d29          Code  Gb  ldexp.o [51]
__iar_softfp___iar_frexp64
                        0x1029'1c3d          Code  Gb  frexp.o [51]
__iar_softfp___iar_ldexp64
                        0x1029'1d15          Code  Gb  ldexp.o [51]
__iar_softfp___iar_scalbln64
                        0x1029'1d15          Code  Gb  ldexp.o [51]
__iar_softfp___iar_scalbn64
                        0x1029'1d15          Code  Gb  ldexp.o [51]
__iar_softfp_frexp      0x1029'1c3d          Code  Gb  frexp.o [51]
__iar_softfp_frexpl     0x1029'1c3d          Code  Gb  frexp.o [51]
__iar_softfp_ldexp      0x1029'1d15          Code  Gb  ldexp.o [51]
__iar_softfp_ldexpl     0x1029'1d15          Code  Gb  ldexp.o [51]
__iar_softfp_scalbln    0x1029'1d15          Code  Gb  ldexp.o [51]
__iar_softfp_scalblnl   0x1029'1d15          Code  Gb  ldexp.o [51]
__iar_softfp_scalbn     0x1029'1d15          Code  Gb  ldexp.o [51]
__iar_softfp_scalbnl    0x1029'1d15          Code  Gb  ldexp.o [51]
__iar_sqrt32            0x1028'd179          Code  Gb  sqrtf.o [51]
__iar_vla_alloc2        0x1028'eab5    0x12  Code  Gb  vla_alloc.o [50]
__iar_vla_dealloc2      0x1028'eac7     0x4  Code  Gb  vla_alloc.o [50]
__iar_zero_init3        0x1029'44f5    0x38  Code  Gb  zero_init3.o [52]
__low_level_init        0x1029'4621          Code  Gb  startup_cm7.o [31]
__ramVectors            0x2809'c300          Data  Gb  startup_cm7.o [31]
__vector_table          0x1028'0000          Data  Gb  startup_cm7.o [31]
__vector_table_0x1c     0x1028'001c          Data  Gb  startup_cm7.o [31]
_call_main              0x1029'460d          Code  Gb  cmain.o [52]
_exit                   0x1029'4661          Code  Gb  cexit.o [52]
abort                   0x1029'0bc5     0x6  Code  Gb  abort.o [50]
ascii_font_6x8          0x1029'32f0   0x228  Data  Gb  zf_common_font.o [46]
ascii_font_8x16         0x1029'2ac0   0x5f0  Data  Gb  zf_common_font.o [46]
assert_interrupt_config
                        0x1028'f165     0xc  Code  Gb  zf_common_interrupt.o [46]
ble6a20_fifo            0x2809'c194    0x18  Data  Lc  zf_device_ble6a20.o [48]
ble6a20_read_buffer     0x1029'3dad    0x2c  Code  Gb  zf_device_ble6a20.o [48]
ble6a20_send_buffer     0x1029'3d49    0x64  Code  Gb  zf_device_ble6a20.o [48]
camera_finish_callback  0x1028'd82d    0x54  Code  Gb  zf_device_mt9v03x.o [48]
clock_init              0x1029'4645    0x16  Code  Gb  zf_common_clock.o [46]
cs_pin_save             0x2809'c264     0x4  Data  Gb  zf_driver_spi.o [49]
[...]
ips114_set_region       0x1028'c4a3   0x1b0  Code  Lc  zf_device_ips114.o [48]
ips114_show_char        0x1028'caa1   0x1f4  Code  Gb  zf_device_ips114.o [48]
ips114_show_gray_image  0x1028'cd59   0x158  Code  Gb  zf_device_ips114.o [48]
ips114_show_string      0x1028'cc95    0xaa  Code  Gb  zf_device_ips114.o [48]
ips114_width_max        0x2808'074c     0x2  Data  Gb  zf_device_ips114.o [48]
ips114_write_index      0x1028'c485    0x1e  Code  Lc  zf_device_ips114.o [48]
ldexp                   0x1029'1d29          Code  Gb  ldexp.o [51]
ldexpl                  0x1029'1d29          Code  Gb  ldexp.o [51]
lut_mapX                0x1028'0080  0x5820  Data  Gb  fisheye_lut.o [5]
lut_mapY                0x1028'58a0  0x5820  Data  Gb  fisheye_lut.o [5]
main                    0x1029'4625    0x1c  Code  Gb  main_cm7_1.o [45]
memchr                  0x1029'1be5          Code  Gb  memchr.o [52]
mt9v03x_auto_exp        0x2809'c270     0x4  Data  Lc  zf_device_config_mt9v03x.o [54]
mt9v03x_exp_time        0x2809'c274     0x4  Data  Lc  zf_device_config_mt9v03x.o [54]
mt9v03x_finish_flag     0x2809'c28d     0x1  Data  Gb  zf_device_mt9v03x.o [48]
mt9v03x_frame_timestamp_us
                        0x2809'c25c     0x4  Data  Gb  zf_device_mt9v03x.o [48]
mt9v03x_h_blank         0x2809'c26c     0x4  Data  Lc  zf_device_config_mt9v03x.o [54]
mt9v03x_h_num           0x2800'6bf0     0x2  Data  Wk  zf_device_mt9v03x.o [48]
mt9v03x_iic_inf_struct  0x2809'c208    0x10  Data  Lc  zf_device_config_mt9v03x.o [54]
mt9v03x_image           0x2809'67dc  0x5820  Data  Gb  zf_device_mt9v03x.o [48]
mt9v03x_image_temp      0x2802'6024  0x5820  Data  Wk  zf_device_mt9v03x.o [48]
mt9v03x_init            0x1028'd98b   0x112  Code  Gb  zf_device_mt9v03x.o [48]
mt9v03x_read_word_sccb  0x1028'f879    0x28  Code  Lc  zf_device_config_mt9v03x.o [54]
mt9v03x_row             0x2809'c278     0x4  Data  Lc  zf_device_config_mt9v03x.o [54]
mt9v03x_sccb_check_id   0x1028'f8a1    0x60  Code  Gb  zf_device_config_mt9v03x.o [54]
mt9v03x_sccb_init       0x1028'd931    0x5a  Code  Gb  zf_device_mt9v03x.o [48]
mt9v03x_sccb_set_config
                        0x1028'f901   0x6f8  Code  Gb  zf_device_config_mt9v03x.o [54]
mt9v03x_timestamp_source
                        0x2809'c260     0x4  Data  Lc  zf_device_mt9v03x.o [48]
mt9v03x_trig_init       0x1028'd881    0xb0  Code  Lc  zf_device_mt9v03x.o [48]
mt9v03x_v_blank         0x2809'c268     0x4  Data  Lc  zf_device_config_mt9v03x.o [54]
mt9v03x_w_num           0x2800'6bf2     0x2  Data  Wk  zf_device_mt9v03x.o [48]
mt9v03x_write_and_check_word_sccb
                        0x1028'f7e7    0x92  Code  Lc  zf_device_config_mt9v03x.o [54]
mt9v03x_write_word_sccb
                        0x1028'f7bd    0x2a  Code  Lc  zf_device_config_mt9v03x.o [54]
perfect_proportion      0x2809'c28e     0x1  Data  Lc  zf_device_mt9v03x.o [48]
pwm_all_channel_close   0x1029'0bd1    0x1a  Code  Gb  zf_driver_pwm.o [49]
scalbln                 0x1029'1d29          Code  Gb  ldexp.o [51]
scalblnl                0x1029'1d29          Code  Gb  ldexp.o [51]
scalbn                  0x1029'1d29          Code  Gb  ldexp.o [51]
scalbnl                 0x1029'1d29          Code  Gb  ldexp.o [51]
scale                   0x1029'1a7d    0x46  Code  Lc  xprintffull_nomb.o [50]
scb_module              0x2808'0728    0x1c  Data  Gb  zf_driver_uart.o [49]
sec_hand                0x2809'c280     0x4  Data  Lc  xfail_s.o [50]
seekfree_assistant_camera_buffer
                        0x2809'c100    0x4c  Data  Lc  seekfree_assistant.o [47]
seekfree_assistant_camera_data
                        0x2809'c218     0x8  Data  Lc  seekfree_assistant.o [47]
seekfree_assistant_camera_data_send
                        0x1028'd559    0x88  Code  Gb  seekfree_assistant.o [47]
seekfree_assistant_camera_dot_data
                        0x2809'c220     0x8  Data  Lc  seekfree_assistant.o [47]
seekfree_assistant_camera_dot_send
                        0x1028'd5e1    0x6e  Code  Gb  seekfree_assistant.o [47]
seekfree_assistant_camera_information_config
                        0x1028'd64f    0x1e  Code  Gb  seekfree_assistant.o [47]
seekfree_assistant_camera_send
                        0x1028'd66d    0x42  Code  Gb  seekfree_assistant.o [47]
seekfree_assistant_interface_init
                        0x1028'd4c5    0x94  Code  Wk  seekfree_assistant_interface.o [47]
seekfree_assistant_receive
                        0x1029'47d1     0x4  Code  Wk  seekfree_assistant_interface.o [47]
seekfree_assistant_receive_callback
                        0x2808'06f4     0x4  Data  Gb  seekfree_assistant.o [47]
seekfree_assistant_transfer
                        0x1029'47cd     0x4  Code  Wk  seekfree_assistant_interface.o [47]
seekfree_assistant_transfer_callback
                        0x2808'06f0     0x4  Data  Gb  seekfree_assistant.o [47]
soft_iic_init           0x1028'f741    0x78  Code  Gb  zf_driver_soft_iic.o [49]
soft_iic_read_data      0x1028'f56b   0x10e  Code  Lc  zf_driver_soft_iic.o [49]
soft_iic_sccb_read_register
                        0x1028'f6d5    0x6c  Code  Gb  zf_driver_soft_iic.o [49]
soft_iic_sccb_write_register
                        0x1028'f685    0x4c  Code  Gb  zf_driver_soft_iic.o [49]
soft_iic_send_ack       0x1028'f2fd    0xc6  Code  Lc  zf_driver_soft_iic.o [49]
soft_iic_send_data      0x1028'f493    0xd8  Code  Lc  zf_driver_soft_iic.o [49]
soft_iic_start          0x1028'f1c1    0x9e  Code  Lc  zf_driver_soft_iic.o [49]
soft_iic_stop           0x1028'f25f    0x9e  Code  Lc  zf_driver_soft_iic.o [49]
soft_iic_wait_ack       0x1028'f3c3    0xd0  Code  Lc  zf_driver_soft_iic.o [49]
spi_get_clk_hsiom       0x1028'de4d    0x28  Code  Lc  zf_driver_spi.o [49]
spi_get_clk_pin         0x1028'dd91    0x28  Code  Lc  zf_driver_spi.o [49]
spi_get_cs_hsiom        0x1028'dec5    0x44  Code  Lc  zf_driver_spi.o [49]
spi_get_cs_pin          0x1028'de09    0x44  Code  Lc  zf_driver_spi.o [49]
spi_get_miso_hsiom      0x1028'de9d    0x28  Code  Lc  zf_driver_spi.o [49]
spi_get_miso_pin        0x1028'dde1    0x28  Code  Lc  zf_driver_spi.o [49]
spi_get_mosi_hsiom      0x1028'de75    0x28  Code  Lc  zf_driver_spi.o [49]
spi_get_mosi_pin        0x1028'ddb9    0x28  Code  Lc  zf_driver_spi.o [49]
spi_init                0x1028'e3f7   0x2b2  Code  Gb  zf_driver_spi.o [49]
spi_module              0x2808'0718    0x10  Data  Gb  zf_driver_spi.o [49]
spi_transfer_8bit       0x1028'e31d    0xda  Code  Gb  zf_driver_spi.o [49]
spi_write_16bit         0x1028'e1a5    0xaa  Code  Gb  zf_driver_spi.o [49]
spi_write_16bit_array   0x1028'e24f    0xb6  Code  Gb  zf_driver_spi.o [49]
spi_write_8bit          0x1028'e045    0xaa  Code  Gb  zf_driver_spi.o [49]
spi_write_8bit_array    0x1028'e0ef    0xb6  Code  Gb  zf_driver_spi.o [49]
sprintf                 0x1029'0475    0x40  Code  Gb  sprintf.o [50]
sqrtf                   0x1028'd179          Code  Gb  sqrtf.o [51]
strchr                  0x1029'1b8d          Code  Gb  strchr.o [52]
strlen                  0x1029'043d          Code  Gb  strlen.o [52]
strncpy                 0x1029'29a5          Code  Gb  strncpy.o [52]
strstr                  0x1029'3a49    0x2c  Code  Gb  strstr.o [50]
switch_transition_length
                        0x1028'df09   0x13c  Code  Lc  zf_driver_spi.o [49]
system_clock            0x2809'c254     0x4  Data  Gb  zf_common_clock.o [46]
system_delay_init       0x1028'ee61    0xa6  Code  Gb  zf_driver_delay.o [49]
system_delay_ms         0x1028'ee03    0x5e  Code  Gb  zf_driver_delay.o [49]
system_delay_us         0x1028'edad    0x56  Code  Gb  zf_driver_delay.o [49]
threshold_fixed         0x1028'daf1    0x5e  Code  Gb  image.o [5]
timer_ch                0x2808'0759     0x1  Data  Lc  zf_driver_delay.o [49]
uart_write_buffer       0x1029'03fd    0x1e  Code  Gb  zf_driver_uart.o [49]
uart_write_byte         0x1029'03d5    0x28  Code  Gb  zf_driver_uart.o [49]
uart_write_string       0x1029'041b    0x1c  Code  Gb  zf_driver_uart.o [49]
vision_attitude_mailbox
                        0x2800'1200    0x20  Data  Lc  vision_shared.o [5]
vision_attitude_shared_read
                        0x1028'd3a3    0x7a  Code  Gb  vision_shared.o [5]
vision_display_clamp_x  0x1028'b203    0x12  Code  Lc  vision_worker.o [5]
vision_display_clamp_y  0x1028'b215    0x12  Code  Lc  vision_worker.o [5]
vision_shared_copy_to_volatile
                        0x1028'd32d    0x14  Code  Lc  vision_shared.o [5]
vision_shared_mailbox   0x2800'1000   0x160  Data  Lc  vision_shared.o [5]
vision_shared_publish   0x1028'd41d    0x8e  Code  Gb  vision_shared.o [5]
vision_shared_writer_init
                        0x1028'd341    0x62  Code  Gb  vision_shared.o [5]
vision_worker_display   0x1028'b227   0x14e  Code  Lc  vision_worker.o [5]
vision_worker_init      0x1028'c311    0x6c  Code  Gb  vision_worker.o [5]
vision_worker_process   0x1028'c37d    0xa2  Code  Gb  vision_worker.o [5]
wifi_spi_fifo           0x2809'c1ac    0x18  Data  Lc  zf_device_wifi_spi.o [48]
wifi_spi_mutex          0x2809'c28f     0x1  Data  Lc  zf_device_wifi_spi.o [48]
wifi_spi_read_buffer    0x1029'324d    0x90  Code  Gb  zf_device_wifi_spi.o [48]
wifi_spi_send_buffer    0x1029'3185    0xc8  Code  Gb  zf_device_wifi_spi.o [48]
wifi_spi_transfer_command
                        0x1029'30df    0x3a  Code  Lc  zf_device_wifi_spi.o [48]
wifi_spi_transfer_data  0x1029'3119    0x6c  Code  Lc  zf_device_wifi_spi.o [48]
wifi_spi_wait_idle      0x1029'30b1    0x2e  Code  Lc  zf_device_wifi_spi.o [48]
wifi_uart_clear_receive_buffer
                        0x1029'38eb     0xc  Code  Lc  zf_device_wifi_uart.o [48]
wifi_uart_fifo          0x2809'c1c4    0x18  Data  Lc  zf_device_wifi_uart.o [48]
wifi_uart_information   0x2809'bffc    0x94  Data  Gb  zf_device_wifi_uart.o [48]
wifi_uart_read_buffer   0x1029'39f9    0x2e  Code  Gb  zf_device_wifi_uart.o [48]
wifi_uart_send_buffer   0x1029'3901    0xf2  Code  Gb  zf_device_wifi_uart.o [48]
wifi_uart_wait_ack      0x1029'387d    0x6e  Code  Lc  zf_device_wifi_uart.o [48]
wireless_uart_fifo      0x2809'c1dc    0x18  Data  Lc  zf_device_wireless_uart.o [48]
wireless_uart_read_buffer
                        0x1029'4447    0x2c  Code  Gb  zf_device_wireless_uart.o [48]
wireless_uart_send_buffer
                        0x1029'4401    0x46  Code  Gb  zf_device_wireless_uart.o [48]
worker_base             0x2808'5f7c  0x5820  Data  Lc  vision_worker.o [5]
worker_base_score       0x1028'b415    0x48  Code  Lc  vision_worker.o [5]
worker_binary           0x2808'075c  0x5820  Data  Lc  vision_worker.o [5]
worker_binary_img       0x2808'0708    0x10  Data  Lc  vision_worker.o [5]
worker_components_near  0x1028'b4f7    0xb6  Code  Lc  vision_worker.o [5]
worker_detect           0x1028'bbdd   0x72a  Code  Lc  vision_worker.o [5]
worker_detect_ycar      0x1028'b5ad   0x606  Code  Lc  vision_worker.o [5]
worker_filter_x         0x2808'0748     0x2  Data  Lc  vision_worker.o [5]
worker_filter_y         0x2808'074a     0x2  Data  Lc  vision_worker.o [5]
worker_find             0x1028'b375    0x28  Code  Lc  vision_worker.o [5]
worker_frame_id         0x2809'c248     0x4  Data  Lc  vision_worker.o [5]
worker_insert_candidate
                        0x1028'b465    0x92  Code  Lc  vision_worker.o [5]
worker_labels           0x2809'0fbc  0x5820  Data  Lc  vision_worker.o [5]
worker_last_ycar_age    0x2808'0756     0x1  Data  Lc  vision_worker.o [5]
worker_last_ycar_x      0x2809'c284     0x2  Data  Lc  vision_worker.o [5]
worker_last_ycar_y      0x2809'c286     0x2  Data  Lc  vision_worker.o [5]
worker_prev_x           0x2808'0744     0x2  Data  Lc  vision_worker.o [5]
worker_prev_y           0x2808'0746     0x2  Data  Lc  vision_worker.o [5]
worker_remap            0x1028'b3db    0x38  Code  Lc  vision_worker.o [5]
worker_undistorted      0x2808'b79c  0x5820  Data  Lc  vision_worker.o [5]
worker_undistorted_img  0x2808'06f8    0x10  Data  Lc  vision_worker.o [5]
worker_union            0x1028'b39d    0x3e  Code  Lc  vision_worker.o [5]
worker_ycar_dir_valid   0x2809'c289     0x1  Data  Lc  vision_worker.o [5]
worker_ycar_hx          0x2809'c24c     0x4  Data  Lc  vision_worker.o [5]
worker_ycar_hy          0x2809'c250     0x4  Data  Lc  vision_worker.o [5]
zf_debug_assert_enable  0x2808'0757     0x1  Data  Lc  zf_common_debug.o [46]
zf_debug_init_flag      0x2809'c28a     0x1  Data  Lc  zf_common_debug.o [46]


[1] = E:\CYT4BB7_Library-master\CYT4BB7_Library-master\Seekfree_CYT4BB_Opensource_Library\project\iar\Debug_m7_1\Obj\adc_11722776235721520015.dir
[2] = E:\CYT4BB7_Library-master\CYT4BB7_Library-master\Seekfree_CYT4BB_Opensource_Library\project\iar\Debug_m7_1\Obj\audioss_1346650047966882938.dir
[3] = E:\CYT4BB7_Library-master\CYT4BB7_Library-master\Seekfree_CYT4BB_Opensource_Library\project\iar\Debug_m7_1\Obj\button_4990804375159372270.dir
[4] = E:\CYT4BB7_Library-master\CYT4BB7_Library-master\Seekfree_CYT4BB_Opensource_Library\project\iar\Debug_m7_1\Obj\canfd_1800690984773873875.dir
[5] = E:\CYT4BB7_Library-master\CYT4BB7_Library-master\Seekfree_CYT4BB_Opensource_Library\project\iar\Debug_m7_1\Obj\code_17896468042025673432.dir
[6] = E:\CYT4BB7_Library-master\CYT4BB7_Library-master\Seekfree_CYT4BB_Opensource_Library\project\iar\Debug_m7_1\Obj\cpu_15938736945165268644.dir
[7] = E:\CYT4BB7_Library-master\CYT4BB7_Library-master\Seekfree_CYT4BB_Opensource_Library\project\iar\Debug_m7_1\Obj\crypto_1190170608956581615.dir
[8] = E:\CYT4BB7_Library-master\CYT4BB7_Library-master\Seekfree_CYT4BB_Opensource_Library\project\iar\Debug_m7_1\Obj\dma_12106025507578611576.dir
[9] = E:\CYT4BB7_Library-master\CYT4BB7_Library-master\Seekfree_CYT4BB_Opensource_Library\project\iar\Debug_m7_1\Obj\eth_phy_18133017486186456677.dir
[10] = E:\CYT4BB7_Library-master\CYT4BB7_Library-master\Seekfree_CYT4BB_Opensource_Library\project\iar\Debug_m7_1\Obj\ethernet_6029839089178797009.dir
[11] = E:\CYT4BB7_Library-master\CYT4BB7_Library-master\Seekfree_CYT4BB_Opensource_Library\project\iar\Debug_m7_1\Obj\evtgen_3404189088603873129.dir
[12] = E:\CYT4BB7_Library-master\CYT4BB7_Library-master\Seekfree_CYT4BB_Opensource_Library\project\iar\Debug_m7_1\Obj\flash_8529866181315662935.dir
[13] = E:\CYT4BB7_Library-master\CYT4BB7_Library-master\Seekfree_CYT4BB_Opensource_Library\project\iar\Debug_m7_1\Obj\flash_864493325053435817.dir
[14] = E:\CYT4BB7_Library-master\CYT4BB7_Library-master\Seekfree_CYT4BB_Opensource_Library\project\iar\Debug_m7_1\Obj\gpio_3999404635324069351.dir
[15] = E:\CYT4BB7_Library-master\CYT4BB7_Library-master\Seekfree_CYT4BB_Opensource_Library\project\iar\Debug_m7_1\Obj\ipc_10145506163450686023.dir
[16] = E:\CYT4BB7_Library-master\CYT4BB7_Library-master\Seekfree_CYT4BB_Opensource_Library\project\iar\Debug_m7_1\Obj\lin_18429031207028094880.dir
[17] = E:\CYT4BB7_Library-master\CYT4BB7_Library-master\Seekfree_CYT4BB_Opensource_Library\project\iar\Debug_m7_1\Obj\lvd_6353935867039560245.dir
[18] = E:\CYT4BB7_Library-master\CYT4BB7_Library-master\Seekfree_CYT4BB_Opensource_Library\project\iar\Debug_m7_1\Obj\mcwdt_4052485907822033969.dir
[19] = E:\CYT4BB7_Library-master\CYT4BB7_Library-master\Seekfree_CYT4BB_Opensource_Library\project\iar\Debug_m7_1\Obj\mpu_5663187252346826382.dir
[20] = E:\CYT4BB7_Library-master\CYT4BB7_Library-master\Seekfree_CYT4BB_Opensource_Library\project\iar\Debug_m7_1\Obj\power_14453085144426420577.dir
[21] = E:\CYT4BB7_Library-master\CYT4BB7_Library-master\Seekfree_CYT4BB_Opensource_Library\project\iar\Debug_m7_1\Obj\prot_10722960861768657883.dir
[22] = E:\CYT4BB7_Library-master\CYT4BB7_Library-master\Seekfree_CYT4BB_Opensource_Library\project\iar\Debug_m7_1\Obj\rev_b_4986922561640112550.dir
[23] = E:\CYT4BB7_Library-master\CYT4BB7_Library-master\Seekfree_CYT4BB_Opensource_Library\project\iar\Debug_m7_1\Obj\rev_b_6162237342861132223.dir
[24] = E:\CYT4BB7_Library-master\CYT4BB7_Library-master\Seekfree_CYT4BB_Opensource_Library\project\iar\Debug_m7_1\Obj\scb_15490842639181808494.dir
[25] = E:\CYT4BB7_Library-master\CYT4BB7_Library-master\Seekfree_CYT4BB_Opensource_Library\project\iar\Debug_m7_1\Obj\sd_host_2982766354293506895.dir
[26] = E:\CYT4BB7_Library-master\CYT4BB7_Library-master\Seekfree_CYT4BB_Opensource_Library\project\iar\Debug_m7_1\Obj\semihosting_143864889731838620.dir
[27] = E:\CYT4BB7_Library-master\CYT4BB7_Library-master\Seekfree_CYT4BB_Opensource_Library\project\iar\Debug_m7_1\Obj\smartio_5451710003740070188.dir
[28] = E:\CYT4BB7_Library-master\CYT4BB7_Library-master\Seekfree_CYT4BB_Opensource_Library\project\iar\Debug_m7_1\Obj\smif_427648126384146252.dir
[29] = E:\CYT4BB7_Library-master\CYT4BB7_Library-master\Seekfree_CYT4BB_Opensource_Library\project\iar\Debug_m7_1\Obj\smif_mem_6470536964353725183.dir
[30] = E:\CYT4BB7_Library-master\CYT4BB7_Library-master\Seekfree_CYT4BB_Opensource_Library\project\iar\Debug_m7_1\Obj\srom_13018798572330080582.dir
[31] = E:\CYT4BB7_Library-master\CYT4BB7_Library-master\Seekfree_CYT4BB_Opensource_Library\project\iar\Debug_m7_1\Obj\startup_479057977785470282.dir
[32] = E:\CYT4BB7_Library-master\CYT4BB7_Library-master\Seekfree_CYT4BB_Opensource_Library\project\iar\Debug_m7_1\Obj\sw_timer_4215635015939382130.dir
[33] = E:\CYT4BB7_Library-master\CYT4BB7_Library-master\Seekfree_CYT4BB_Opensource_Library\project\iar\Debug_m7_1\Obj\sysclk_16149231235676103872.dir
[34] = E:\CYT4BB7_Library-master\CYT4BB7_Library-master\Seekfree_CYT4BB_Opensource_Library\project\iar\Debug_m7_1\Obj\sysflt_12293435975120599261.dir
[35] = E:\CYT4BB7_Library-master\CYT4BB7_Library-master\Seekfree_CYT4BB_Opensource_Library\project\iar\Debug_m7_1\Obj\sysint_7435970359207984181.dir
[36] = E:\CYT4BB7_Library-master\CYT4BB7_Library-master\Seekfree_CYT4BB_Opensource_Library\project\iar\Debug_m7_1\Obj\syslib_16330585751512546975.dir
[37] = E:\CYT4BB7_Library-master\CYT4BB7_Library-master\Seekfree_CYT4BB_Opensource_Library\project\iar\Debug_m7_1\Obj\syspm_10887939769544754770.dir
[38] = E:\CYT4BB7_Library-master\CYT4BB7_Library-master\Seekfree_CYT4BB_Opensource_Library\project\iar\Debug_m7_1\Obj\sysreghc_17676636058511625587.dir
[39] = E:\CYT4BB7_Library-master\CYT4BB7_Library-master\Seekfree_CYT4BB_Opensource_Library\project\iar\Debug_m7_1\Obj\sysreset_14586141425677365288.dir
[40] = E:\CYT4BB7_Library-master\CYT4BB7_Library-master\Seekfree_CYT4BB_Opensource_Library\project\iar\Debug_m7_1\Obj\sysrtc_10747768817563771611.dir
[41] = E:\CYT4BB7_Library-master\CYT4BB7_Library-master\Seekfree_CYT4BB_Opensource_Library\project\iar\Debug_m7_1\Obj\systick_16016591671695740695.dir
[42] = E:\CYT4BB7_Library-master\CYT4BB7_Library-master\Seekfree_CYT4BB_Opensource_Library\project\iar\Debug_m7_1\Obj\syswdt_9118657615806274156.dir
[43] = E:\CYT4BB7_Library-master\CYT4BB7_Library-master\Seekfree_CYT4BB_Opensource_Library\project\iar\Debug_m7_1\Obj\tcpwm_422923530147891246.dir
[44] = E:\CYT4BB7_Library-master\CYT4BB7_Library-master\Seekfree_CYT4BB_Opensource_Library\project\iar\Debug_m7_1\Obj\trigmux_9729677290734583340.dir
[45] = E:\CYT4BB7_Library-master\CYT4BB7_Library-master\Seekfree_CYT4BB_Opensource_Library\project\iar\Debug_m7_1\Obj\user_8514941877209965082.dir
[46] = E:\CYT4BB7_Library-master\CYT4BB7_Library-master\Seekfree_CYT4BB_Opensource_Library\project\iar\Debug_m7_1\Obj\zf_common_1201165462030747823.dir
[47] = E:\CYT4BB7_Library-master\CYT4BB7_Library-master\Seekfree_CYT4BB_Opensource_Library\project\iar\Debug_m7_1\Obj\zf_components_14936052685886095442.dir
[48] = E:\CYT4BB7_Library-master\CYT4BB7_Library-master\Seekfree_CYT4BB_Opensource_Library\project\iar\Debug_m7_1\Obj\zf_device_6570275422786408770.dir
[49] = E:\CYT4BB7_Library-master\CYT4BB7_Library-master\Seekfree_CYT4BB_Opensource_Library\project\iar\Debug_m7_1\Obj\zf_driver_11922370083829174090.dir
[50] = dl7M_tln.a
[51] = m7M_tlv.a
[52] = rt7M_tl.a
[53] = shb_l.a
[54] = zf_device_config.a

   34'742 bytes of readonly  code memory
   49'352 bytes of readonly  data memory
  124'686 bytes of readwrite data memory (+ 22'948 absolute)

Errors: none
Warnings: none
